./gradlew : WARNING: A restricted method in 
java.lang.System has been called
At line:1 char:1
+ ./gradlew 
:lemuroid-app-ext-play:compileDebugKotlin 
:lemuroid-app:com ...
+ ~~~~~~~~~~~~~~~~~~~~~~~~~~~~~~~~~~~~~~~~~~
~~~~~~~~~~~~~~~~~~~~~~~~~~~
    + CategoryInfo          : NotSpecified: 
    (WARNING: A rest...has been called:Str  
  ing) [], RemoteException
    + FullyQualifiedErrorId : NativeCommand 
   Error
 
WARNING: java.lang.System::load has been 
called by net.rubygrapefruit.platform.intern
al.NativeLibraryLoader in an unnamed module 
(file:/C:/Users/luist/.gradle/wrapper/dists/
gradle-8.10.2-bin/a04bxjujx95o3nb99gddekhwo/
gradle-8.10.2/lib/native-platform-0.22-miles
tone-26.jar)
WARNING: Use 
--enable-native-access=ALL-UNNAMED to avoid 
a warning for callers in this module
WARNING: Restricted methods will be blocked 
in a future release unless native access is 
enabled

Calculating task graph as no cached configuration is available for tasks: :lemuroid-app-ext-play:compileDebugKotlin :lemuroid-app:compileFreeDynamicDebugKotlin
Kotlin does not yet support 24 JDK target, falling back to Kotlin JVM_21 JVM target
> Task :buildSrc:checkKotlinGradlePluginConfigurationErrors

> Task :buildSrc:compileKotlin UP-TO-DATE
Kotlin does not yet support 24 JDK target, falling back to Kotlin JVM_21 JVM target

> Task :buildSrc:compileJava NO-SOURCE
> Task :buildSrc:compileGroovy NO-SOURCE
> Task :buildSrc:pluginDescriptors UP-TO-DATE
> Task :buildSrc:processResources NO-SOURCE
> Task :buildSrc:classes UP-TO-DATE
> Task :buildSrc:jar UP-TO-DATE

> Configure project :baselineprofile
WARNING: The option 'android.enableD8.desugaring' is deprecated.
The current default is 'true'.
It was removed in version 7.0 of the Android Gradle plugin.
D8 desugaring is used by default, when applicable.
This version of the Baseline Profile Gradle Plugin was tested at most with the Android
Gradle Plugin version Android Gradle Plugin version 8.3.0 and it may not work as intended.
Current version is Android Gradle Plugin version 8.7.1.

> Configure project :lemuroid-app
This version of the Baseline Profile Gradle Plugin was tested at most with the Android
Gradle Plugin version Android Gradle Plugin version 8.3.0 and it may not work as intended.
Current version is Android Gradle Plugin version 8.7.1.
This version of the Baseline Profile Gradle Plugin was tested at most with the Android
Gradle Plugin version Android Gradle Plugin version 8.3.0 and it may not work as intended.
Current version is Android Gradle Plugin version 8.7.1.

> Task :lemuroid-metadata-libretro-db:checkKotlinGradlePluginConfigurationErrors SKIPPED
> Task :lemuroid-app-ext-free:checkKotlinGradlePluginConfigurationErrors SKIPPED
> Task :lemuroid-touchinput:checkKotlinGradlePluginConfigurationErrors SKIPPED
> Task :lemuroid-metadata-libretro-db:preBuild UP-TO-DATE
> Task :lemuroid-app-ext-free:preBuild UP-TO-DATE
> Task :lemuroid-touchinput:preBuild UP-TO-DATE
> Task :retrograde-util:checkKotlinGradlePluginConfigurationErrors SKIPPED
> Task :lemuroid-app-ext-play:preBuild UP-TO-DATE
> Task :retrograde-app-shared:checkKotlinGradlePluginConfigurationErrors SKIPPED
> Task :lemuroid-app-ext-play:checkKotlinGradlePluginConfigurationErrors SKIPPED
> Task :lemuroid-app:preBuild UP-TO-DATE
> Task :retrograde-util:preBuild UP-TO-DATE
> Task :retrograde-app-shared:preBuild UP-TO-DATE
> Task :lemuroid-app-ext-free:preDebugBuild UP-TO-DATE
> Task :lemuroid-app:checkKotlinGradlePluginConfigurationErrors SKIPPED
> Task :lemuroid-app:preFreeDynamicDebugBuild UP-TO-DATE
> Task :retrograde-app-shared:preDebugBuild UP-TO-DATE
> Task :lemuroid-app-ext-play:preDebugBuild UP-TO-DATE
> Task :lemuroid-metadata-libretro-db:preDebugBuild UP-TO-DATE
> Task :lemuroid-touchinput:preDebugBuild UP-TO-DATE
> Task :retrograde-util:preDebugBuild UP-TO-DATE
> Task :lemuroid-app-ext-play:generateDebugResValues UP-TO-DATE
> Task :retrograde-util:generateDebugResValues UP-TO-DATE
> Task :lemuroid-app-ext-free:javaPreCompileDebug UP-TO-DATE
> Task :lemuroid-app-ext-free:generateDebugResValues UP-TO-DATE
> Task :retrograde-app-shared:generateDebugResValues UP-TO-DATE
> Task :lemuroid-app:generateSafeArgsFreeDynamicDebug UP-TO-DATE
> Task :retrograde-util:javaPreCompileDebug UP-TO-DATE
> Task :lemuroid-app-ext-free:writeDebugAarMetadata UP-TO-DATE
> Task :retrograde-app-shared:writeDebugAarMetadata UP-TO-DATE
> Task :lemuroid-metadata-libretro-db:writeDebugAarMetadata UP-TO-DATE
> Task :retrograde-app-shared:javaPreCompileDebug UP-TO-DATE
> Task :retrograde-util:writeDebugAarMetadata UP-TO-DATE
> Task :lemuroid-app-ext-free:processDebugManifest UP-TO-DATE
> Task :lemuroid-touchinput:javaPreCompileDebug UP-TO-DATE
> Task :lemuroid-touchinput:generateDebugResValues UP-TO-DATE
> Task :retrograde-app-shared:generateDebugResources UP-TO-DATE
> Task :retrograde-util:generateDebugResources UP-TO-DATE
> Task :lemuroid-touchinput:writeDebugAarMetadata UP-TO-DATE
> Task :lemuroid-app-ext-play:generateDebugResources UP-TO-DATE
> Task :lemuroid-app:generateFreeDynamicDebugBuildConfig UP-TO-DATE
> Task :lemuroid-app-ext-free:generateDebugResources UP-TO-DATE
> Task :lemuroid-touchinput:generateDebugResources UP-TO-DATE
> Task :lemuroid-metadata-libretro-db:processDebugManifest UP-TO-DATE
> Task :lemuroid-metadata-libretro-db:generateDebugResValues UP-TO-DATE
> Task :lemuroid-app-ext-free:extractDeepLinksDebug UP-TO-DATE
> Task :lemuroid-app:generateFreeDynamicDebugResValues UP-TO-DATE
> Task :retrograde-app-shared:extractDeepLinksDebug UP-TO-DATE
> Task :lemuroid-app:createFreeDynamicDebugCompatibleScreenManifests UP-TO-DATE
> Task :lemuroid-touchinput:extractDeepLinksDebug UP-TO-DATE
> Task :lemuroid-touchinput:processDebugManifest UP-TO-DATE
> Task :lemuroid-app-ext-play:packageDebugResources UP-TO-DATE
> Task :retrograde-app-shared:packageDebugResources UP-TO-DATE
> Task :retrograde-app-shared:processDebugManifest UP-TO-DATE
> Task :lemuroid-app-ext-free:packageDebugResources UP-TO-DATE
> Task :lemuroid-metadata-libretro-db:extractDeepLinksDebug UP-TO-DATE
> Task :lemuroid-metadata-libretro-db:generateDebugResources UP-TO-DATE
> Task :retrograde-util:extractDeepLinksDebug UP-TO-DATE
> Task :retrograde-util:processDebugManifest UP-TO-DATE
> Task :lemuroid-app:extractDeepLinksFreeDynamicDebug UP-TO-DATE
> Task :retrograde-util:packageDebugResources UP-TO-DATE
> Task :lemuroid-touchinput:packageDebugResources UP-TO-DATE
> Task :lemuroid-app:generateFreeDynamicDebugResources UP-TO-DATE
> Task :lemuroid-metadata-libretro-db:javaPreCompileDebug UP-TO-DATE
> Task :lemuroid-app-ext-free:compileDebugLibraryResources UP-TO-DATE
> Task :retrograde-app-shared:parseDebugLocalResources UP-TO-DATE
> Task :lemuroid-app-ext-free:parseDebugLocalResources UP-TO-DATE
> Task :retrograde-app-shared:compileDebugLibraryResources UP-TO-DATE
> Task :retrograde-util:parseDebugLocalResources UP-TO-DATE
> Task :lemuroid-touchinput:compileDebugLibraryResources UP-TO-DATE
> Task :retrograde-util:compileDebugLibraryResources UP-TO-DATE
> Task :lemuroid-app-ext-play:parseDebugLocalResources UP-TO-DATE
> Task :lemuroid-metadata-libretro-db:packageDebugResources UP-TO-DATE
> Task :retrograde-app-shared:generateDebugRFile UP-TO-DATE
> Task :lemuroid-touchinput:parseDebugLocalResources UP-TO-DATE
> Task :lemuroid-app-ext-free:generateDebugRFile UP-TO-DATE
> Task :lemuroid-app:packageFreeDynamicDebugResources UP-TO-DATE
> Task :retrograde-util:generateDebugRFile UP-TO-DATE
> Task :lemuroid-metadata-libretro-db:compileDebugLibraryResources UP-TO-DATE
> Task :lemuroid-touchinput:generateDebugRFile UP-TO-DATE
> Task :lemuroid-app-ext-play:generateDebugRFile UP-TO-DATE
> Task :lemuroid-app:checkFreeDynamicDebugAarMetadata UP-TO-DATE
> Task :lemuroid-metadata-libretro-db:parseDebugLocalResources UP-TO-DATE
> Task :lemuroid-app:parseFreeDynamicDebugLocalResources UP-TO-DATE
> Task :lemuroid-metadata-libretro-db:generateDebugRFile UP-TO-DATE
> Task :lemuroid-app:processFreeDynamicDebugMainManifest UP-TO-DATE
> Task :lemuroid-app:processFreeDynamicDebugManifest UP-TO-DATE
> Task :lemuroid-app:mapFreeDynamicDebugSourceSetPaths UP-TO-DATE
> Task :lemuroid-app:mergeFreeDynamicDebugResources UP-TO-DATE
> Task :lemuroid-app:processFreeDynamicDebugManifestForPackage UP-TO-DATE
> Task :retrograde-util:kaptGenerateStubsDebugKotlin UP-TO-DATE
> Task :retrograde-util:kaptDebugKotlin SKIPPED
> Task :retrograde-util:compileDebugKotlin UP-TO-DATE
> Task :retrograde-util:compileDebugJavaWithJavac NO-SOURCE
> Task :retrograde-util:bundleLibCompileToJarDebug UP-TO-DATE
> Task :lemuroid-app:processFreeDynamicDebugResources UP-TO-DATE
> Task :lemuroid-touchinput:kaptGenerateStubsDebugKotlin UP-TO-DATE
> Task :lemuroid-touchinput:kaptDebugKotlin UP-TO-DATE
> Task :lemuroid-touchinput:compileDebugKotlin UP-TO-DATE
> Task :lemuroid-touchinput:compileDebugJavaWithJavac NO-SOURCE
> Task :lemuroid-touchinput:bundleLibCompileToJarDebug UP-TO-DATE
> Task :retrograde-app-shared:kaptGenerateStubsDebugKotlin UP-TO-DATE
> Task :retrograde-app-shared:kaptDebugKotlin UP-TO-DATE
> Task :retrograde-app-shared:compileDebugKotlin UP-TO-DATE
> Task :retrograde-app-shared:compileDebugJavaWithJavac UP-TO-DATE
> Task :retrograde-app-shared:bundleLibCompileToJarDebug UP-TO-DATE
> Task :lemuroid-app-ext-free:kaptGenerateStubsDebugKotlin UP-TO-DATE
> Task :lemuroid-app-ext-free:kaptDebugKotlin SKIPPED
> Task :lemuroid-metadata-libretro-db:kaptGenerateStubsDebugKotlin UP-TO-DATE
> Task :lemuroid-app-ext-free:compileDebugKotlin UP-TO-DATE
> Task :lemuroid-app-ext-free:compileDebugJavaWithJavac NO-SOURCE
> Task :lemuroid-app-ext-free:bundleLibCompileToJarDebug UP-TO-DATE
> Task :lemuroid-app-ext-play:kaptGenerateStubsDebugKotlin UP-TO-DATE
> Task :lemuroid-metadata-libretro-db:kaptDebugKotlin UP-TO-DATE
> Task :lemuroid-metadata-libretro-db:compileDebugKotlin UP-TO-DATE
> Task :lemuroid-metadata-libretro-db:compileDebugJavaWithJavac UP-TO-DATE
> Task :lemuroid-metadata-libretro-db:bundleLibCompileToJarDebug UP-TO-DATE
> Task :lemuroid-app-ext-play:kaptDebugKotlin UP-TO-DATE
> Task :lemuroid-app-ext-play:compileDebugKotlin UP-TO-DATE
> Task :lemuroid-app:kaptGenerateStubsFreeDynamicDebugKotlin UP-TO-DATE
> Task :lemuroid-app:kaptFreeDynamicDebugKotlin UP-TO-DATE

> Task :lemuroid-app:compileFreeDynamicDebugKotlin FAILED
e: file:///E:/projects/lemuroid/Lemuroid/lem
uroid-app/src/main/java/com/swordfish/lemuro
id/app/mobile/feature/gamemenu/coreoptions/G
ameMenuCoreOptionsScreen.kt:113:42 Only 
safe (?.) or non-null asserted (!!.) calls 
are allowed on a nullable receiver of type '
java.util.ArrayList<com.swordfish.lemuroid.l
ib.controller.ControllerConfig>?'.
e: file:///E:/projects/lemuroid/Lemuroid/lem
uroid-app/src/main/java/com/swordfish/lemuro
id/app/mobile/feature/gamemenu/coreoptions/G
ameMenuCoreOptionsScreen.kt:114:42 Only 
safe (?.) or non-null asserted (!!.) calls 
are allowed on a nullable receiver of type '
java.util.ArrayList<com.swordfish.lemuroid.l
ib.controller.ControllerConfig>?'.

FAILURE: Build failed with an exception.

* What went wrong:
Execution failed for task ':lemuroid-app:com
pileFreeDynamicDebugKotlin'.
> A failure occurred while executing org.jet
brains.kotlin.compilerRunner.GradleCompilerR
unnerWithWorkers$GradleKotlinCompilerWorkAct
ion
   > Compilation error. See log for more 
details

* Try:
> Run with --stacktrace option to get the 
stack trace.
> Run with --info or --debug option to get 
more log output.
> Run with --scan to get full insights.
> Get more help at https://help.gradle.org.

Deprecated Gradle features were used in this build, making it incompatible with Gradle 9.0.

You can use '--warning-mode all' to show the individual deprecation warnings and determine if they come from your own scripts or plugins.

For more on this, please refer to https://docs.gradle.org/8.10.2/userguide/command_line_interface.html#sec:command_line_warnings in the Gradle documentation.

100 actionable tasks: 2 executed, 98 up-to-date
Configuration cache entry stored.
BUILD FAILED in 10s
