--------- beginning of main
04-11 03:30:20.137  1719  3449 I EffectsFactory: Effect_Command(): self = 0xb40000744cb16640, cmdCode = 8
04-11 03:30:20.139  1719  3449 D DlbDapEffectContext: DapEffectContext[0xb40000760ca9e450] getDapParameter() outval size = 4, ret = 0
04-11 03:30:20.179  1730  1800 I HfLooper: moto_sensor LIGHT_SENSOR_LIGHT_1 lux = 0.000000, timestamp = 870239582165649 
04-11 03:30:20.180  1719  3449 I EffectsFactory: Effect_Command(): self = 0xb40000744cb16640, cmdCode = 8
04-11 03:30:20.180  1719  3449 D DlbDapEffectContext: DapEffectContext[0xb40000760ca9e450] getDapParameter() outval size = 4, ret = 0
04-11 03:30:20.226  1719  3449 I EffectsFactory: Effect_Command(): self = 0xb40000744cb16640, cmdCode = 8
04-11 03:30:20.227  1719  3449 D DlbDapEffectContext: DapEffectContext[0xb40000760ca9e450] getDapParameter() outval size = 4, ret = 0
04-11 03:30:20.264  1719  3449 I EffectsFactory: Effect_Command(): self = 0xb40000744cb16640, cmdCode = 8
04-11 03:30:20.265  1719  3449 D DlbDapEffectContext: DapEffectContext[0xb40000760ca9e450] getDapParameter() outval size = 4, ret = 0
04-11 03:30:20.278  1795  1795 I BufferQueueProducer: [c17f5f1 SurfaceView[com.swordfish.lemuroid.debug/com.swordfish.lemuroid.app.mobile.feature.game.GameActivity](BLAST)#94794](this:0xb400007e4fc3afa0,id:-1,api:0,p:-1,c:1795) queueBuffer: fps=59.99 dur=1000.19 max=17.31 min=16.07
04-11 03:30:20.285  1730  1800 I HfLooper: moto_sensor LIGHT_SENSOR_LIGHT_1 lux = 0.000000, timestamp = 870239691602024 
04-11 03:30:20.306  1719  3449 I EffectsFactory: Effect_Command(): self = 0xb40000744cb16640, cmdCode = 8
04-11 03:30:20.307  1719  3449 D DlbDapEffectContext: DapEffectContext[0xb40000760ca9e450] getDapParameter() outval size = 4, ret = 0
04-11 03:30:20.348  1719  3449 I EffectsFactory: Effect_Command(): self = 0xb40000744cb16640, cmdCode = 8
04-11 03:30:20.349  1719  3449 D DlbDapEffectContext: DapEffectContext[0xb40000760ca9e450] getDapParameter() outval size = 4, ret = 0
04-11 03:30:20.354  3052  3052 D InstantDataReceiver: receive device battery data:
04-11 03:30:20.354  3052  3052 D InstantDataReceiver: newLevel=99
04-11 03:30:20.354  3052  3052 D InstantDataReceiver: newScale=100
04-11 03:30:20.354  3052  3052 D InstantDataReceiver: newStatus=2
04-11 03:30:20.354  3052  3052 D InstantDataReceiver: instantData=InstantData(headsetBattery=-100, deviceBatteryLevel=99, deviceBatteryScale=100, deviceBatteryChargeStatus=2, weather=WidgetWeather(weatherIcon=7, temperature=59, celsius=true, minTemperature=58, maxTemperature=71, realFeelTemp=57, aqiIndex=18.0, isHasAlert=false, aqiLink=https://www.accuweather.com/pt/br/alto-da-gloria/2732352/air-quality-index/2732352?lang=pt-br&partner=motorolawidget, minuteCast=, cityName=Alto da Gl├│ria, state= Paran├í, country=Brasil, alertContent=, phrase=Nublado, weatherIconName=ic_weather_cloudy, todayHumidity=92%, todayPrecipitation=0 mm, todayWindSpeed=9,8 km/h, source=aw, isCurrentLocation=true, sunrise=, sunset=, uv=0))
04-11 03:30:20.354  3052  3052 D LockScreen_Plugin: onReceiveInstantData: InstantData(headsetBattery=-100, deviceBatteryLevel=99, deviceBatteryScale=100, deviceBatteryChargeStatus=2, weather=WidgetWeather(weatherIcon=7, temperature=59, celsius=true, minTemperature=58, maxTemperature=71, realFeelTemp=57, aqiIndex=18.0, isHasAlert=false, aqiLink=https://www.accuweather.com/pt/br/alto-da-gloria/2732352/air-quality-index/2732352?lang=pt-br&partner=motorolawidget, minuteCast=, cityName=Alto da Gl├│ria, state= Paran├í, country=Brasil, alertContent=, phrase=Nublado, weatherIconName=ic_weather_cloudy, todayHumidity=92%, todayPrecipitation=0 mm, todayWindSpeed=9,8 km/h, source=aw, isCurrentLocation=true, sunrise=, sunset=, uv=0)), []
--------- beginning of system
04-11 03:30:20.359  2387  2387 V UiModeManager: updateLocked: null action, mDockState=0, category=null
04-11 03:30:20.359  2387  2387 D UiModeManager: updateConfigurationLocked: mDockState=0; mCarMode=false; mNightMode=2; mNightModeCustomType=-1; uiMode=33
04-11 03:30:20.360  2387  2387 I WirelessBroadcastReceiver: onReceive, action: android.intent.action.BATTERY_CHANGED
04-11 03:30:20.365 17128 17138 I BackupLockScreenProvider: call: method = cache_latest_weather, arg = null, extras = Bundle[mParcelledData.dataSize=724]
04-11 03:30:20.366 17128 17138 D LockScreen_Utils: cacheLatestWeatherInfo: weatherJsonStr = {"alertContent":"","aqiIndex":18.0,"aqiLink":"https://www.accuweather.com/pt/br/alto-da-gloria/2732352/air-quality-index/2732352?lang\u003dpt-br\u0026partner\u003dmotorolawidget","celsius":true,"cityName":"Alto da Gl├│ria","country":"Brasil","isCurrentLocation":true,"isHasAlert":false,"maxTemperature":71,"minTemperature":58,"minuteCast":"","phrase":"Nublado","realFeelTemp":57,"source":"aw","state":" Paran├í","sunrise":"","sunset":"","temperature":59,"todayHumidity":"92%","todayPrecipitation":"0 mm","todayWindSpeed":"9,8 km/h","uv":0,"weatherIcon":7,"weatherIconName":"ic_weather_cloudy"}
04-11 03:30:20.366  2387  2997 D BackgroundInstallControlService: Package event received: 0
04-11 03:30:20.367  3052  3052 I LockScreen_Plugin: putCachedWeather: succeed ? true by Provider, WidgetWeather(weatherIcon=7, temperature=59, celsius=true, minTemperature=58, maxTemperature=71, realFeelTemp=57, aqiIndex=18.0, isHasAlert=false, aqiLink=https://www.accuweather.com/pt/br/alto-da-gloria/2732352/air-quality-index/2732352?lang=pt-br&partner=motorolawidget, minuteCast=, cityName=Alto da Gl├│ria, state= Paran├í, country=Brasil, alertContent=, phrase=Nublado, weatherIconName=ic_weather_cloudy, todayHumidity=92%, todayPrecipitation=0 mm, todayWindSpeed=9,8 km/h, source=aw, isCurrentLocation=true, sunrise=, sunset=, uv=0)
04-11 03:30:20.367  3052  3052 D LockScreen_Plugin: updateWidgetDataFields: updated - changes = [], WidgetData(widgetWeather=WidgetWeather(weatherIcon=7, temperature=59, celsius=true, minTemperature=58, maxTemperature=71, realFeelTemp=57, aqiIndex=18.0, isHasAlert=false, aqiLink=https://www.accuweather.com/pt/br/alto-da-gloria/2732352/air-quality-index/2732352?lang=pt-br&partner=motorolawidget, minuteCast=, cityName=Alto da Gl├│ria, state= Paran├í, country=Brasil, alertContent=, phrase=Nublado, weatherIconName=ic_weather_cloudy, todayHumidity=92%, todayPrecipitation=0 mm, todayWindSpeed=9,8 km/h, source=aw, isCurrentLocation=true, sunrise=, sunset=, uv=0), headsetBattery=-100, clockObject=null, deviceBatteryLevel=99, deviceBatteryScale=100, deviceChargeStatus=2)
04-11 03:30:20.367  3052  3052 D LockScreen_Plugin: refreshWidgetAndWeather: localed temperature = 15┬░
04-11 03:30:20.372  3052  4317 D PowerUI : can't show warning due to - plugged: true status unknown: false
04-11 03:30:20.394  1719  3449 I EffectsFactory: Effect_Command(): self = 0xb40000744cb16640, cmdCode = 8
04-11 03:30:20.395  1730  1800 I HfLooper: moto_sensor LIGHT_SENSOR_LIGHT_1 lux = 0.000000, timestamp = 870239802109033 
04-11 03:30:20.395  1719  3449 D DlbDapEffectContext: DapEffectContext[0xb40000760ca9e450] getDapParameter() outval size = 4, ret = 0
04-11 03:30:20.412  3313  3313 D SatelliteController: Satellite for carrier is not supported.
04-11 03:30:20.416  3313  3313 D SatelliteController: Satellite for carrier is not supported.
04-11 03:30:20.416  3313  3313 D SatelliteController: registerForSatelliteModemStateChanged: add Listeners for ModemState
04-11 03:30:20.417  3313  3313 E SatelliteController: registerForSatelliteModemStateChanged: mSatelliteSessionController is not initialized yet
04-11 03:30:20.436  1719  3449 I EffectsFactory: Effect_Command(): self = 0xb40000744cb16640, cmdCode = 8
04-11 03:30:20.437  1719  3449 D DlbDapEffectContext: DapEffectContext[0xb40000760ca9e450] getDapParameter() outval size = 4, ret = 0
04-11 03:30:20.478  1719  3449 I EffectsFactory: Effect_Command(): self = 0xb40000744cb16640, cmdCode = 8
04-11 03:30:20.479  1719  3449 D DlbDapEffectContext: DapEffectContext[0xb40000760ca9e450] getDapParameter() outval size = 4, ret = 0
04-11 03:30:20.507  1730  1800 I HfLooper: moto_sensor LIGHT_SENSOR_LIGHT_1 lux = 0.000000, timestamp = 870239912182644 
04-11 03:30:20.523  1719  3449 I EffectsFactory: Effect_Command(): self = 0xb40000744cb16640, cmdCode = 8
04-11 03:30:20.525  1719  3449 D DlbDapEffectContext: DapEffectContext[0xb40000760ca9e450] getDapParameter() outval size = 4, ret = 0
04-11 03:30:20.529  1759  1823 I libPerfCtl: xgfGetFPS pid:3052 fps:-1
04-11 03:30:20.529  1759  1823 I libPerfCtl: xgfGetFPS pid:28658 fps:60
04-11 03:30:20.565  1719  3449 I EffectsFactory: Effect_Command(): self = 0xb40000744cb16640, cmdCode = 8
04-11 03:30:20.566  1719  3449 D DlbDapEffectContext: DapEffectContext[0xb40000760ca9e450] getDapParameter() outval size = 4, ret = 0
04-11 03:30:20.609  1719  3449 I EffectsFactory: Effect_Command(): self = 0xb40000744cb16640, cmdCode = 8
04-11 03:30:20.611  1719  3449 D DlbDapEffectContext: DapEffectContext[0xb40000760ca9e450] getDapParameter() outval size = 4, ret = 0
04-11 03:30:20.615  1730  1800 I HfLooper: moto_sensor LIGHT_SENSOR_LIGHT_1 lux = 0.000000, timestamp = 870240021618947 
04-11 03:30:20.649  1719  3449 I EffectsFactory: Effect_Command(): self = 0xb40000744cb16640, cmdCode = 8
04-11 03:30:20.649  1719  3449 D DlbDapEffectContext: DapEffectContext[0xb40000760ca9e450] getDapParameter() outval size = 4, ret = 0
04-11 03:30:20.694  1719  3449 I EffectsFactory: Effect_Command(): self = 0xb40000744cb16640, cmdCode = 8
04-11 03:30:20.695  1719  3449 D DlbDapEffectContext: DapEffectContext[0xb40000760ca9e450] getDapParameter() outval size = 4, ret = 0
04-11 03:30:20.725  1730  1800 I HfLooper: moto_sensor LIGHT_SENSOR_LIGHT_1 lux = 0.000000, timestamp = 870240132184096 
04-11 03:30:20.734  1719  3449 I EffectsFactory: Effect_Command(): self = 0xb40000744cb16640, cmdCode = 8
04-11 03:30:20.735  1719  3449 D DlbDapEffectContext: DapEffectContext[0xb40000760ca9e450] getDapParameter() outval size = 4, ret = 0
04-11 03:30:20.778  1719  3449 I EffectsFactory: Effect_Command(): self = 0xb40000744cb16640, cmdCode = 8
04-11 03:30:20.779  1719  3449 D DlbDapEffectContext: DapEffectContext[0xb40000760ca9e450] getDapParameter() outval size = 4, ret = 0
04-11 03:30:20.791  1973  1973 W binder:1973_2: type=1400 audit(0.0:2536685): avc:  denied  { read } for  name="u:object_r:hwservicemanager_prop:s0" dev="tmpfs" ino=322 scontext=u:r:lbs_dbg_ext:s0 tcontext=u:object_r:hwservicemanager_prop:s0 tclass=file permissive=0
04-11 03:30:20.797  1973  1973 W lbs_dbg_ext: Waited for hwservicemanager.ready for a second, waiting another...
04-11 03:30:20.798  1973  1973 W libc    : Access denied finding property "hwservicemanager.disabled"
04-11 03:30:20.798  1973  1973 W libc    : Access denied finding property "hwservicemanager.ready"
04-11 03:30:20.798  1973  1973 W libc    : Access denied finding property "hwservicemanager.ready"
04-11 03:30:20.791  1973  1973 W binder:1973_2: type=1400 audit(0.0:2536686): avc:  denied  { read } for  name="u:object_r:hwservicemanager_prop:s0" dev="tmpfs" ino=322 scontext=u:r:lbs_dbg_ext:s0 tcontext=u:object_r:hwservicemanager_prop:s0 tclass=file permissive=0
04-11 03:30:20.791  1973  1973 W binder:1973_2: type=1400 audit(0.0:2536687): avc:  denied  { read } for  name="u:object_r:hwservicemanager_prop:s0" dev="tmpfs" ino=322 scontext=u:r:lbs_dbg_ext:s0 tcontext=u:object_r:hwservicemanager_prop:s0 tclass=file permissive=0
04-11 03:30:20.822  1719  3449 I EffectsFactory: Effect_Command(): self = 0xb40000744cb16640, cmdCode = 8
04-11 03:30:20.823  1719  3449 D DlbDapEffectContext: DapEffectContext[0xb40000760ca9e450] getDapParameter() outval size = 4, ret = 0
04-11 03:30:20.836  1730  1800 I HfLooper: moto_sensor LIGHT_SENSOR_LIGHT_1 lux = 0.000000, timestamp = 870240242169053 
04-11 03:30:20.861  1719  3449 I EffectsFactory: Effect_Command(): self = 0xb40000744cb16640, cmdCode = 8
04-11 03:30:20.862  1719  3449 D DlbDapEffectContext: DapEffectContext[0xb40000760ca9e450] getDapParameter() outval size = 4, ret = 0
04-11 03:30:20.862 10837 11132 D CmdCenter: - SquareBase: sPrevBatStatus: 2, status: 2
04-11 03:30:20.862 10837 11132 D CmdCenter: - SquareBase: sPrevBatteryPercent: 99 newPercent: 99
04-11 03:30:20.862 10837 11132 D CmdCenter: - SquareBase: sPrevPlugType: 2 plugType: 2
04-11 03:30:20.908  1719  3449 I EffectsFactory: Effect_Command(): self = 0xb40000744cb16640, cmdCode = 8
04-11 03:30:20.909  1719  3449 D DlbDapEffectContext: DapEffectContext[0xb40000760ca9e450] getDapParameter() outval size = 4, ret = 0
04-11 03:30:20.944  1730  1800 I HfLooper: moto_sensor LIGHT_SENSOR_LIGHT_1 lux = 0.000000, timestamp = 870240351605582 
04-11 03:30:20.947  1719  3449 I EffectsFactory: Effect_Command(): self = 0xb40000744cb16640, cmdCode = 8
04-11 03:30:20.948  1719  3449 D DlbDapEffectContext: DapEffectContext[0xb40000760ca9e450] getDapParameter() outval size = 4, ret = 0
04-11 03:30:20.993  1719  3449 I EffectsFactory: Effect_Command(): self = 0xb40000744cb16640, cmdCode = 8
04-11 03:30:20.994  1719  3449 D DlbDapEffectContext: DapEffectContext[0xb40000760ca9e450] getDapParameter() outval size = 4, ret = 0
04-11 03:30:21.033  1719  3449 I EffectsFactory: Effect_Command(): self = 0xb40000744cb16640, cmdCode = 8
04-11 03:30:21.034  1719  3449 D DlbDapEffectContext: DapEffectContext[0xb40000760ca9e450] getDapParameter() outval size = 4, ret = 0
04-11 03:30:21.056  1730  1800 I HfLooper: moto_sensor LIGHT_SENSOR_LIGHT_1 lux = 0.000000, timestamp = 870240462170591 
04-11 03:30:21.078  1719  3449 I EffectsFactory: Effect_Command(): self = 0xb40000744cb16640, cmdCode = 8
04-11 03:30:21.078  1719  3449 D DlbDapEffectContext: DapEffectContext[0xb40000760ca9e450] getDapParameter() outval size = 4, ret = 0
04-11 03:30:21.096  1726  1754 I hwcomposer: [HWCDisplay] [Display_0 (type:1, mode:2)] fps:60.009235,dur:1016.51,max:18.88,min:14.96  
04-11 03:30:21.119  1719  3449 I EffectsFactory: Effect_Command(): self = 0xb40000744cb16640, cmdCode = 8
04-11 03:30:21.120  1719  3449 D DlbDapEffectContext: DapEffectContext[0xb40000760ca9e450] getDapParameter() outval size = 4, ret = 0
04-11 03:30:21.162  1719  3449 I EffectsFactory: Effect_Command(): self = 0xb40000744cb16640, cmdCode = 8
04-11 03:30:21.163  1719  3449 D DlbDapEffectContext: DapEffectContext[0xb40000760ca9e450] getDapParameter() outval size = 4, ret = 0
04-11 03:30:21.165  1730  1800 I HfLooper: moto_sensor LIGHT_SENSOR_LIGHT_1 lux = 0.000000, timestamp = 870240571637278 
04-11 03:30:21.203  1719  3449 I EffectsFactory: Effect_Command(): self = 0xb40000744cb16640, cmdCode = 8
04-11 03:30:21.204  1719  3449 D DlbDapEffectContext: DapEffectContext[0xb40000760ca9e450] getDapParameter() outval size = 4, ret = 0
04-11 03:30:21.246  1719  3449 I EffectsFactory: Effect_Command(): self = 0xb40000744cb16640, cmdCode = 8
04-11 03:30:21.247  1719  3449 D DlbDapEffectContext: DapEffectContext[0xb40000760ca9e450] getDapParameter() outval size = 4, ret = 0
04-11 03:30:21.278  1730  1800 I HfLooper: moto_sensor LIGHT_SENSOR_LIGHT_1 lux = 0.000000, timestamp = 870240682113706 
04-11 03:30:21.292  1719  3449 I EffectsFactory: Effect_Command(): self = 0xb40000744cb16640, cmdCode = 8
04-11 03:30:21.293  1719  3449 D DlbDapEffectContext: DapEffectContext[0xb40000760ca9e450] getDapParameter() outval size = 4, ret = 0
04-11 03:30:21.294  1795  1795 I BufferQueueProducer: [c17f5f1 SurfaceView[com.swordfish.lemuroid.debug/com.swordfish.lemuroid.app.mobile.feature.game.GameActivity](BLAST)#94794](this:0xb400007e4fc3afa0,id:-1,api:0,p:-1,c:1795) queueBuffer: fps=60.00 dur=1016.67 max=17.61 min=15.24
04-11 03:30:21.329  8112 28990 I NearbyMediums: No BLE Fast/GATT advertisements found in the latest cycle.
04-11 03:30:21.329  8112 28990 I NearbyMediums: Current Tracked Scanning Clients are : {NearbyConnections.EnvironmentMonitor, NearbySharing, NearbyConnections.TxAdvertisement}
04-11 03:30:21.332  1719  3449 I EffectsFactory: Effect_Command(): self = 0xb40000744cb16640, cmdCode = 8
04-11 03:30:21.332  1719  3449 D DlbDapEffectContext: DapEffectContext[0xb40000760ca9e450] getDapParameter() outval size = 4, ret = 0
04-11 03:30:21.377  1719  3449 I EffectsFactory: Effect_Command(): self = 0xb40000744cb16640, cmdCode = 8
04-11 03:30:21.378  1719  3449 D DlbDapEffectContext: DapEffectContext[0xb40000760ca9e450] getDapParameter() outval size = 4, ret = 0
04-11 03:30:21.386  1730  1800 I HfLooper: moto_sensor LIGHT_SENSOR_LIGHT_1 lux = 0.000000, timestamp = 870240792157014 
04-11 03:30:21.416  1719  3449 I EffectsFactory: Effect_Command(): self = 0xb40000744cb16640, cmdCode = 8
04-11 03:30:21.418  1719  3449 D DlbDapEffectContext: DapEffectContext[0xb40000760ca9e450] getDapParameter() outval size = 4, ret = 0
04-11 03:30:21.461  1719  3449 I EffectsFactory: Effect_Command(): self = 0xb40000744cb16640, cmdCode = 8
04-11 03:30:21.462  1719  3449 D DlbDapEffectContext: DapEffectContext[0xb40000760ca9e450] getDapParameter() outval size = 4, ret = 0
04-11 03:30:21.495  1730  1800 I HfLooper: moto_sensor LIGHT_SENSOR_LIGHT_1 lux = 0.000000, timestamp = 870240901623861 
04-11 03:30:21.503  1719  3449 I EffectsFactory: Effect_Command(): self = 0xb40000744cb16640, cmdCode = 8
04-11 03:30:21.504  1719  3449 D DlbDapEffectContext: DapEffectContext[0xb40000760ca9e450] getDapParameter() outval size = 4, ret = 0
04-11 03:30:21.530  1759  1823 I libPerfCtl: xgfGetFPS pid:3052 fps:-1
04-11 03:30:21.530  1759  1823 I libPerfCtl: xgfGetFPS pid:28658 fps:60
04-11 03:30:21.545  1719  3449 I EffectsFactory: Effect_Command(): self = 0xb40000744cb16640, cmdCode = 8
04-11 03:30:21.546  1719  3449 D DlbDapEffectContext: DapEffectContext[0xb40000760ca9e450] getDapParameter() outval size = 4, ret = 0
04-11 03:30:21.591  1719  3449 I EffectsFactory: Effect_Command(): self = 0xb40000744cb16640, cmdCode = 8
04-11 03:30:21.593  1719  3449 D DlbDapEffectContext: DapEffectContext[0xb40000760ca9e450] getDapParameter() outval size = 4, ret = 0
04-11 03:30:21.605  1730  1800 I HfLooper: moto_sensor LIGHT_SENSOR_LIGHT_1 lux = 0.000000, timestamp = 870241012158236 
04-11 03:30:21.630  1719  3449 I EffectsFactory: Effect_Command(): self = 0xb40000744cb16640, cmdCode = 8
04-11 03:30:21.631  1719  3449 D DlbDapEffectContext: DapEffectContext[0xb40000760ca9e450] getDapParameter() outval size = 4, ret = 0
04-11 03:30:21.675  1719  3449 I EffectsFactory: Effect_Command(): self = 0xb40000744cb16640, cmdCode = 8
04-11 03:30:21.676  1719  3449 D DlbDapEffectContext: DapEffectContext[0xb40000760ca9e450] getDapParameter() outval size = 4, ret = 0
04-11 03:30:21.677  1719  1785 I EffectsFactory: Effect_Command(): self = 0xb40000744cb16640, cmdCode = 8
04-11 03:30:21.677  1719  1785 E DlbEffectContext: getParam() called with invalid parameter id 1953655149
04-11 03:30:21.678  1788  2244 D EffectModule: process:  profile=0  music=0  speech=0
04-11 03:30:21.713  1719 14274 D DlbDap2Process: process() called [5638500] times with input format 0x22 and channel mask 0x3 (ProcessingMode=1), htEnable=0(0, 0, 0)
04-11 03:30:21.715  1719  1785 I EffectsFactory: Effect_Command(): self = 0xb40000744cb16640, cmdCode = 8
04-11 03:30:21.715  1730  1800 I HfLooper: moto_sensor LIGHT_SENSOR_LIGHT_1 lux = 0.000000, timestamp = 870241121669033 
04-11 03:30:21.715  1719  1785 D DlbDapEffectContext: DapEffectContext[0xb40000760ca9e450] getDapParameter() outval size = 4, ret = 0
04-11 03:30:21.761  1719  1785 I EffectsFactory: Effect_Command(): self = 0xb40000744cb16640, cmdCode = 8
04-11 03:30:21.762  1719  1785 D DlbDapEffectContext: DapEffectContext[0xb40000760ca9e450] getDapParameter() outval size = 4, ret = 0
04-11 03:30:21.795  1973  1973 W binder:1973_2: type=1400 audit(0.0:2536688): avc:  denied  { read } for  name="u:object_r:hwservicemanager_prop:s0" dev="tmpfs" ino=322 scontext=u:r:lbs_dbg_ext:s0 tcontext=u:object_r:hwservicemanager_prop:s0 tclass=file permissive=0
04-11 03:30:21.799  1973  1973 W lbs_dbg_ext: Waited for hwservicemanager.ready for a second, waiting another...
04-11 03:30:21.799  1973  1973 W libc    : Access denied finding property "hwservicemanager.disabled"
04-11 03:30:21.799  1973  1973 W libc    : Access denied finding property "hwservicemanager.ready"
04-11 03:30:21.799  1973  1973 W libc    : Access denied finding property "hwservicemanager.ready"
04-11 03:30:21.795  1973  1973 W binder:1973_2: type=1400 audit(0.0:2536689): avc:  denied  { read } for  name="u:object_r:hwservicemanager_prop:s0" dev="tmpfs" ino=322 scontext=u:r:lbs_dbg_ext:s0 tcontext=u:object_r:hwservicemanager_prop:s0 tclass=file permissive=0
04-11 03:30:21.801  1719  1785 I EffectsFactory: Effect_Command(): self = 0xb40000744cb16640, cmdCode = 8
04-11 03:30:21.795  1973  1973 W binder:1973_2: type=1400 audit(0.0:2536690): avc:  denied  { read } for  name="u:object_r:hwservicemanager_prop:s0" dev="tmpfs" ino=322 scontext=u:r:lbs_dbg_ext:s0 tcontext=u:object_r:hwservicemanager_prop:s0 tclass=file permissive=0
04-11 03:30:21.802  1719  1785 D DlbDapEffectContext: DapEffectContext[0xb40000760ca9e450] getDapParameter() outval size = 4, ret = 0
04-11 03:30:21.825  1730  1800 I HfLooper: moto_sensor LIGHT_SENSOR_LIGHT_1 lux = 0.000000, timestamp = 870241231611903 
04-11 03:30:21.845  1719  1785 I EffectsFactory: Effect_Command(): self = 0xb40000744cb16640, cmdCode = 8
04-11 03:30:21.845  1719  1785 D DlbDapEffectContext: DapEffectContext[0xb40000760ca9e450] getDapParameter() outval size = 4, ret = 0
04-11 03:30:21.885  1719  1785 I EffectsFactory: Effect_Command(): self = 0xb40000744cb16640, cmdCode = 8
04-11 03:30:21.887  1719  1785 D DlbDapEffectContext: DapEffectContext[0xb40000760ca9e450] getDapParameter() outval size = 4, ret = 0
04-11 03:30:21.929  1719  1785 I EffectsFactory: Effect_Command(): self = 0xb40000744cb16640, cmdCode = 8
04-11 03:30:21.929  1719  1785 D DlbDapEffectContext: DapEffectContext[0xb40000760ca9e450] getDapParameter() outval size = 4, ret = 0
04-11 03:30:21.936  1730  1800 I HfLooper: moto_sensor LIGHT_SENSOR_LIGHT_1 lux = 0.000000, timestamp = 870241342175557 
04-11 03:30:21.975  1719  1785 I EffectsFactory: Effect_Command(): self = 0xb40000744cb16640, cmdCode = 8
04-11 03:30:21.976  1719  1785 D DlbDapEffectContext: DapEffectContext[0xb40000760ca9e450] getDapParameter() outval size = 4, ret = 0
04-11 03:30:22.015  1719  1785 I EffectsFactory: Effect_Command(): self = 0xb40000744cb16640, cmdCode = 8
04-11 03:30:22.015  1719  1785 D DlbDapEffectContext: DapEffectContext[0xb40000760ca9e450] getDapParameter() outval size = 4, ret = 0
04-11 03:30:22.045  1730  1800 I HfLooper: moto_sensor LIGHT_SENSOR_LIGHT_1 lux = 0.000000, timestamp = 870241451611803 
04-11 03:30:22.060  1719  1785 I EffectsFactory: Effect_Command(): self = 0xb40000744cb16640, cmdCode = 8
04-11 03:30:22.061  1719  1785 D DlbDapEffectContext: DapEffectContext[0xb40000760ca9e450] getDapParameter() outval size = 4, ret = 0
04-11 03:30:22.096  1726  1754 I hwcomposer: [HWCDisplay] [Display_0 (type:1, mode:2)] fps:59.987396,dur:1000.21,max:17.13,min:15.68  
04-11 03:30:22.099  1719  1785 I EffectsFactory: Effect_Command(): self = 0xb40000744cb16640, cmdCode = 8
04-11 03:30:22.100  1719  1785 D DlbDapEffectContext: DapEffectContext[0xb40000760ca9e450] getDapParameter() outval size = 4, ret = 0
04-11 03:30:22.144  1719  1785 I EffectsFactory: Effect_Command(): self = 0xb40000744cb16640, cmdCode = 8
04-11 03:30:22.145  1719  1785 D DlbDapEffectContext: DapEffectContext[0xb40000760ca9e450] getDapParameter() outval size = 4, ret = 0
04-11 03:30:22.155  1730  1800 I HfLooper: moto_sensor LIGHT_SENSOR_LIGHT_1 lux = 0.000000, timestamp = 870241562118966 
04-11 03:30:22.187  1719  1785 I EffectsFactory: Effect_Command(): self = 0xb40000744cb16640, cmdCode = 8
04-11 03:30:22.188  1719  1785 D DlbDapEffectContext: DapEffectContext[0xb40000760ca9e450] getDapParameter() outval size = 4, ret = 0
04-11 03:30:22.208  3196 32277 D IpClient/wlan0: interfaceLinkStateChanged: ifindex 36 up
04-11 03:30:22.228  1719  1785 I EffectsFactory: Effect_Command(): self = 0xb40000744cb16640, cmdCode = 8
04-11 03:30:22.229  1719  1785 D DlbDapEffectContext: DapEffectContext[0xb40000760ca9e450] getDapParameter() outval size = 4, ret = 0
04-11 03:30:22.265  1730  1800 I HfLooper: moto_sensor LIGHT_SENSOR_LIGHT_1 lux = 0.000000, timestamp = 870241672162062 
04-11 03:30:22.271  1719  1785 I EffectsFactory: Effect_Command(): self = 0xb40000744cb16640, cmdCode = 8
04-11 03:30:22.273  1719  1785 D DlbDapEffectContext: DapEffectContext[0xb40000760ca9e450] getDapParameter() outval size = 4, ret = 0
04-11 03:30:22.311  1795  1795 I BufferQueueProducer: [c17f5f1 SurfaceView[com.swordfish.lemuroid.debug/com.swordfish.lemuroid.app.mobile.feature.game.GameActivity](BLAST)#94794](this:0xb400007e4fc3afa0,id:-1,api:0,p:-1,c:1795) queueBuffer: fps=60.00 dur=1016.59 max=17.19 min=16.08
04-11 03:30:22.313  1719  1785 I EffectsFactory: Effect_Command(): self = 0xb40000744cb16640, cmdCode = 8
04-11 03:30:22.313  1719  1785 D DlbDapEffectContext: DapEffectContext[0xb40000760ca9e450] getDapParameter() outval size = 4, ret = 0
04-11 03:30:22.355  1719  1785 I EffectsFactory: Effect_Command(): self = 0xb40000744cb16640, cmdCode = 8
04-11 03:30:22.357  1719  1785 D DlbDapEffectContext: DapEffectContext[0xb40000760ca9e450] getDapParameter() outval size = 4, ret = 0
04-11 03:30:22.377  1730  1800 I HfLooper: moto_sensor LIGHT_SENSOR_LIGHT_1 lux = 0.000000, timestamp = 870241781628716 
04-11 03:30:22.398  1719  1785 I EffectsFactory: Effect_Command(): self = 0xb40000744cb16640, cmdCode = 8
04-11 03:30:22.399  1719  1785 D DlbDapEffectContext: DapEffectContext[0xb40000760ca9e450] getDapParameter() outval size = 4, ret = 0
04-11 03:30:22.444  1719  1785 I EffectsFactory: Effect_Command(): self = 0xb40000744cb16640, cmdCode = 8
04-11 03:30:22.445  1719  1785 D DlbDapEffectContext: DapEffectContext[0xb40000760ca9e450] getDapParameter() outval size = 4, ret = 0
04-11 03:30:22.483  1719  1785 I EffectsFactory: Effect_Command(): self = 0xb40000744cb16640, cmdCode = 8
04-11 03:30:22.484  1719  1785 D DlbDapEffectContext: DapEffectContext[0xb40000760ca9e450] getDapParameter() outval size = 4, ret = 0
04-11 03:30:22.486  1730  1800 I HfLooper: moto_sensor LIGHT_SENSOR_LIGHT_1 lux = 0.000000, timestamp = 870241892163183 
04-11 03:30:22.528  1719  1785 I EffectsFactory: Effect_Command(): self = 0xb40000744cb16640, cmdCode = 8
04-11 03:30:22.529  1719  1785 D DlbDapEffectContext: DapEffectContext[0xb40000760ca9e450] getDapParameter() outval size = 4, ret = 0
04-11 03:30:22.530  1759  1823 I libPerfCtl: xgfGetFPS pid:3052 fps:-1
04-11 03:30:22.530  1759  1823 I libPerfCtl: xgfGetFPS pid:28658 fps:60
04-11 03:30:22.571  1719  1785 I EffectsFactory: Effect_Command(): self = 0xb40000744cb16640, cmdCode = 8
04-11 03:30:22.573  1719  1785 D DlbDapEffectContext: DapEffectContext[0xb40000760ca9e450] getDapParameter() outval size = 4, ret = 0
04-11 03:30:22.595  1730  1800 I HfLooper: moto_sensor LIGHT_SENSOR_LIGHT_1 lux = 0.000000, timestamp = 870242002148418 
04-11 03:30:22.612  1719  1785 I EffectsFactory: Effect_Command(): self = 0xb40000744cb16640, cmdCode = 8
04-11 03:30:22.612  1719  1785 D DlbDapEffectContext: DapEffectContext[0xb40000760ca9e450] getDapParameter() outval size = 4, ret = 0
04-11 03:30:22.648  2014  2371 D ULogGuard: Monitoring: 16 threads, 0 requests, 0 time-bombs; 2 guards. ResetFlags = 0x7
04-11 03:30:22.658  1719  1785 I EffectsFactory: Effect_Command(): self = 0xb40000744cb16640, cmdCode = 8
04-11 03:30:22.660  1719  1785 D DlbDapEffectContext: DapEffectContext[0xb40000760ca9e450] getDapParameter() outval size = 4, ret = 0
04-11 03:30:22.697  1719  1785 I EffectsFactory: Effect_Command(): self = 0xb40000744cb16640, cmdCode = 8
04-11 03:30:22.698  1719  1785 D DlbDapEffectContext: DapEffectContext[0xb40000760ca9e450] getDapParameter() outval size = 4, ret = 0
04-11 03:30:22.705  1730  1800 I HfLooper: moto_sensor LIGHT_SENSOR_LIGHT_1 lux = 0.000000, timestamp = 870242111615486 
04-11 03:30:22.742  1719  1785 I EffectsFactory: Effect_Command(): self = 0xb40000744cb16640, cmdCode = 8
04-11 03:30:22.743  1719  1785 D DlbDapEffectContext: DapEffectContext[0xb40000760ca9e450] getDapParameter() outval size = 4, ret = 0
04-11 03:30:22.780  1719  1785 I EffectsFactory: Effect_Command(): self = 0xb40000744cb16640, cmdCode = 8
04-11 03:30:22.781  1719  1785 D DlbDapEffectContext: DapEffectContext[0xb40000760ca9e450] getDapParameter() outval size = 4, ret = 0
04-11 03:30:22.800  1973  1973 W lbs_dbg_ext: Waited for hwservicemanager.ready for a second, waiting another...
04-11 03:30:22.795  1973  1973 W binder:1973_2: type=1400 audit(0.0:2536691): avc:  denied  { read } for  name="u:object_r:hwservicemanager_prop:s0" dev="tmpfs" ino=322 scontext=u:r:lbs_dbg_ext:s0 tcontext=u:object_r:hwservicemanager_prop:s0 tclass=file permissive=0
04-11 03:30:22.804  1973  1973 W libc    : Access denied finding property "hwservicemanager.disabled"
04-11 03:30:22.805  1973  1973 W libc    : Access denied finding property "hwservicemanager.ready"
04-11 03:30:22.805  1973  1973 W libc    : Access denied finding property "hwservicemanager.ready"
04-11 03:30:22.799  1973  1973 W binder:1973_2: type=1400 audit(0.0:2536692): avc:  denied  { read } for  name="u:object_r:hwservicemanager_prop:s0" dev="tmpfs" ino=322 scontext=u:r:lbs_dbg_ext:s0 tcontext=u:object_r:hwservicemanager_prop:s0 tclass=file permissive=0
04-11 03:30:22.799  1973  1973 W binder:1973_2: type=1400 audit(0.0:2536693): avc:  denied  { read } for  name="u:object_r:hwservicemanager_prop:s0" dev="tmpfs" ino=322 scontext=u:r:lbs_dbg_ext:s0 tcontext=u:object_r:hwservicemanager_prop:s0 tclass=file permissive=0
04-11 03:30:22.815  1730  1800 I HfLooper: moto_sensor LIGHT_SENSOR_LIGHT_1 lux = 0.000000, timestamp = 870242222180183 
04-11 03:30:22.827  1719  1785 I EffectsFactory: Effect_Command(): self = 0xb40000744cb16640, cmdCode = 8
04-11 03:30:22.828  1719  1785 D DlbDapEffectContext: DapEffectContext[0xb40000760ca9e450] getDapParameter() outval size = 4, ret = 0
04-11 03:30:22.866  1719  1785 I EffectsFactory: Effect_Command(): self = 0xb40000744cb16640, cmdCode = 8
04-11 03:30:22.868  1719  1785 D DlbDapEffectContext: DapEffectContext[0xb40000760ca9e450] getDapParameter() outval size = 4, ret = 0
04-11 03:30:22.912  1719  1785 I EffectsFactory: Effect_Command(): self = 0xb40000744cb16640, cmdCode = 8
04-11 03:30:22.912  1719  1785 D DlbDapEffectContext: DapEffectContext[0xb40000760ca9e450] getDapParameter() outval size = 4, ret = 0
04-11 03:30:22.925  1730  1800 I HfLooper: moto_sensor LIGHT_SENSOR_LIGHT_1 lux = 0.000000, timestamp = 870242331646952 
04-11 03:30:22.953  1719  1785 I EffectsFactory: Effect_Command(): self = 0xb40000744cb16640, cmdCode = 8
04-11 03:30:22.955  1719  1785 D DlbDapEffectContext: DapEffectContext[0xb40000760ca9e450] getDapParameter() outval size = 4, ret = 0
04-11 03:30:22.996  1719  1785 I EffectsFactory: Effect_Command(): self = 0xb40000744cb16640, cmdCode = 8
04-11 03:30:22.997  1719  1785 D DlbDapEffectContext: DapEffectContext[0xb40000760ca9e450] getDapParameter() outval size = 4, ret = 0
04-11 03:30:23.036  1730  1800 I HfLooper: moto_sensor LIGHT_SENSOR_LIGHT_1 lux = 0.000000, timestamp = 870242442093289 
04-11 03:30:23.040  1719  1785 I EffectsFactory: Effect_Command(): self = 0xb40000744cb16640, cmdCode = 8
04-11 03:30:23.041  1719  1785 D DlbDapEffectContext: DapEffectContext[0xb40000760ca9e450] getDapParameter() outval size = 4, ret = 0
04-11 03:30:23.081  1719  1785 I EffectsFactory: Effect_Command(): self = 0xb40000744cb16640, cmdCode = 8
04-11 03:30:23.082  1719  1785 D DlbDapEffectContext: DapEffectContext[0xb40000760ca9e450] getDapParameter() outval size = 4, ret = 0
04-11 03:30:23.095  3024  3024 D WifiHAL : WifiRequest::create vendor command to iface 36, vendor_id=0x1a11, subcmd=0x0002, res=0
04-11 03:30:23.095  3024  3024 I WifiHAL : feature_set=0x8488341a
04-11 03:30:23.097  2387  2945 I HalDevMgr: bestIfaceCreationProposal is null, requestIface=STA, existingIface=[name=wlan0 type=STA]
04-11 03:30:23.098  2387  4074 I MotoStaCheckin: onWifiUsabilityStats, seqNum: 1295, isSameBssidAndFreq: true, RSSI: -44, isThroughputSufficient: true, LinkSpeed: 200 Mbps, RxLinkSpeed: 180 Mbps
04-11 03:30:23.098  2387  4074 I MotoStaCheckin: onWifiUsabilityStats, Duration: 870242508, Rx Good: 5 ( PPS: 0 ), Tx Good: 1, Tx Bad: 0 ( 0 % ), Tx Retry: 0 ( 0 % ), NSS: 0, Bandwidth: 0
04-11 03:30:23.113  1726  1754 I hwcomposer: [HWCDisplay] [Display_0 (type:1, mode:2)] fps:60.031185,dur:1016.14,max:17.22,min:15.90  
04-11 03:30:23.127  1719  1785 I EffectsFactory: Effect_Command(): self = 0xb40000744cb16640, cmdCode = 8
04-11 03:30:23.128  1719  1785 D DlbDapEffectContext: DapEffectContext[0xb40000760ca9e450] getDapParameter() outval size = 4, ret = 0
04-11 03:30:23.145  1730  1800 I HfLooper: moto_sensor LIGHT_SENSOR_LIGHT_1 lux = 0.000000, timestamp = 870242552166611 
04-11 03:30:23.164  1719  1785 I EffectsFactory: Effect_Command(): self = 0xb40000744cb16640, cmdCode = 8
04-11 03:30:23.165  1719  1785 D DlbDapEffectContext: DapEffectContext[0xb40000760ca9e450] getDapParameter() outval size = 4, ret = 0
04-11 03:30:23.211  1719  1785 I EffectsFactory: Effect_Command(): self = 0xb40000744cb16640, cmdCode = 8
04-11 03:30:23.212  1719  1785 D DlbDapEffectContext: DapEffectContext[0xb40000760ca9e450] getDapParameter() outval size = 4, ret = 0
04-11 03:30:23.252  1719  1785 I EffectsFactory: Effect_Command(): self = 0xb40000744cb16640, cmdCode = 8
04-11 03:30:23.254  1719  1785 D DlbDapEffectContext: DapEffectContext[0xb40000760ca9e450] getDapParameter() outval size = 4, ret = 0
04-11 03:30:23.255  1730  1800 I HfLooper: moto_sensor LIGHT_SENSOR_LIGHT_1 lux = 0.000000, timestamp = 870242661633591 
04-11 03:30:23.295  1719  1785 I EffectsFactory: Effect_Command(): self = 0xb40000744cb16640, cmdCode = 8
04-11 03:30:23.296  1719  1785 D DlbDapEffectContext: DapEffectContext[0xb40000760ca9e450] getDapParameter() outval size = 4, ret = 0
04-11 03:30:23.327  1795  1795 I BufferQueueProducer: [c17f5f1 SurfaceView[com.swordfish.lemuroid.debug/com.swordfish.lemuroid.app.mobile.feature.game.GameActivity](BLAST)#94794](this:0xb400007e4fc3afa0,id:-1,api:0,p:-1,c:1795) queueBuffer: fps=60.02 dur=1016.41 max=17.16 min=16.18
04-11 03:30:23.340  1719  1785 I EffectsFactory: Effect_Command(): self = 0xb40000744cb16640, cmdCode = 8
04-11 03:30:23.342  1719  1785 D DlbDapEffectContext: DapEffectContext[0xb40000760ca9e450] getDapParameter() outval size = 4, ret = 0
04-11 03:30:23.365  1730  1800 I HfLooper: moto_sensor LIGHT_SENSOR_LIGHT_1 lux = 0.000000, timestamp = 870242772167836 
04-11 03:30:23.380  1719  1785 I EffectsFactory: Effect_Command(): self = 0xb40000744cb16640, cmdCode = 8
04-11 03:30:23.381  1719  1785 D DlbDapEffectContext: DapEffectContext[0xb40000760ca9e450] getDapParameter() outval size = 4, ret = 0
04-11 03:30:23.423  1719  1785 I EffectsFactory: Effect_Command(): self = 0xb40000744cb16640, cmdCode = 8
04-11 03:30:23.424  1719  1785 D DlbDapEffectContext: DapEffectContext[0xb40000760ca9e450] getDapParameter() outval size = 4, ret = 0
04-11 03:30:23.465  1719  1785 I EffectsFactory: Effect_Command(): self = 0xb40000744cb16640, cmdCode = 8
04-11 03:30:23.466  1719  1785 D DlbDapEffectContext: DapEffectContext[0xb40000760ca9e450] getDapParameter() outval size = 4, ret = 0
04-11 03:30:23.479  1730  1800 I HfLooper: moto_sensor LIGHT_SENSOR_LIGHT_1 lux = 0.000000, timestamp = 870242882183875 
04-11 03:30:23.510  1719  1785 I EffectsFactory: Effect_Command(): self = 0xb40000744cb16640, cmdCode = 8
04-11 03:30:23.511  1719  1785 D DlbDapEffectContext: DapEffectContext[0xb40000760ca9e450] getDapParameter() outval size = 4, ret = 0
04-11 03:30:23.532  1759  1823 I libPerfCtl: xgfGetFPS pid:3052 fps:-1
04-11 03:30:23.536  1759  1823 I libPerfCtl: xgfGetFPS pid:28658 fps:60
04-11 03:30:23.550  1719  1785 I EffectsFactory: Effect_Command(): self = 0xb40000744cb16640, cmdCode = 8
04-11 03:30:23.551  1719  1785 D DlbDapEffectContext: DapEffectContext[0xb40000760ca9e450] getDapParameter() outval size = 4, ret = 0
04-11 03:30:23.584  1730  1800 I HfLooper: moto_sensor LIGHT_SENSOR_LIGHT_1 lux = 0.000000, timestamp = 870242991620692 
04-11 03:30:23.595  1719  1785 I EffectsFactory: Effect_Command(): self = 0xb40000744cb16640, cmdCode = 8
04-11 03:30:23.596  1719  1785 D DlbDapEffectContext: DapEffectContext[0xb40000760ca9e450] getDapParameter() outval size = 4, ret = 0
04-11 03:30:23.635  1719  1785 I EffectsFactory: Effect_Command(): self = 0xb40000744cb16640, cmdCode = 8
04-11 03:30:23.636  1719  1785 D DlbDapEffectContext: DapEffectContext[0xb40000760ca9e450] getDapParameter() outval size = 4, ret = 0
04-11 03:30:23.679  1719  1785 I EffectsFactory: Effect_Command(): self = 0xb40000744cb16640, cmdCode = 8
04-11 03:30:23.680  1719  1785 D DlbDapEffectContext: DapEffectContext[0xb40000760ca9e450] getDapParameter() outval size = 4, ret = 0
04-11 03:30:23.695  1730  1800 I HfLooper: moto_sensor LIGHT_SENSOR_LIGHT_1 lux = 0.000000, timestamp = 870243102185077 
04-11 03:30:23.722  1719  1785 I EffectsFactory: Effect_Command(): self = 0xb40000744cb16640, cmdCode = 8
04-11 03:30:23.723  1719  1785 D DlbDapEffectContext: DapEffectContext[0xb40000760ca9e450] getDapParameter() outval size = 4, ret = 0
04-11 03:30:23.763  1719  1785 I EffectsFactory: Effect_Command(): self = 0xb40000744cb16640, cmdCode = 8
04-11 03:30:23.764  1719  1785 D DlbDapEffectContext: DapEffectContext[0xb40000760ca9e450] getDapParameter() outval size = 4, ret = 0
04-11 03:30:23.805  1730  1800 I HfLooper: moto_sensor LIGHT_SENSOR_LIGHT_1 lux = 0.000000, timestamp = 870243211621380 
04-11 03:30:23.803  1973  1973 W binder:1973_2: type=1400 audit(0.0:2536694): avc:  denied  { read } for  name="u:object_r:hwservicemanager_prop:s0" dev="tmpfs" ino=322 scontext=u:r:lbs_dbg_ext:s0 tcontext=u:object_r:hwservicemanager_prop:s0 tclass=file permissive=0
04-11 03:30:23.806  1973  1973 W lbs_dbg_ext: Waited for hwservicemanager.ready for a second, waiting another...
04-11 03:30:23.808  1973  1973 W libc    : Access denied finding property "hwservicemanager.disabled"
04-11 03:30:23.808  1973  1973 W libc    : Access denied finding property "hwservicemanager.ready"
04-11 03:30:23.808  1973  1973 W libc    : Access denied finding property "hwservicemanager.ready"
04-11 03:30:23.803  1973  1973 W binder:1973_2: type=1400 audit(0.0:2536695): avc:  denied  { read } for  name="u:object_r:hwservicemanager_prop:s0" dev="tmpfs" ino=322 scontext=u:r:lbs_dbg_ext:s0 tcontext=u:object_r:hwservicemanager_prop:s0 tclass=file permissive=0
04-11 03:30:23.803  1973  1973 W binder:1973_2: type=1400 audit(0.0:2536696): avc:  denied  { read } for  name="u:object_r:hwservicemanager_prop:s0" dev="tmpfs" ino=322 scontext=u:r:lbs_dbg_ext:s0 tcontext=u:object_r:hwservicemanager_prop:s0 tclass=file permissive=0
04-11 03:30:23.809  1719  1785 I EffectsFactory: Effect_Command(): self = 0xb40000744cb16640, cmdCode = 8
04-11 03:30:23.810  1719  1785 D DlbDapEffectContext: DapEffectContext[0xb40000760ca9e450] getDapParameter() outval size = 4, ret = 0
04-11 03:30:23.811  1719  3449 I EffectsFactory: Effect_Command(): self = 0xb40000744cb16640, cmdCode = 8
04-11 03:30:23.812  1719  3449 E DlbEffectContext: getParam() called with invalid parameter id 1953655149
04-11 03:30:23.812  1788  2244 D EffectModule: process:  profile=0  music=0  speech=0
04-11 03:30:23.849  1719  3449 I EffectsFactory: Effect_Command(): self = 0xb40000744cb16640, cmdCode = 8
04-11 03:30:23.850  1719  3449 D DlbDapEffectContext: DapEffectContext[0xb40000760ca9e450] getDapParameter() outval size = 4, ret = 0
04-11 03:30:23.894  1719  3449 I EffectsFactory: Effect_Command(): self = 0xb40000744cb16640, cmdCode = 8
04-11 03:30:23.895  1719  3449 D DlbDapEffectContext: DapEffectContext[0xb40000760ca9e450] getDapParameter() outval size = 4, ret = 0
04-11 03:30:23.915  1730  1800 I HfLooper: moto_sensor LIGHT_SENSOR_LIGHT_1 lux = 0.000000, timestamp = 870243322097913 
04-11 03:30:23.936  1719  3449 I EffectsFactory: Effect_Command(): self = 0xb40000744cb16640, cmdCode = 8
04-11 03:30:23.937  1719  3449 D DlbDapEffectContext: DapEffectContext[0xb40000760ca9e450] getDapParameter() outval size = 4, ret = 0
04-11 03:30:23.979  1719  3449 I EffectsFactory: Effect_Command(): self = 0xb40000744cb16640, cmdCode = 8
04-11 03:30:23.980  1719  3449 D DlbDapEffectContext: DapEffectContext[0xb40000760ca9e450] getDapParameter() outval size = 4, ret = 0
04-11 03:30:24.021  1719  3449 I EffectsFactory: Effect_Command(): self = 0xb40000744cb16640, cmdCode = 8
04-11 03:30:24.022  1719  3449 D DlbDapEffectContext: DapEffectContext[0xb40000760ca9e450] getDapParameter() outval size = 4, ret = 0
04-11 03:30:24.026  1730  1800 I HfLooper: moto_sensor LIGHT_SENSOR_LIGHT_1 lux = 0.000000, timestamp = 870243432171745 
04-11 03:30:24.062  1719  3449 I EffectsFactory: Effect_Command(): self = 0xb40000744cb16640, cmdCode = 8
04-11 03:30:24.063  1719  3449 D DlbDapEffectContext: DapEffectContext[0xb40000760ca9e450] getDapParameter() outval size = 4, ret = 0
04-11 03:30:24.107  1719  3449 I EffectsFactory: Effect_Command(): self = 0xb40000744cb16640, cmdCode = 8
04-11 03:30:24.109  1719  3449 D DlbDapEffectContext: DapEffectContext[0xb40000760ca9e450] getDapParameter() outval size = 4, ret = 0
04-11 03:30:24.113  1726  1754 I hwcomposer: [HWCDisplay] [Display_0 (type:1, mode:2)] fps:59.992233,dur:1000.13,max:17.38,min:15.79  
04-11 03:30:24.135  1730  1800 I HfLooper: moto_sensor LIGHT_SENSOR_LIGHT_1 lux = 0.000000, timestamp = 870243541638553 
04-11 03:30:24.147  1719  3449 I EffectsFactory: Effect_Command(): self = 0xb40000744cb16640, cmdCode = 8
04-11 03:30:24.148  1719  3449 D DlbDapEffectContext: DapEffectContext[0xb40000760ca9e450] getDapParameter() outval size = 4, ret = 0
04-11 03:30:24.193  1719  3449 I EffectsFactory: Effect_Command(): self = 0xb40000744cb16640, cmdCode = 8
04-11 03:30:24.195  1719  3449 D DlbDapEffectContext: DapEffectContext[0xb40000760ca9e450] getDapParameter() outval size = 4, ret = 0
04-11 03:30:24.233  1719  3449 I EffectsFactory: Effect_Command(): self = 0xb40000744cb16640, cmdCode = 8
04-11 03:30:24.233  1719  3449 D DlbDapEffectContext: DapEffectContext[0xb40000760ca9e450] getDapParameter() outval size = 4, ret = 0
04-11 03:30:24.245  1730  1800 I HfLooper: moto_sensor LIGHT_SENSOR_LIGHT_1 lux = 0.000000, timestamp = 870243652173005 
04-11 03:30:24.278  1719  3449 I EffectsFactory: Effect_Command(): self = 0xb40000744cb16640, cmdCode = 8
04-11 03:30:24.279  1719  3449 D DlbDapEffectContext: DapEffectContext[0xb40000760ca9e450] getDapParameter() outval size = 4, ret = 0
04-11 03:30:24.319  1719  3449 I EffectsFactory: Effect_Command(): self = 0xb40000744cb16640, cmdCode = 8
04-11 03:30:24.320  1719  3449 D DlbDapEffectContext: DapEffectContext[0xb40000760ca9e450] getDapParameter() outval size = 4, ret = 0
04-11 03:30:24.328  1795  1795 I BufferQueueProducer: [c17f5f1 SurfaceView[com.swordfish.lemuroid.debug/com.swordfish.lemuroid.app.mobile.feature.game.GameActivity](BLAST)#94794](this:0xb400007e4fc3afa0,id:-1,api:0,p:-1,c:1795) queueBuffer: fps=59.99 dur=1000.10 max=17.20 min=16.03
04-11 03:30:24.356  1730  1800 I HfLooper: moto_sensor LIGHT_SENSOR_LIGHT_1 lux = 0.000000, timestamp = 870243762158298 
04-11 03:30:24.362  1719  3449 I EffectsFactory: Effect_Command(): self = 0xb40000744cb16640, cmdCode = 8
04-11 03:30:24.362  1719  3449 D DlbDapEffectContext: DapEffectContext[0xb40000760ca9e450] getDapParameter() outval size = 4, ret = 0
04-11 03:30:24.401  1719 14274 D DlbDap2Process: process() called [5639000] times with input format 0x22 and channel mask 0x3 (ProcessingMode=1), htEnable=0(0, 0, 0)
04-11 03:30:24.406  1719  3449 I EffectsFactory: Effect_Command(): self = 0xb40000744cb16640, cmdCode = 8
04-11 03:30:24.408  1719  3449 D DlbDapEffectContext: DapEffectContext[0xb40000760ca9e450] getDapParameter() outval size = 4, ret = 0
04-11 03:30:24.446  1719  3449 I EffectsFactory: Effect_Command(): self = 0xb40000744cb16640, cmdCode = 8
04-11 03:30:24.447  1719  3449 D DlbDapEffectContext: DapEffectContext[0xb40000760ca9e450] getDapParameter() outval size = 4, ret = 0
04-11 03:30:24.464  1730  1800 I HfLooper: moto_sensor LIGHT_SENSOR_LIGHT_1 lux = 0.000000, timestamp = 870243871625625 
04-11 03:30:24.491  1719  3449 I EffectsFactory: Effect_Command(): self = 0xb40000744cb16640, cmdCode = 8
04-11 03:30:24.492  1719  3449 D DlbDapEffectContext: DapEffectContext[0xb40000760ca9e450] getDapParameter() outval size = 4, ret = 0
04-11 03:30:24.531  1719  3449 I EffectsFactory: Effect_Command(): self = 0xb40000744cb16640, cmdCode = 8
04-11 03:30:24.532  1719  3449 D DlbDapEffectContext: DapEffectContext[0xb40000760ca9e450] getDapParameter() outval size = 4, ret = 0
04-11 03:30:24.533  1759  1823 I libPerfCtl: xgfGetFPS pid:3052 fps:-1
04-11 03:30:24.533  1759  1823 I libPerfCtl: xgfGetFPS pid:28658 fps:60
04-11 03:30:24.577  1719  3449 I EffectsFactory: Effect_Command(): self = 0xb40000744cb16640, cmdCode = 8
04-11 03:30:24.578  1719  3449 D DlbDapEffectContext: DapEffectContext[0xb40000760ca9e450] getDapParameter() outval size = 4, ret = 0
04-11 03:30:24.578  1730  1800 I HfLooper: moto_sensor LIGHT_SENSOR_LIGHT_1 lux = 0.000000, timestamp = 870243982159817 
04-11 03:30:24.616  1719  3449 I EffectsFactory: Effect_Command(): self = 0xb40000744cb16640, cmdCode = 8
04-11 03:30:24.617  1719  3449 D DlbDapEffectContext: DapEffectContext[0xb40000760ca9e450] getDapParameter() outval size = 4, ret = 0
04-11 03:30:24.661  1719  3449 I EffectsFactory: Effect_Command(): self = 0xb40000744cb16640, cmdCode = 8
04-11 03:30:24.662  1719  3449 D DlbDapEffectContext: DapEffectContext[0xb40000760ca9e450] getDapParameter() outval size = 4, ret = 0
04-11 03:30:24.685  1730  1800 I HfLooper: moto_sensor LIGHT_SENSOR_LIGHT_1 lux = 0.000000, timestamp = 870244091626342 
04-11 03:30:24.702  1719  3449 I EffectsFactory: Effect_Command(): self = 0xb40000744cb16640, cmdCode = 8
04-11 03:30:24.704  1719  3449 D DlbDapEffectContext: DapEffectContext[0xb40000760ca9e450] getDapParameter() outval size = 4, ret = 0
04-11 03:30:24.745  1719  3449 I EffectsFactory: Effect_Command(): self = 0xb40000744cb16640, cmdCode = 8
04-11 03:30:24.746  1719  3449 D DlbDapEffectContext: DapEffectContext[0xb40000760ca9e450] getDapParameter() outval size = 4, ret = 0
04-11 03:30:24.788  1719  3449 I EffectsFactory: Effect_Command(): self = 0xb40000744cb16640, cmdCode = 8
04-11 03:30:24.789  1719  3449 D DlbDapEffectContext: DapEffectContext[0xb40000760ca9e450] getDapParameter() outval size = 4, ret = 0
04-11 03:30:24.795  1730  1800 I HfLooper: moto_sensor LIGHT_SENSOR_LIGHT_1 lux = 0.000000, timestamp = 870244202102900 
04-11 03:30:24.809  1973  1973 W lbs_dbg_ext: Waited for hwservicemanager.ready for a second, waiting another...
04-11 03:30:24.803  1973  1973 W binder:1973_2: type=1400 audit(0.0:2536697): avc:  denied  { read } for  name="u:object_r:hwservicemanager_prop:s0" dev="tmpfs" ino=322 scontext=u:r:lbs_dbg_ext:s0 tcontext=u:object_r:hwservicemanager_prop:s0 tclass=file permissive=0
04-11 03:30:24.807  1973  1973 W binder:1973_2: type=1400 audit(0.0:2536698): avc:  denied  { read } for  name="u:object_r:hwservicemanager_prop:s0" dev="tmpfs" ino=322 scontext=u:r:lbs_dbg_ext:s0 tcontext=u:object_r:hwservicemanager_prop:s0 tclass=file permissive=0
04-11 03:30:24.810  1973  1973 W libc    : Access denied finding property "hwservicemanager.disabled"
04-11 03:30:24.811  1973  1973 W libc    : Access denied finding property "hwservicemanager.ready"
04-11 03:30:24.812  1973  1973 W libc    : Access denied finding property "hwservicemanager.ready"
04-11 03:30:24.807  1973  1973 W binder:1973_2: type=1400 audit(0.0:2536699): avc:  denied  { read } for  name="u:object_r:hwservicemanager_prop:s0" dev="tmpfs" ino=322 scontext=u:r:lbs_dbg_ext:s0 tcontext=u:object_r:hwservicemanager_prop:s0 tclass=file permissive=0
04-11 03:30:24.830  1719  3449 I EffectsFactory: Effect_Command(): self = 0xb40000744cb16640, cmdCode = 8
04-11 03:30:24.831  1719  3449 D DlbDapEffectContext: DapEffectContext[0xb40000760ca9e450] getDapParameter() outval size = 4, ret = 0
04-11 03:30:24.875  1719  3449 I EffectsFactory: Effect_Command(): self = 0xb40000744cb16640, cmdCode = 8
04-11 03:30:24.876  1719  3449 D DlbDapEffectContext: DapEffectContext[0xb40000760ca9e450] getDapParameter() outval size = 4, ret = 0
04-11 03:30:24.906  1730  1800 I HfLooper: moto_sensor LIGHT_SENSOR_LIGHT_1 lux = 0.000000, timestamp = 870244312176485 
04-11 03:30:24.915  1719  3449 I EffectsFactory: Effect_Command(): self = 0xb40000744cb16640, cmdCode = 8
04-11 03:30:24.915  1719  3449 D DlbDapEffectContext: DapEffectContext[0xb40000760ca9e450] getDapParameter() outval size = 4, ret = 0
04-11 03:30:24.961  1719  3449 I EffectsFactory: Effect_Command(): self = 0xb40000744cb16640, cmdCode = 8
04-11 03:30:24.962  1719  3449 D DlbDapEffectContext: DapEffectContext[0xb40000760ca9e450] getDapParameter() outval size = 4, ret = 0
04-11 03:30:25.001  1719  3449 I EffectsFactory: Effect_Command(): self = 0xb40000744cb16640, cmdCode = 8
04-11 03:30:25.003  1719  3449 D DlbDapEffectContext: DapEffectContext[0xb40000760ca9e450] getDapParameter() outval size = 4, ret = 0
04-11 03:30:25.015  1730  1800 I HfLooper: moto_sensor LIGHT_SENSOR_LIGHT_1 lux = 0.000000, timestamp = 870244421613658 
04-11 03:30:25.045  1719  3449 I EffectsFactory: Effect_Command(): self = 0xb40000744cb16640, cmdCode = 8
04-11 03:30:25.045  1719  3449 D DlbDapEffectContext: DapEffectContext[0xb40000760ca9e450] getDapParameter() outval size = 4, ret = 0
04-11 03:30:25.087  1719  3449 I EffectsFactory: Effect_Command(): self = 0xb40000744cb16640, cmdCode = 8
04-11 03:30:25.088  1719  3449 D DlbDapEffectContext: DapEffectContext[0xb40000760ca9e450] getDapParameter() outval size = 4, ret = 0
04-11 03:30:25.125  1730  1800 I HfLooper: moto_sensor LIGHT_SENSOR_LIGHT_1 lux = 0.000000, timestamp = 870244532177654 
