04-11 03:30:35.976  2387  2447 V WindowManager:         {m=TO_FRONT f=FILLS_TASK leash=Surface(name=ActivityRecord{243765172 u0 com.swordfish.lemuroid.debug/com.swordfish.lemuroid.app.mobile.feature.main.MainActivity)/@0x72e8d7f sb=Rect(0, 0 - 1220, 2712) eb=Rect(0, 0 - 1220, 2712) epz=Point(1220, 2712) d=0 component=com.swordfish.lemuroid.debug/com.swordfish.lemuroid.app.mobile.feature.main.MainActivity opt={t=CUSTOM enterResId=17432576 changeResId=0 exitResId=17432577 mUserId=0}}
04-11 03:30:35.976  2387  2447 V WindowManager:     ]}
04-11 03:30:35.977  2387  2997 D BackgroundInstallControlService: Package event received: 0
04-11 03:30:35.977  2387  2997 D BackgroundInstallControlService: Package event received: 0
04-11 03:30:35.978  3052 17213 V WindowManagerShell: onTransitionReady(transaction=10252087414593)
04-11 03:30:35.978  3052  3109 V WindowManagerShell: onTransitionReady (#7246) android.os.BinderProxy@80f43f: {id=7246 t=CLOSE f=0x0 trk=0 r=[0@Point(0, 0)] c=[
04-11 03:30:35.978  3052  3109 V WindowManagerShell:         {m=CLOSE f=FILLS_TASK leash=Surface(name=ActivityRecord{88306605 u0 com.swordfish.lemuroid.debug/com.swordfish.lemuroid.app.mobile.feature.game.GameActivity)/@0x90d610c sb=Rect(0, 0 - 1220, 2712) eb=Rect(0, 0 - 1220, 2712) epz=Point(1220, 2712) d=0 component=com.swordfish.lemuroid.debug/com.swordfish.lemuroid.app.mobile.feature.game.GameActivity opt={t=CUSTOM enterResId=17432576 changeResId=0 exitResId=17432577 mUserId=0}},
04-11 03:30:35.978  3052  3109 V WindowManagerShell:         {m=TO_FRONT f=FILLS_TASK leash=Surface(name=ActivityRecord{243765172 u0 com.swordfish.lemuroid.debug/com.swordfish.lemuroid.app.mobile.feature.main.MainActivity)/@0x98c2a55 sb=Rect(0, 0 - 1220, 2712) eb=Rect(0, 0 - 1220, 2712) epz=Point(1220, 2712) d=0 component=com.swordfish.lemuroid.debug/com.swordfish.lemuroid.app.mobile.feature.main.MainActivity opt={t=CUSTOM enterResId=17432576 changeResId=0 exitResId=17432577 mUserId=0}}
04-11 03:30:35.978  3052  3109 V WindowManagerShell:     ]}
04-11 03:30:35.979  3052  3109 V WindowManagerShell: Playing animation for (#7246) android.os.BinderProxy@80f43f@0
04-11 03:30:35.979  3052  3109 V ShellRecents: RecentsTransitionHandler.startAnimation: no controller found
04-11 03:30:35.979  3052  3109 V WindowManagerShell: Transition doesn't have explicit remote, search filters for match for {id=7246 t=CLOSE f=0x0 trk=0 r=[0@Point(0, 0)] c=[{m=CLOSE f=FILLS_TASK leash=Surface(name=ActivityRecord{88306605 u0 com.swordfish.lemuroid.debug/com.swordfish.lemuroid.app.mobile.feature.game.GameActivity)/@0x90d610c sb=Rect(0, 0 - 1220, 2712) eb=Rect(0, 0 - 1220, 2712) epz=Point(1220, 2712) d=0 component=com.swordfish.lemuroid.debug/com.swordfish.lemuroid.app.mobile.feature.game.GameActivity opt={t=CUSTOM enterResId=17432576 changeResId=0 exitResId=17432577 mUserId=0}},{m=TO_FRONT f=FILLS_TASK leash=Surface(name=ActivityRecord{243765172 u0 com.swordfish.lemuroid.debug/com.swordfish.lemuroid.app.mobile.feature.main.MainActivity)/@0x98c2a55 sb=Rect(0, 0 - 1220, 2712) eb=Rect(0, 0 - 1220, 2712) epz=Point(1220, 2712) d=0 component=com.swordfish.lemuroid.debug/com.swordfish.lemuroid.app.mobile.feature.main.MainActivity opt={t=CUSTOM enterResId=17432576 changeResId=0 exitResId=17432577 mUserId=0}}]}
04-11 03:30:35.979  3052  3109 V WindowManagerShell:  Checking filter Pair{{types=[] flags=0x0] notFlags=0x100 checks=[{atype=home independent=true modes=[OPEN,TO_FRONT] flags=NONE mustBeTask=false order=TOP topActivity=ComponentInfo{com.motorola.launcher3/com.android.launcher3.uioverrides.QuickstepLauncher} launchCookie=null windowingMode=undefined},{atype=standard independent=true modes=[CLOSE,TO_BACK] flags=NONE mustBeTask=false order=ANY topActivity=null launchCookie=null windowingMode=undefined}]} RemoteTransition { remoteTransition = android.window.IRemoteTransition$Stub$Proxy@ab89f2e, appThread = android.app.IApplicationThread$Stub$Proxy@caffacf, debugName = QuickstepLaunchHome }}
04-11 03:30:35.979  3052  3109 V WindowManagerShell:  Delegate animation for (#7246) to null
04-11 03:30:35.979  3052  3109 V WindowManagerShell: start default transition animation, info = {id=7246 t=CLOSE f=0x0 trk=0 r=[0@Point(0, 0)] c=[{m=CLOSE f=FILLS_TASK leash=Surface(name=ActivityRecord{88306605 u0 com.swordfish.lemuroid.debug/com.swordfish.lemuroid.app.mobile.feature.game.GameActivity)/@0x90d610c sb=Rect(0, 0 - 1220, 2712) eb=Rect(0, 0 - 1220, 2712) epz=Point(1220, 2712) d=0 component=com.swordfish.lemuroid.debug/com.swordfish.lemuroid.app.mobile.feature.game.GameActivity opt={t=CUSTOM enterResId=17432576 changeResId=0 exitResId=17432577 mUserId=0}},{m=TO_FRONT f=FILLS_TASK leash=Surface(name=ActivityRecord{243765172 u0 com.swordfish.lemuroid.debug/com.swordfish.lemuroid.app.mobile.feature.main.MainActivity)/@0x98c2a55 sb=Rect(0, 0 - 1220, 2712) eb=Rect(0, 0 - 1220, 2712) epz=Point(1220, 2712) d=0 component=com.swordfish.lemuroid.debug/com.swordfish.lemuroid.app.mobile.feature.main.MainActivity opt={t=CUSTOM enterResId=17432576 changeResId=0 exitResId=17432577 mUserId=0}}]}
04-11 03:30:35.980  2387  2462 W MotoBatteryCareService: uid: 10516 pkgName:com.swordfish.lemuroid.debug come to foreground
04-11 03:30:35.983  2387  2451 W ProcessStats: Tracking association SourceState{8d8976f system/1000 ImpBg #1329030} whose proc state 6 is better than process ProcessState{7f16e5f com.google.android.inputmethod.latin/10258 pkg=com.google.android.inputmethod.latin} proc state 14 (2 skipped)
04-11 03:30:35.983  2387  2997 D BackgroundInstallControlService: Package event received: 0
04-11 03:30:35.984  2387  2997 D BackgroundInstallControlService: Package event received: 0
04-11 03:30:35.984  2387  2997 D BackgroundInstallControlService: Package event received: 0
04-11 03:30:35.984  2387  2997 D BackgroundInstallControlService: Package event received: 0
04-11 03:30:35.984  2387  2997 D BackgroundInstallControlService: Package event received: 0
04-11 03:30:35.984  2387  2997 D BackgroundInstallControlService: Package event received: 0
04-11 03:30:35.984  2387  2997 D BackgroundInstallControlService: Package event received: 0
04-11 03:30:35.985 27769 27802 W JobInfo : Requested important-while-foreground flag for job77 is ignored and takes no effect
04-11 03:30:35.986  2387  2997 D BackgroundInstallControlService: Package event received: 0
04-11 03:30:35.986  2387  2997 D BackgroundInstallControlService: Package event received: 0
04-11 03:30:35.986  2387  2997 D BackgroundInstallControlService: Package event received: 0
04-11 03:30:35.986  2387  2997 D BackgroundInstallControlService: Package event received: 0
04-11 03:30:35.986  2387  2997 D BackgroundInstallControlService: Package event received: 0
04-11 03:30:35.986  2387  2997 D BackgroundInstallControlService: Package event received: 0
04-11 03:30:35.987  2387  2997 D BackgroundInstallControlService: Package event received: 0
04-11 03:30:35.987  2387  2997 D BackgroundInstallControlService: Package event received: 0
04-11 03:30:35.987  2387  2997 D BackgroundInstallControlService: Package event received: 0
04-11 03:30:35.987  2387  2997 D BackgroundInstallControlService: Package event received: 0
04-11 03:30:35.987  2387  2997 D BackgroundInstallControlService: Package event received: 0
04-11 03:30:35.987  2387  2997 D BackgroundInstallControlService: Package event received: 0
04-11 03:30:35.987  2387  2997 D BackgroundInstallControlService: Package event received: 0
04-11 03:30:35.987  2387  2997 D BackgroundInstallControlService: Package event received: 0
04-11 03:30:35.987  2387  2997 D BackgroundInstallControlService: Package event received: 0
04-11 03:30:35.987  2387  2997 D BackgroundInstallControlService: Package event received: 0
04-11 03:30:35.988  2387  2997 D BackgroundInstallControlService: Package event received: 0
04-11 03:30:35.988  2387  2997 D BackgroundInstallControlService: Package event received: 0
04-11 03:30:35.988  2387  2997 D BackgroundInstallControlService: Package event received: 0
04-11 03:30:35.988  2387  2997 D BackgroundInstallControlService: Package event received: 0
04-11 03:30:35.988  2387  2997 D BackgroundInstallControlService: Package event received: 0
04-11 03:30:35.988  2387  2997 D BackgroundInstallControlService: Package event received: 0
04-11 03:30:35.988  2387  2997 D BackgroundInstallControlService: Package event received: 0
04-11 03:30:35.988  2387  2997 D BackgroundInstallControlService: Package event received: 0
04-11 03:30:35.988  2387  2997 D BackgroundInstallControlService: Package event received: 0
04-11 03:30:35.988  2387  2997 D BackgroundInstallControlService: Package event received: 0
04-11 03:30:35.988  2387  2997 D BackgroundInstallControlService: Package event received: 0
04-11 03:30:35.988  2387  2997 D BackgroundInstallControlService: Package event received: 0
04-11 03:30:35.997  2387  2462 D addPss  : tracker=ProcessState{648c418 com.whatsapp/10374 pkg=com.whatsapp}
04-11 03:30:35.998  2387  2462 D addPss  : tracker=ProcessState{2e6fc51 com.mercadopago.wallet/10380 pkg=com.mercadopago.wallet}
04-11 03:30:36.000  2387  2462 D addPss  : tracker=ProcessState{380999f com.google.android.webview:sandboxed_process0:org.chromium.content.app.SandboxedProcessService0:0/10380 pkg=com.mercadopago.wallet}
04-11 03:30:36.002 27769 28686 I CacheCleaner$clean: Running cache cleanup lru task
04-11 03:30:36.002  2387  2462 D addPss  : tracker=ProcessState{9236c1e com.google.android.gm/10259 pkg=com.google.android.gm}
04-11 03:30:36.004 27769 28686 I CacheCleaner$clean: Space used by cache: 0 B / 2,05 GB
04-11 03:30:36.004 27769 28686 I CacheCleaner$clean: Freeing cache space: 0 B
04-11 03:30:36.005  2387  2462 D addPss  : tracker=ProcessState{11a833c com.facebook.orca/10379 pkg=com.facebook.orca}
04-11 03:30:36.005  1719  3449 I EffectsFactory: Effect_Command(): self = 0xb40000744cb16640, cmdCode = 8
04-11 03:30:36.005  1719  3449 D DlbDapEffectContext: DapEffectContext[0xb40000760ca9e450] getDapParameter() outval size = 4, ret = 0
04-11 03:30:36.008  2387  2462 D addPss  : tracker=ProcessState{438e866 com.instagram.android/10373 pkg=com.instagram.android}
04-11 03:30:36.009 27769 27800 I WM-WorkerWrapper: Worker result SUCCESS for Work [ id=23cb53a0-83f1-46be-b9e4-00dd39041019, tags={ com.swordfish.lemuroid.app.shared.storage.cache.CacheCleanerWork } ]
04-11 03:30:36.010  2387  2462 D addPss  : tracker=ProcessState{dce1848 com.microsoft.office.outlook/10381 pkg=com.microsoft.office.outlook}
04-11 03:30:36.010  2387  2462 D addPss  : tracker=ProcessState{2fd3820 com.linkedin.android/10422 pkg=com.linkedin.android}
04-11 03:30:36.014  2387  2462 D addPss  : tracker=ProcessState{7348ead com.google.android.apps.turbo/10234 pkg=com.google.android.apps.turbo}
04-11 03:30:36.015  1730  1800 I HfLooper: moto_sensor LIGHT_SENSOR_LIGHT_1 lux = 0.000000, timestamp = 870255422162083 
04-11 03:30:36.017  2387  2462 D addPss  : tracker=ProcessState{32bfebc com.facebook.appmanager/10279 pkg=com.facebook.appmanager}
04-11 03:30:36.018  2387  2462 D addPss  : tracker=ProcessState{dc11387 com.facebook.system/10240 pkg=com.facebook.system}
04-11 03:30:36.018  1973  1973 W libc    : Access denied finding property "hwservicemanager.ready"
04-11 03:30:36.015  1973  1973 W binder:1973_2: type=1400 audit(0.0:2536733): avc:  denied  { read } for  name="u:object_r:hwservicemanager_prop:s0" dev="tmpfs" ino=322 scontext=u:r:lbs_dbg_ext:s0 tcontext=u:object_r:hwservicemanager_prop:s0 tclass=file permissive=0
04-11 03:30:36.019  2387  2462 D addPss  : tracker=ProcessState{772a5ba android.process.acore/10126 pkg=com.android.providers.contacts (sub)}
04-11 03:30:36.021  2387  2462 D addPss  : tracker=ProcessState{8937787 com.motorola.freeform/10308 pkg=com.motorola.freeform}
04-11 03:30:36.023  2387  2462 D addPss  : tracker=ProcessState{8336f14 com.google.android.adservices.api/10344 pkg=com.google.android.adservices.api}
04-11 03:30:36.025  2387  2462 D addPss  : tracker=ProcessState{bba37b7 com.google.android.apps.photos/10272 pkg=com.google.android.apps.photos}
04-11 03:30:36.027  2387  2462 D addPss  : tracker=ProcessState{d05f209 com.google.android.tts/10264 pkg=com.google.android.tts}
04-11 03:30:36.029  2387  2462 D addPss  : tracker=ProcessState{11fc497 com.zhiliaoapp.musically/10084 pkg=com.zhiliaoapp.musically}
04-11 03:30:36.030  2387  2462 D addPss  : tracker=ProcessState{a352295 com.motorola.camera5/10209 pkg=com.motorola.camera5}
04-11 03:30:36.031  2387  2462 D addPss  : tracker=ProcessState{8000fbf com.google.android.apps.maps/10263 pkg=com.google.android.apps.maps}
04-11 03:30:36.032  2387  2462 D addPss  : tracker=ProcessState{a6b2dc8 com.google.android.projection.gearhead:car/10177 pkg=com.google.android.projection.gearhead}
04-11 03:30:36.032  2387  2462 D addPss  : tracker=ProcessState{971e2ff com.android.systemui:screenshot/10333 pkg=com.android.systemui}
04-11 03:30:36.033  2387  2462 D addPss  : tracker=ProcessState{cd9370e com.motorola.screenshoteditor/10222 pkg=com.motorola.screenshoteditor}
04-11 03:30:36.042  3052  3109 V WindowManagerShell:  animated by com.android.wm.shell.transition.DefaultTransitionHandler@a6e148b
04-11 03:30:36.042 24083 24290 D LooperExecutor: main execute: com.android.quickstep.RecentTasksList$1$$ExternalSyntheticLambda3@a36cf5e
04-11 03:30:36.042 24083 24083 D LooperExecutor: UiThreadHelper execute: com.android.quickstep.RecentTasksList$$ExternalSyntheticLambda0@d391f3f
04-11 03:30:36.048  1973  1973 W libc    : Access denied finding property "hwservicemanager.ready"
04-11 03:30:36.043  1973  1973 W binder:1973_2: type=1400 audit(0.0:2536734): avc:  denied  { read } for  name="u:object_r:hwservicemanager_prop:s0" dev="tmpfs" ino=322 scontext=u:r:lbs_dbg_ext:s0 tcontext=u:object_r:hwservicemanager_prop:s0 tclass=file permissive=0
04-11 03:30:36.055  1719  1780 I MtkBTAudioProviderA2dpHW: setLowLatencyModeAllowed - SessionType=A2DP_HARDWARE_OFFLOAD_ENCODING_DATAPATH
04-11 03:30:36.055  1719  1780 I MtkBTAudioProviderA2dpHW: setLowLatencyModeAllowed Game mode for SessionType=LE_AUDIO_HARDWARE_OFFLOAD_ENCODING_DATAPATH
04-11 03:30:36.055  1719  1780 I MtkBTAudioProviderA2dpHW: setLowLatencyModeAllowed Game mode for SessionType=LE_AUDIO_HARDWARE_OFFLOAD_DECODING_DATAPATH
04-11 03:30:36.055  1719  1780 I MtkBTAudioProviderA2dpHW: setLowLatencyModeAllowed Game mode for SessionType=A2DP_HARDWARE_OFFLOAD_ENCODING_DATAPATH
04-11 03:30:36.055  1719  1780 I MtkBTAudioProviderA2dpHW: setLowLatencyModeAllowed Game mode for SessionType=LE_AUDIO_BROADCAST_HARDWARE_OFFLOAD_ENCODING_DATAPATH
04-11 03:30:36.101  1719  3449 I EffectsFactory: Effect_Command(): self = 0xb40000744cb16640, cmdCode = 8
04-11 03:30:36.101  1719  3449 D DlbDapEffectContext: DapEffectContext[0xb40000760ca9e450] getDapParameter() outval size = 4, ret = 0
04-11 03:30:36.111  2387  2767 I ImeTracker: com.swordfish.lemuroid.debug:cf10af87: onRequestHide at ORIGIN_SERVER reason HIDE_UNSPECIFIED_WINDOW fromUser false
04-11 03:30:36.115 16886 16886 I GoogleInputMethodService: GoogleInputMethodService.onFinishInput():2186 
04-11 03:30:36.115 16886 16886 I Module  : DeviceLockedStatusModuleProvider$Module.updateDeviceLockedStatus():103 repeatCheckTimes = 0, locked = false
04-11 03:30:36.116 16886 16886 I GoogleInputMethodService: GoogleInputMethodService.onStartInput():1444 onStartInput(EditorInfo{EditorInfo{packageName=com.swordfish.lemuroid.debug, inputType=0, inputTypeString=NULL, enableLearning=false, autoCorrection=false, autoComplete=false, imeOptions=0, privateImeOptions=null, actionName=UNSPECIFIED, actionLabel=null, initialSelStart=-1, initialSelEnd=-1, initialCapsMode=0, label=null, fieldId=0, fieldName=null, extras=null, hintText=null, hintLocales=[]}}, false)
04-11 03:30:36.116 16886 16886 W AndroidIME: LatinIMEBase.updateInputViewCoverNavigation():326 Null input view, cannot update padding!
04-11 03:30:36.117 16886 16886 I Module  : DeviceLockedStatusModuleProvider$Module.updateDeviceLockedStatus():103 repeatCheckTimes = 1, locked = false
04-11 03:30:36.117  2387 20500 I ImeTracker: system_server:21daeeb: onRequestHide at ORIGIN_SERVER reason IME_REQUESTED_CHANGED_LISTENER fromUser false
04-11 03:30:36.118 27769 27769 D InsetsController: hide(ime(), fromIme=false)
04-11 03:30:36.118 27769 27769 I ImeTracker: com.swordfish.lemuroid.debug:cf10af87: onCancelled at PHASE_CLIENT_ALREADY_HIDDEN
04-11 03:30:36.118  2387  2451 I ImeTracker: system_server:21daeeb: onCancelled at PHASE_SERVER_SHOULD_HIDE
04-11 03:30:36.118 15791 15791 E eara_io@service: [main] notify: boost=3
04-11 03:30:36.119 15791 15791 I eara_io@boost: [eara_io_boost] wl 28 , top 69 , req_r 1357 , req_w 29 , top_r_sz_mb 16 , top_w_sz_mb 0 , reqc_rand 501
04-11 03:30:36.119 15791 15791 I eara_io@boost: [eara_io_boost] init_w_threshold_accu_mb 0 , init_w_threshold_accu_mb_prev 0 , perf_rsc_init_w_to_set 0
04-11 03:30:36.119 15791 15791 I eara_io@boost: [eara_io_boost] Light boost=3
04-11 03:30:36.120  2387 20500 W PackageConfigPersister: App-specific configuration not found for packageName: com.swordfish.lemuroid.debug and userId: 0
04-11 03:30:36.122  1719  3449 I MediatekBTAudioProviderStub: enterGameMode enter = 0
04-11 03:30:36.124  1730  1800 I HfLooper: moto_sensor LIGHT_SENSOR_LIGHT_1 lux = 0.000000, timestamp = 870255531628943 
04-11 03:30:36.124  1719  3449 W MtkBTAudioProviderSession_2_1: EnterGameMode Session not ready.  - SessionType=UNKNOWN
04-11 03:30:36.125  1719  3449 W MtkBTAudioProviderSession_2_1: EnterGameMode Session not ready.  - SessionType=UNKNOWN
04-11 03:30:36.125  1719  3449 W MtkBTAudioProviderSession_2_1: EnterGameMode Session not ready.  - SessionType=LE_AUDIO_SOFTWARE_ENCODING_DATAPATH
04-11 03:30:36.125  1719  3449 W MtkBTAudioProviderSession_2_1: EnterGameMode Session not ready.  - SessionType=LE_AUDIO_SOFTWARE_DECODED_DATAPATH
04-11 03:30:36.125  1719  1785 I EffectsFactory: Effect_Command(): self = 0xb40000744cb16640, cmdCode = 8
04-11 03:30:36.125  1719  3449 W MtkBTAudioProviderSession_2_1: EnterGameMode Session not ready.  - SessionType=LE_AUDIO_HARDWARE_OFFLOAD_ENCODING_DATAPATH
04-11 03:30:36.125  1719  3449 W MtkBTAudioProviderSession_2_1: EnterGameMode Session not ready.  - SessionType=LE_AUDIO_HARDWARE_OFFLOAD_DECODING_DATAPATH
04-11 03:30:36.126  1719  1785 D DlbDapEffectContext: DapEffectContext[0xb40000760ca9e450] getDapParameter() outval size = 4, ret = 0
04-11 03:30:36.126  1763  1850 I libPowerHal: [updateDefaultValue] [normal_mode] update cmd:2810000 param:0
04-11 03:30:36.126  1763  1850 I libPowerHal: [write_string_to_file]  28658 0 /sys/kernel/fpsgo/composer/fpsgo_control_pid
04-11 03:30:36.128  1763  1850 I libPowerHal: [normal_mode] update ONESHOT(unset) cmd:2004700 param:1
04-11 03:30:36.128  1763  1850 I libPowerHal: [write_string_to_file]  28658 0 /sys/kernel/fpsgo/fstb/fstb_self_ctrl_fps_enable_by_pid
04-11 03:30:36.129  1763  1850 I libPowerHal: [normal_mode] update ONESHOT(unset) cmd:2080100 param:1
04-11 03:30:36.129  1763  1850 I libPowerHal: [unset_rescue_enable_by_pid] 1
04-11 03:30:36.129  1763  1850 I libPowerHal: [write_cmd_to_file]  rescue_enable u 28658 -1 /sys/kernel/fpsgo/fbt/fbt_attr_by_pid
04-11 03:30:36.129  1763  1850 I libPowerHal: [normal_mode] update ONESHOT(unset) cmd:203cd00 param:1
04-11 03:30:36.129  1763  1850 I libPowerHal: [unset_boost_VIP_by_pid] 2
04-11 03:30:36.129  1763  1850 I libPowerHal: [write_cmd_to_file]  boost_VIP u 28658 -1 /sys/kernel/fpsgo/fbt/fbt_attr_by_pid
04-11 03:30:36.129  1763  1850 I libPowerHal: [normal_mode] update ONESHOT(unset) cmd:203d000 param:2
04-11 03:30:36.129  1763  1850 I libPowerHal: [unset_heavy_group_num_by_pid] 3
04-11 03:30:36.129  1763  1850 I libPowerHal: [write_cmd_to_file]  heavy_group_num u 28658 -1 /sys/kernel/fpsgo/fbt/fbt_attr_by_pid
04-11 03:30:36.129  1763  1850 I libPowerHal: [normal_mode] update ONESHOT(unset) cmd:203da00 param:3
04-11 03:30:36.129  1763  1850 I libPowerHal: [unset_set_ls_by_pid] 1
04-11 03:30:36.129  1763  1850 I libPowerHal: [write_cmd_to_file]  set_ls u 28658 -1 /sys/kernel/fpsgo/fbt/fbt_attr_by_pid
04-11 03:30:36.129  1763  1850 I libPowerHal: [normal_mode] update ONESHOT(unset) cmd:203de00 param:1
04-11 03:30:36.129  1763  1850 I libPowerHal: [unset_ls_groupmask_by_pid] 1
04-11 03:30:36.129  1763  1850 I libPowerHal: [write_cmd_to_file]  ls_groupmask u 28658 -1 /sys/kernel/fpsgo/fbt/fbt_attr_by_pid
04-11 03:30:36.129  1763  1850 I libPowerHal: [normal_mode] update ONESHOT(unset) cmd:203e000 param:1
04-11 03:30:36.129  1763  1850 I libPowerHal: [unset_vip_mask_by_pid] 4
04-11 03:30:36.129  1763  1850 I libPowerHal: [write_cmd_to_file]  vip_mask u 28658 -1 /sys/kernel/fpsgo/fbt/fbt_attr_by_pid
04-11 03:30:36.129  1763  1850 I libPowerHal: [normal_mode] update ONESHOT(unset) cmd:203e200 param:4
04-11 03:30:36.130  1763  1850 I libPowerHal: [unset_rescue_second_enable_by_pid] 1
04-11 03:30:36.130  1763  1850 I libPowerHal: [write_cmd_to_file]  rescue_second_enable u 28658 -1 /sys/kernel/fpsgo/fbt/fbt_attr_by_pid
04-11 03:30:36.130  1763  1850 I libPowerHal: [normal_mode] update ONESHOT(unset) cmd:203cb00 param:1
04-11 03:30:36.130  1763  1850 I libPowerHal: [unset_filter_frame_enable_by_pid] 1
04-11 03:30:36.130  1763  1850 I libPowerHal: [write_cmd_to_file]  filter_frame_enable u 28658 -1 /sys/kernel/fpsgo/fbt/fbt_attr_by_pid
04-11 03:30:36.130  1763  1850 I libPowerHal: [normal_mode] update ONESHOT(unset) cmd:2064800 param:1
04-11 03:30:36.130  1763  1850 I libPowerHal: [unset_separate_aa_by_pid] 1
04-11 03:30:36.130  1763  1850 I libPowerHal: [write_cmd_to_file]  separate_aa u 28658 -1 /sys/kernel/fpsgo/fbt/fbt_attr_by_pid
04-11 03:30:36.130  1763  1850 I libPowerHal: [normal_mode] update ONESHOT(unset) cmd:2045200 param:1
04-11 03:30:36.130  1763  1850 I libPowerHal: [unset_boost_affinity_by_pid] 6
04-11 03:30:36.130  1763  1850 I libPowerHal: [write_cmd_to_file]  boost_affinity u 28658 -1 /sys/kernel/fpsgo/fbt/fbt_attr_by_pid
04-11 03:30:36.130  1763  1850 I libPowerHal: [normal_mode] update ONESHOT(unset) cmd:205c400 param:6
04-11 03:30:36.130  1763  1850 I libPowerHal: [unset_gcc_enable_by_pid] 2
04-11 03:30:36.130  1763  1850 I libPowerHal: [write_cmd_to_file]  gcc_enable u 28658 -1 /sys/kernel/fpsgo/fbt/fbt_attr_by_pid
04-11 03:30:36.130  1763  1850 I libPowerHal: [normal_mode] update ONESHOT(unset) cmd:206cf00 param:2
04-11 03:30:36.130  1763  1850 I libPowerHal: [normal_mode] update ONESHOT(unset) cmd:144c000 param:1
04-11 03:30:36.130  1763  1850 I libPowerHal: [unset_check_buffer_quota_by_pid] 1
04-11 03:30:36.130  1763  1850 I libPowerHal: [write_cmd_to_file]  check_buffer_quota u 28658 -1 /sys/kernel/fpsgo/fbt/fbt_attr_by_pid
04-11 03:30:36.130  1763  1850 I libPowerHal: [normal_mode] update ONESHOT(unset) cmd:203ce00 param:1
04-11 03:30:36.130  1763  1850 I libPowerHal: [unset_aa_b_minus_idle_t_by_pid] 1
04-11 03:30:36.130  1763  1850 I libPowerHal: [write_cmd_to_file]  aa_b_minus_idle_t u 28658 -1 /sys/kernel/fpsgo/fbt/fbt_attr_by_pid
04-11 03:30:36.130  1763  1850 I libPowerHal: [normal_mode] update ONESHOT(unset) cmd:2040500 param:1
04-11 03:30:36.130  1763  1850 I libPowerHal: [PD] system_server update ONESHOT(unset) cmd:3404200 param:1
04-11 03:30:36.131  1763  1850 I mtkpower@impl: [powerd_req] TIMER_MSG_PERF_LOCK_TIMEOUT hdl:434987
04-11 03:30:36.131  1763  1850 I libPowerHal: [perfLockRel] hdl:434987, idx:15
04-11 03:30:36.131  1763  1850 I libPowerHal: [setClusterFreq]  set cpu_ctrl cpufreq: 2000000 -1 2500000 -1 
04-11 03:30:36.132  1763  1850 I libPowerHal: [unsetGPUFreq] current min:0, max:0; scn_gpu_min:0, scn_gpu_max:-1; scn_gpu_min(HL):-1, scn_gpu_max(HL):-1
04-11 03:30:36.132  1763  1850 I libPowerHal: system_server: set gpu opp level: 35
04-11 03:30:36.132  1763  1850 I libPowerHal: system_server: set gpu opp level max: 0
04-11 03:30:36.132  1763  1850 I libPowerHal: [setGPUFreq] Soft min/max = (35, 0); Hard min/max = (35, 0)
04-11 03:30:36.132  1763  1850 I libPowerHal: [setGPUFreq] final min/max = (35, 0)
04-11 03:30:36.132  1763  1850 I libPowerHal: system_server: set gpu opp level: 35
04-11 03:30:36.132  1763  1850 I libPowerHal: system_server: set gpu opp level max: 0
04-11 03:30:36.132  1763  1850 I libPowerHal: [PD] system_server update cmd:1404300 param:0
04-11 03:30:36.132  2387  3051 I mtkpower_client: PowerHal_Wrap_EnableGameMode, [Enable Game Mode] hdl: 434992, gameModeIndex: 0
04-11 03:30:36.133  1763  1850 I libPowerHal: [setDvfsrcDevFreqOpp] opp:1, freq:4212000000
04-11 03:30:36.133  1763  1850 I libPowerHal: [PD] system_server update cmd:1000000 param:1
04-11 03:30:36.133  1763  1850 I libPowerHal: [perfLockAcq] idx:7 hdl:434992 hint:-1 pid:2387 tid:3051 duration:0 lock_user:system_server => ret_hdl:434992
04-11 03:30:36.133  1763  1850 I libPowerHal: [setGameMode] enable: 1
04-11 03:30:36.133  1763  1850 I libPowerHal: [updateDefaultValue] [Game_Mode] update cmd:143c100 param:0
04-11 03:30:36.134  1763  1850 I libPowerHal: [updateDefaultValue] [Game_Mode] update cmd:2048900 param:1
04-11 03:30:36.134  1763  1850 I libPowerHal: [updateDefaultValue] [Game_Mode] update cmd:205c700 param:240
04-11 03:30:36.134  1763  1850 I libPowerHal: [updateDefaultValue] [Game_Mode] update cmd:205cb00 param:240
04-11 03:30:36.134  1763  1850 I libPowerHal: [updateDefaultValue] [Game_Mode] update cmd:2060000 param:1
04-11 03:30:36.134  1763  1850 I libPowerHal: [updateDefaultValue] [Game_Mode] update cmd:2060500 param:50
04-11 03:30:36.134  1763  1850 I libPowerHal: [updateDefaultValue] [Game_Mode] update cmd:2078000 param:1
04-11 03:30:36.134  1763  1850 I libPowerHal: [Game_Mode] update ONESHOT(set) cmd:2070000 param:1
04-11 03:30:36.134  1763  1850 I libPowerHal: [Game_Mode] update ONESHOT(set) cmd:2070200 param:55000
04-11 03:30:36.135  1763  1850 I libPowerHal: [Game_Mode] update ONESHOT(set) cmd:2070400 param:10
04-11 03:30:36.135  1763  1850 I libPowerHal-bt: bt_audio_low_latency: enter = 1, data:0x0
04-11 03:30:36.135  1763  1850 I libPowerHal-bt: set_performace_prop: will set prop vendor.bluetooth.performance.game=true ; vendor.bluetooth.performance.game_ultra=false
04-11 03:30:36.135  3858  3858 I frs     : Get from client frs enable 1 27769
04-11 03:30:36.135  3858  3858 I frs     : cmd=enable arg1=1 val=1, val2=27769
04-11 03:30:36.135  3858  3858 I frs     : Get from client frs target_temp 55000
04-11 03:30:36.135  3858  3858 I frs     : cmd=target_temp arg1=55000 val=55000, val2=0
04-11 03:30:36.135  3858  3858 I frs     : Get from client frs min_fps 10
04-11 03:30:36.135  3858  3858 I frs     : cmd=min_fps arg1=10 val=10, val2=0
04-11 03:30:36.131  1973  1973 W binder:1973_2: type=1400 audit(0.0:2536735): avc:  denied  { read } for  name="u:object_r:hwservicemanager_prop:s0" dev="tmpfs" ino=322 scontext=u:r:lbs_dbg_ext:s0 tcontext=u:object_r:hwservicemanager_prop:s0 tclass=file permissive=0
04-11 03:30:36.136  1795  2313 I SurfaceFlinger: onHandleDestroyed: layerId=94790, name=Surface(name=f193c58 InputMethod)/@0x332c696 - animation-leash of insets_animation#94790
04-11 03:30:36.137  1973  1973 W libc    : Access denied finding property "hwservicemanager.ready"
04-11 03:30:36.138  1719  1780 I MtkBTAudioProviderA2dpHW: setLowLatencyModeAllowed - SessionType=A2DP_HARDWARE_OFFLOAD_ENCODING_DATAPATH
04-11 03:30:36.138  1973  1973 W libc    : Access denied finding property "hwservicemanager.ready"
04-11 03:30:36.138  1719  1780 I MtkBTAudioProviderA2dpHW: setLowLatencyModeAllowed Game mode for SessionType=LE_AUDIO_HARDWARE_OFFLOAD_ENCODING_DATAPATH
04-11 03:30:36.138  1719  1780 I MtkBTAudioProviderA2dpHW: setLowLatencyModeAllowed Game mode for SessionType=LE_AUDIO_HARDWARE_OFFLOAD_DECODING_DATAPATH
04-11 03:30:36.138  1719  1780 I MtkBTAudioProviderA2dpHW: setLowLatencyModeAllowed Game mode for SessionType=A2DP_HARDWARE_OFFLOAD_ENCODING_DATAPATH
04-11 03:30:36.138  1719  1780 I MtkBTAudioProviderA2dpHW: setLowLatencyModeAllowed Game mode for SessionType=LE_AUDIO_BROADCAST_HARDWARE_OFFLOAD_ENCODING_DATAPATH
04-11 03:30:36.139  1719  1785 I MediatekBTAudioProviderStub: enterGameMode enter = 1
04-11 03:30:36.139  1719  1785 W MtkBTAudioProviderSession_2_1: EnterGameMode Session not ready.  - SessionType=UNKNOWN
04-11 03:30:36.139  1719  1785 W MtkBTAudioProviderSession_2_1: EnterGameMode Session not ready.  - SessionType=UNKNOWN
04-11 03:30:36.139  1719  1785 W MtkBTAudioProviderSession_2_1: EnterGameMode Session not ready.  - SessionType=LE_AUDIO_SOFTWARE_ENCODING_DATAPATH
04-11 03:30:36.139  1719  1785 W MtkBTAudioProviderSession_2_1: EnterGameMode Session not ready.  - SessionType=LE_AUDIO_SOFTWARE_DECODED_DATAPATH
04-11 03:30:36.139  1719  1785 W MtkBTAudioProviderSession_2_1: EnterGameMode Session not ready.  - SessionType=LE_AUDIO_HARDWARE_OFFLOAD_ENCODING_DATAPATH
04-11 03:30:36.139  1719  1785 W MtkBTAudioProviderSession_2_1: EnterGameMode Session not ready.  - SessionType=LE_AUDIO_HARDWARE_OFFLOAD_DECODING_DATAPATH
04-11 03:30:36.139  1763  1850 I libPowerHal: [updateDefaultValue] [Game_Mode] update cmd:2810000 param:1
04-11 03:30:36.139  1763  1850 I libPowerHal: [set_fpsgo_control_by_pid] 1
04-11 03:30:36.139  1763  1850 I libPowerHal: [write_string_to_file]  27769 1 /sys/kernel/fpsgo/composer/fpsgo_control_pid
04-11 03:30:36.139  1763  1850 I libPowerHal: [Game_Mode] update ONESHOT(set) cmd:2004700 param:1
04-11 03:30:36.139  1763  1850 I libPowerHal: [set_fstbv2_enable_by_pid] 1
04-11 03:30:36.139  1763  1850 I libPowerHal: [write_string_to_file]  27769 1 /sys/kernel/fpsgo/fstb/fstb_self_ctrl_fps_enable_by_pid
04-11 03:30:36.139  1763  1850 I libPowerHal: [Game_Mode] update ONESHOT(set) cmd:2080100 param:1
04-11 03:30:36.139  1763  1850 I libPowerHal: [set_rescue_enable_by_pid] 1
04-11 03:30:36.139  1763  1850 I libPowerHal: [write_cmd_to_file]  rescue_enable s 27769 1 /sys/kernel/fpsgo/fbt/fbt_attr_by_pid
04-11 03:30:36.139  1763  1850 I libPowerHal: [Game_Mode] update ONESHOT(set) cmd:203cd00 param:1
04-11 03:30:36.139  1763  1850 I libPowerHal: [set_boost_VIP_by_pid] 2
04-11 03:30:36.139  1763  1850 I libPowerHal: [write_cmd_to_file]  boost_VIP s 27769 2 /sys/kernel/fpsgo/fbt/fbt_attr_by_pid
04-11 03:30:36.139  1763  1850 I libPowerHal: [Game_Mode] update ONESHOT(set) cmd:203d000 param:2
04-11 03:30:36.139  1763  1850 I libPowerHal: [set_heavy_group_num_by_pid] 3
04-11 03:30:36.139  1763  1850 I libPowerHal: [write_cmd_to_file]  heavy_group_num s 27769 3 /sys/kernel/fpsgo/fbt/fbt_attr_by_pid
04-11 03:30:36.139  1763  1850 I libPowerHal: [Game_Mode] update ONESHOT(set) cmd:203da00 param:3
04-11 03:30:36.139  1763  1850 I libPowerHal: [set_set_ls_by_pid] 1
04-11 03:30:36.139  1763  1850 I libPowerHal: [write_cmd_to_file]  set_ls s 27769 1 /sys/kernel/fpsgo/fbt/fbt_attr_by_pid
04-11 03:30:36.139  1763  1850 I libPowerHal: [Game_Mode] update ONESHOT(set) cmd:203de00 param:1
04-11 03:30:36.139  1763  1850 I libPowerHal: [set_ls_groupmask_by_pid] 1
04-11 03:30:36.139  1763  1850 I libPowerHal: [write_cmd_to_file]  ls_groupmask s 27769 1 /sys/kernel/fpsgo/fbt/fbt_attr_by_pid
04-11 03:30:36.139  1763  1850 I libPowerHal: [Game_Mode] update ONESHOT(set) cmd:203e000 param:1
04-11 03:30:36.139  1763  1850 I libPowerHal: [set_vip_mask_by_pid] 4
04-11 03:30:36.139  1763  1850 I libPowerHal: [write_cmd_to_file]  vip_mask s 27769 4 /sys/kernel/fpsgo/fbt/fbt_attr_by_pid
04-11 03:30:36.139  1763  1850 I libPowerHal: [Game_Mode] update ONESHOT(set) cmd:203e200 param:4
04-11 03:30:36.139  1763  1850 I libPowerHal: [set_rescue_second_enable_by_pid] 1
04-11 03:30:36.139  1763  1850 I libPowerHal: [write_cmd_to_file]  rescue_second_enable s 27769 1 /sys/kernel/fpsgo/fbt/fbt_attr_by_pid
04-11 03:30:36.139  1763  1850 I libPowerHal: [Game_Mode] update ONESHOT(set) cmd:203cb00 param:1
04-11 03:30:36.139  1763  1850 I libPowerHal: [set_filter_frame_enable_by_pid] 1
04-11 03:30:36.139  1763  1850 I libPowerHal: [write_cmd_to_file]  filter_frame_enable s 27769 1 /sys/kernel/fpsgo/fbt/fbt_attr_by_pid
04-11 03:30:36.139  1763  1850 I libPowerHal: [Game_Mode] update ONESHOT(set) cmd:2064800 param:1
04-11 03:30:36.139  1763  1850 I libPowerHal: [set_separate_aa_by_pid] 1
04-11 03:30:36.139  1763  1850 I libPowerHal: [write_cmd_to_file]  separate_aa s 27769 1 /sys/kernel/fpsgo/fbt/fbt_attr_by_pid
04-11 03:30:36.139  1763  1850 I libPowerHal: [Game_Mode] update ONESHOT(set) cmd:2045200 param:1
04-11 03:30:36.139  1763  1850 I libPowerHal: [set_boost_affinity_by_pid] 6
04-11 03:30:36.139  1763  1850 I libPowerHal: [write_cmd_to_file]  boost_affinity s 27769 6 /sys/kernel/fpsgo/fbt/fbt_attr_by_pid
04-11 03:30:36.139  1763  1850 I libPowerHal: [Game_Mode] update ONESHOT(set) cmd:205c400 param:6
04-11 03:30:36.139  1763  1850 I libPowerHal: [set_gcc_enable_by_pid] 2
04-11 03:30:36.139  1763  1850 I libPowerHal: [write_cmd_to_file]  gcc_enable s 27769 2 /sys/kernel/fpsgo/fbt/fbt_attr_by_pid
04-11 03:30:36.139  1763  1850 I libPowerHal: [Game_Mode] update ONESHOT(set) cmd:206cf00 param:2
04-11 03:30:36.139  1763  1850 I libPowerHal: [Game_Mode] update ONESHOT(set) cmd:144c000 param:1
04-11 03:30:36.139  1763  1850 I libPowerHal: [set_check_buffer_quota_by_pid] 1
04-11 03:30:36.139  1763  1850 I libPowerHal: [write_cmd_to_file]  check_buffer_quota s 27769 1 /sys/kernel/fpsgo/fbt/fbt_attr_by_pid
04-11 03:30:36.139  1763  1850 I libPowerHal: [Game_Mode] update ONESHOT(set) cmd:203ce00 param:1
04-11 03:30:36.139  1763  1850 I libPowerHal: [set_aa_b_minus_idle_t_by_pid] 1
04-11 03:30:36.139  1763  1850 I libPowerHal: [write_cmd_to_file]  aa_b_minus_idle_t s 27769 1 /sys/kernel/fpsgo/fbt/fbt_attr_by_pid
04-11 03:30:36.139  1763  1850 I libPowerHal: [Game_Mode] update ONESHOT(set) cmd:2040500 param:1
04-11 03:30:36.139  1763  1850 I libPowerHal: [PE] system_server update ONESHOT(set) cmd:3404200 param:1
04-11 03:30:36.140  1763  1850 I libPowerHal: [perfLockAcq] idx:12 hdl:434993 hint:31 pid:2387 tid:2387 duration:1000 lock_user:system_server => ret_hdl:434993
04-11 03:30:36.140  1763  1850 I libPowerHal: [setClusterFreq] MTKPOWER_HINT_WHITELIST_LAUNCH set cpufreq[0] min:2000000 max:-1 cpufreq[1] min:2500000 max:-1 
04-11 03:30:36.140  1763  1850 I libPowerHal: [PE] MTKPOWER_HINT_WHITELIST_LAUNCH update cmd:1404300, param:0
04-11 03:30:36.140  2387  3051 I mtkpower_client: PowerHal_Wrap_EnableGameMode, [Enable Game Mode SCN hint] hdl: 434993, gameScnHintHandle: 0
04-11 03:30:36.142  2387  3051 W Looper  : Slow dispatch took 213ms mtk.am app=system_server main=false group=FOREGROUND h=android.os.Handler c=com.android.server.wm.ActivityRecord$$ExternalSyntheticLambda34@d1fceef m=0
04-11 03:30:36.143  2387  3051 I PowerHalWrapper: amsBoostNotify pid:28658,activity:com.swordfish.lemuroid.app.mobile.feature.game.GameActivity, package:com.swordfish.lemuroid.debug, mProcessCreatePackcom.swordfish.lemuroid.debug 
04-11 03:30:36.143  2387  3051 I PowerHalWrapper: state: 0 
04-11 03:30:36.143  2387  3051 I ScnModule: [GameDetection] requestedPermissions1/1:: com.swordfish.lemuroid.debug:: [android.permission.INTERNET, android.permission.READ_EXTERNAL_STORAGE, android.permission.READ_MEDIA_AUDIO, android.permission.VIBRATE, android.permission.MANAGE_EXTERNAL_STORAGE, com.android.providers.tv.permission.WRITE_EPG_DATA, android.permission.POST_NOTIFICATIONS, android.permission.ACCESS_NETWORK_STATE, android.permission.FOREGROUND_SERVICE_DATA_SYNC, android.permission.RECORD_AUDIO, android.permission.WAKE_LOCK, android.permission.REQUEST_IGNORE_BATTERY_OPTIMIZATIONS, android.permission.RECEIVE_BOOT_COMPLETED, android.permission.FOREGROUND_SERVICE, com.android.providers.tv.permission.READ_EPG_DATA, com.swordfish.lemuroid.debug.DYNAMIC_RECEIVER_NOT_EXPORTED_PERMISSION] 
04-11 03:30:36.144  2387  3051 I ScnModule: [GameDetection] numOfPermissiom:: com.swordfish.lemuroid.debug:: 16 
04-11 03:30:36.144  2387  3051 I ScnModule: [GameDetection] nativeLibs1/1:: com.swordfish.lemuroid.debug:: [libprosystem_libretro_android.so, libmednafen_pce_fast_libretro_android.so, libfbneo_libretro_android.so, libsnes9x_libretro_android.so, libmgba_libretro_android.so, libstella_libretro_android.so, libmupen64plus_next_gles3_libretro_android.so, libpcsx_rearmed_libretro_android.so, liblibretrodroid.so, libmednafen_ngp_libretro_android.so, libgambatte_libretro_android.so, libfceumm_libretro_android.so, libdesmume_libretro_android.so, libmelonds_libretro_android.so, libgenesis_plus_gx_libretro_android.so, libppsspp_libretro_android.so, libfmsx_libretro_android.so, libmednafen_wswan_libretro_android.so, libandroidx.graphics.path.so, libmame2003_plus_libretro_android.so, libcitra_libretro_android.so, libdosbox_pure_libretro_android.so, libhandy_libretro_android.so] 
04-11 03:30:36.144  2387  3051 I ScnModule: [GameDetection] inputPermissions:: com.swordfish.lemuroid.debug:: [0.0, 0.0, 0.0, 1.0, 0.0, 1.0, 0.0, 0.0, 0.0, 0.0, 0.0, 0.0, 1.0, 0.0, 1.0, 0.0, 0.0, 0.0, 0.0, 0.0, 0.0, 0.0, 0.0, 0.0, 0.0, 0.0, 1.0, 1.0, 0.0, 0.0, 0.0, 0.0, 0.0, 0.0, 1.0, 0.0, 0.0, 0.0, 0.0, 0.0, 0.0, 1.0, 1.0, 0.0, 0.0, 0.0, 0.0, 0.0, 0.0, 0.0, 0.0, 0.0, 0.0, 0.0, 0.0, 0.0, 0.0, 0.0, 0.0, 0.0, 1.0, 0.0, 0.0, 0.0, 1.0, 0.0, 0.0, 0.0, 0.0, 0.0, 0.0, 0.0, 0.0, 0.0, 0.0, 0.0, 0.0, 0.0, 0.0, 0.0, 0.0, 0.0, 0.0, 0.0, 0.0, 1.0, 0.0, 0.0, 0.0, 0.0, 0.0, 0.0, 0.0, 0.0, 0.0, 0.0, 0.0, 0.0, 0.0, 0.0, 0.0, 0.0, 0.0, 0.0, 0.0, 0.0, 0.0, 0.0, 0.0, 0.0, 0.0, 0.0, 0.0, 0.0, 0.0, 0.0, 0.0, 0.0, 0.0, 0.0, 0.0, 0.0, 0.0, 0.0, 0.0, 0.0, 0.0, 0.0, 0.0, 0.0, 0.0, 0.0, 0.0, 0.0, 0.0, 0.0, 0.0, 0.0, 0.0, 0.0, 0.0, 0.0, 0.0, 0.0, 0.0, 0.0, 0.0, 0.0, 0.0, 0.0, 0.0, 0.0, 0.0, 0.0, 0.0, 0.0, 0.0, 0.0, 0.0, 0.0, 0.0, 0.0, 0.0, 0.0, 0.0, 0.0, 0.0, 0.0, 0.0, 1.0, 0.0, 0.0, 0.0, 0.0, 0.0, 0.0, 0.0, 0.0, 0.0, 0.0, 0.0, 0.0, 0.0, 0.0, 0.0, 0.0, 0.0, 0.0, 0.0, 0.0, 0.0, 0.0, 0.0, 0.0, 0.0, 0.0, 0.0, 1.0, 0.0, 0.0] 
04-11 03:30:36.144  2387  3051 I ScnModule: [GameDetection] inputGameFeature:: com.swordfish.lemuroid.debug:: [-1.1426246, 0.0, 0.0, 0.0] 
04-11 03:30:36.144  2387  3051 I ScnModule: [GameDetection] GamePredictor:: com.swordfish.lemuroid.debug:: nonGame:27,6224,isGame:-28,2922 
04-11 03:30:36.144  2387  3051 I mtkpower_client: [PowerHal_Wrap_notifyAppState] com.swordfish.lemuroid.debug/com.swordfish.lemuroid.app.mobile.feature.game.GameActivity pid=28658 activityId:88306605 state:0
04-11 03:30:36.145  1759  1759 I IPCThreadState: oneway function results for code 2 on binder at 0xb4000078984174a0 will be dropped but finished with status UNKNOWN_TRANSACTION
04-11 03:30:36.145  1759  1759 I vendor.mediatek.hardware.mtkpower_applist-service.mediatek: packName: com.swordfish.lemuroid.debug actName: com.swordfish.lemuroid.app.mobile.feature.game.GameActivity pid: 28658 uid: 10516 state: 0
04-11 03:30:36.145  1759  1759 I MTK_APPList: [notifyAPPstate] com.swordfish.lemuroid.debug/com.swordfish.lemuroid.app.mobile.feature.game.GameActivity, pid=28658, uid=10516, state:PAUSED, fps:60, win:1
04-11 03:30:36.145  1759  1759 I MTK_APPList: [notifyAPPstate] multi_resumed_app_count: 2
04-11 03:30:36.145  1759  1759 I MTK_APPList: [notifyAPPstate] multi_resumed_app_info[0] com.google.android.permissioncontroller/com.android.permissioncontroller.permission.ui.GrantPermissionsActivity, pid:14031, fps:-1, isMultiWindow:0
04-11 03:30:36.145  1759  1759 I MTK_APPList: [notifyAPPstate] multi_resumed_app_info[1] com.swordfish.lemuroid.debug/com.swordfish.lemuroid.app.mobile.feature.main.MainActivity, pid:27769, fps:60, isMultiWindow:1
04-11 03:30:36.145  1759  1759 I MTK_APPList: [getForegroundAPPCount] 2
04-11 03:30:36.145  1759  1759 I MTK_APPList: [notifyNetdUID] 10516
04-11 03:30:36.145  2387  3051 I PowerHalWrapper: amsBoostNotify AMS_BOOST_PROCESS_CREATE_BOOST:true 
04-11 03:30:36.145  2387  3051 W Looper  : Slow delivery took 211ms mtk.am app=system_server main=false group=FOREGROUND h=android.os.Handler c=com.android.server.wm.ActivityClientController$$ExternalSyntheticLambda5@3721dfc m=0
04-11 03:30:36.145  1759  1759 I MTK_APPList: [notifyPID] 27769
04-11 03:30:36.145  2387  3051 I PowerHalWrapper: amsBoostStop AMS_BOOST_PACK_SWITCH:false, AMS_BOOST_ACT_SWITCH:true, AMS_BOOST_PROCESS_CREATE:false, AMS_BOOST_PROCESS_CREATE_FOR_GAME:false, AMS_BOOST_HOT_LAUNCH:false 
04-11 03:30:36.146  1763  1850 I libPowerHal: [perfSetSysInfo] pid type:24, 27769
04-11 03:30:36.146  1763  1814 I libPowerHal: [mtkPowerHint] hint:23, hold:0, ext:30, ext_hold:500
04-11 03:30:36.147  1763  1850 I libPowerHal: [perfLockRel] hdl:434991, idx:0
04-11 03:30:36.147  1763  1850 I libPowerHal: [PD] MTKPOWER_HINT_ACT_SWITCH update cmd:1000000 param:-1
04-11 03:30:36.148  1763  1850 I libPowerHal: [perfLockAcq] idx:13 hdl:434994 hint:30 pid:1763 tid:1763 duration:500 lock_user:vendor.mediatek => ret_hdl:434994
04-11 03:30:36.148  1763  1850 I libPowerHal: [setDvfsrcDevFreqOpp] opp:2, freq:4212000000
04-11 03:30:36.148  1763  1850 I libPowerHal: [PE] MTKPOWER_HINT_EXT_LAUNCH update cmd:1000000 param:2
04-11 03:30:36.155  1719  1785 I EffectsFactory: Effect_Command(): self = 0xb40000744cb16640, cmdCode = 8
04-11 03:30:36.155  1719  1785 D DlbDapEffectContext: DapEffectContext[0xb40000760ca9e450] getDapParameter() outval size = 4, ret = 0
04-11 03:30:36.179  1788  1993 I AudioEffect: disable 0xb4000078661f1710
04-11 03:30:36.180  1788  2244 D AudioFlinger: checkAudioTracks(flags=0x0) with audio track flags updated to 0x0 on audio output 21
04-11 03:30:36.181  1719  1785 I EffectsFactory: Effect_Command(): self = 0xb40000744cb16640, cmdCode = 5
04-11 03:30:36.181  1719  1785 D DlbDapEffectContext: setParam() received parameter EFFECT_PARAM_SET_AUDIO_FLAG
04-11 03:30:36.181  1719  1785 D DlbDapEffectContext: setAudioFlags(flag=0x00000000)
04-11 03:30:36.181  1719  1785 D DlbDapEffectContext: updateInputFormat() mIsDmsContentProcEnabled: 1, channels: 0x3, mCurrentDevice: 0x2, mAudioFlags: 0x0
04-11 03:30:36.181  1719  1785 D DlbDap2Process: setHTParam: mIsBinauralInput: 0
04-11 03:30:36.181  1719  1785 D DlbDap2Process: DAP input format is 0x22 with input channel mask 0x3
04-11 03:30:36.181  1719  1785 D DlbDapEffectContext: setAudioFlags isFlagContentProcEnabled=1
04-11 03:30:36.184  1719  1785 D DlbEffectContext: EffectContext[0xb40000760ca9e450]: getStoredParams() outToken size = 1, out_paramStore size = 7
04-11 03:30:36.184  1719  1785 I DlbDapEffectContext: updateContentProcEnabled() Enabling content processing in global effect
04-11 03:30:36.184  1719  1785 D DlbDapEndpointParamCache: commit() Applying parameters for device 0x40000000
04-11 03:30:36.184  1719  1785 D DlbDap2Process: setParam(msce = #1[1])
04-11 03:30:36.184  1719  1785 D DlbDap2Process: setParam(miee = #1[1])
04-11 03:30:36.184  1719  1785 D DlbDap2Process: setParam(mdle = #1[1])
04-11 03:30:36.184  1719  1785 D DlbDap2Process: setMave(mave = 1)
04-11 03:30:36.184  1719  1785 D DlbDap2Process: setParam(mave = #1[1])
04-11 03:30:36.185  1719  1785 D DlbDapEndpointParamCache: doCommit() Committed 4 parameters out of 14.
04-11 03:30:36.185  1719  1785 D DlbDapEndpointParamCache: commit() Overriding parameters for current device 0x00000002
04-11 03:30:36.185  1719  1785 D DlbDap2Process: Got DAP mix matrix (length=2) for processing mode 0
04-11 03:30:36.185  1719  1785 D DlbDap2Process: Got DAP mix matrix (length=4) for processing mode 1
04-11 03:30:36.185  1719  1785 D DlbDap2Process: Got DAP mix matrix (length=12) for processing mode 3
04-11 03:30:36.185  1719  1785 D DlbDap2Process: Got DAP mix matrix (length=16) for processing mode 5
04-11 03:30:36.185  1719  1785 D DlbDap2Process: Got DAP mix matrix (length=12) for processing mode 10
04-11 03:30:36.185  1719  1785 D DlbDap2Process: Got DAP mix matrix (length=16) for processing mode 11
04-11 03:30:36.185  1719  1785 D DlbDap2Process: Got DAP mix matrix (length=16) for processing mode 6
04-11 03:30:36.185  1719  1785 D DlbDap2Process: DAP output mode set to 10 with output channel mask 0x3 and custom mix matrix.
04-11 03:30:36.185  1719  1785 D DlbDap2Process: setParam(dom = #95[1, 0, 1, 0, 2, 16384, 16384, 1, 4, 16384, 0, 0, 16384, 3, 12, 16384, 0, 0, 16384, 11583, 11583, 8192, 8192, 16384, 0, 0, 16384, 5, 16, 16384, 0, 0, 16384, 11583, 11583, 8192, 8192, 16384, 0, 0, 16384, 16384, 0, 0, 16384, 10, 12, 16384, 0, 0, 16384, 11583, 11583, 8192, 8192, 16384, 0, 0, 16384, 11, 16, 16384, 0, 0, 16384, 11583, 11583, 8192, 8192, 16384, 0, 0, 16384, 16384, 0, 0, 16384, 6, 16, 16384, 0, 0, 16384, 11583, 11583, 8192, 8192, 16384, 0, 0, 16384, 16384, 0, 0, 16384])
04-11 03:30:36.185  1719  1785 D DlbDap2Process: setParam(dvle = #1[1])
04-11 03:30:36.185  1719  1785 D DlbDap2Process: setParam(deon = #1[1])
04-11 03:30:36.185  1719  1785 D DlbDap2Process: setParam(ngon = #1[1])
04-11 03:30:36.185  1719  1785 D DlbDapEndpointParamCache: doCommit() Committed 4 parameters out of 66.
04-11 03:30:36.192  3249  9745 I AudioEffect: commandExecuted(): 0xb400007b6bd66730, cmdCode = 5
04-11 03:30:36.208  1788  1993 I AudioEffect: Destructor 0xb4000078661f1710
04-11 03:30:36.209  1719  1785 I EffectsFactory: Effect_Command(): self = 0xb40000744cb18d70, cmdCode = 4
04-11 03:30:36.219 15791 15791 I eara_io@boost: [eara_io_boost] wl 14 , top 0 , req_r 73 , req_w 0 , top_r_sz_mb 0 , top_w_sz_mb 0 , reqc_rand 0
04-11 03:30:36.219 15791 15791 I eara_io@boost: [eara_io_boost] init_w_threshold_accu_mb 0 , init_w_threshold_accu_mb_prev 0 , perf_rsc_init_w_to_set 0
04-11 03:30:36.219 15791 15791 I eara_io@boost: [eara_io_boost] Light boost=0
04-11 03:30:36.223  1719  1785 V DlbVolumeListener: effectCommand
04-11 03:30:36.223  1719  1785 V DlbVolumeListener: effectCommand :: Command EFFECT_CMD_DISABLE
04-11 03:30:36.224  1788  1993 I AudioFlinger_Threads: removeEffect_l(): 0xb400007ab48176a0, effect = 0xb4000078161e0590, name = Music Listener
04-11 03:30:36.234  1730  1800 I HfLooper: moto_sensor LIGHT_SENSOR_LIGHT_1 lux = 0.000000, timestamp = 870255642105439 
04-11 03:30:36.236  1726  1754 I hwcomposer: [HWCDisplay] [Display_0 (type:1, mode:2)] fps:89.961296,dur:1000.43,max:12.54,min:9.81  
04-11 03:30:36.254 28658 28705 I roid.debug:game: System.exit called, status: 0
04-11 03:30:36.254 28658 28705 I AndroidRuntime: VM exiting with result code 0, cleanup skipped.
04-11 03:30:36.256  1719  1785 I EffectsFactory: Effect_Command(): self = 0xb40000744cb16640, cmdCode = 8
04-11 03:30:36.257  1719  1785 D DlbDapEffectContext: DapEffectContext[0xb40000760ca9e450] getDapParameter() outval size = 4, ret = 0
04-11 03:30:36.257  1719  3449 I EffectsFactory: EffectRelease(): 0xb40000744cb18d70
04-11 03:30:36.257  1719  3449 V DlbVolumeListener: release(handle=0xb4000074ecaba5d0)
04-11 03:30:36.258  1788  1993 I EffectChain: removeEffect_l() effect 0xb4000078161e0590, removed from chain 0xb4000078261f3230 at rank 0
04-11 03:30:36.259  1788  1993 I AudioFlinger_Threads: removeEffectChain_l() 0xb4000078261f3230 from thread 0xb400007ab48176a0 for session 53641
04-11 03:30:36.259  1788  1993 I EffectModule: Destructor 0xb4000078161e0590
04-11 03:30:36.259  1788  1993 W audioserver: Binder 0xb4000079761dc8c0 destroyed after setInheritRt before being parceled.
04-11 03:30:36.259  1788  1993 W audioserver: Binder 0xb4000079761dc8c0 destroyed after setMinSchedulerPolicy before being parceled.
04-11 03:30:36.260  1788  2244 I EffectChain: ~EffectChain(): delete EffectChain = 0xb4000078261f3230
04-11 03:30:36.263  1719  3449 I EffectsFactory: Effect_Command(): self = 0xb40000744cb16640, cmdCode = 8
04-11 03:30:36.263  1719  3449 D DlbDapEffectContext: DapEffectContext[0xb40000760ca9e450] getDapParameter() outval size = 4, ret = 0
04-11 03:30:36.273  1788  1993 D AudioPolicyManagerCustomImpl: hifiAudio_stopOutputSamplerate() -output = 21, porId = 5538, samplerate = 48000  HifiState = 1,  stream 3, session 53641
04-11 03:30:36.289  1719  3449 I EffectsFactory: Effect_Command(): self = 0xb40000744cb16640, cmdCode = 8
04-11 03:30:36.290  1719  3449 D DlbDapEffectContext: DapEffectContext[0xb40000760ca9e450] getDapParameter() outval size = 4, ret = 0
04-11 03:30:36.292  1788  1993 D APM_AudioPolicyManager: stopOutput() output 21, stream 3, session 53641
04-11 03:30:36.307  1788  1993 D APM_AudioPolicyManager: getNewOutputDevices selected devices AUDIO_DEVICE_NONE
04-11 03:30:36.307  1788  1993 W AudioPolicyManagerCustomImpl: [MTK_APM_Route]setOutputDevices() mIoHandle 21 mId 5 device (0x2)(0x1, 0x2, 0x4, 0x8, 0x10, 0x20, 0x40, 0x80, 0x100, 0x200, 0x4000, 0x4000000, 0x20000000, 0x20000001, 0x20000002) delayMs 256 force 0 size 5
04-11 03:30:36.316  1788  1993 I AudioFlinger_Threads: removeEffectChain_l() 0xb4000078261ffcb0 from thread 0xb400007ab48176a0 for session 0
04-11 03:30:36.316  1788  1993 I AudioFlinger_Threads: removeEffect_l(): 0xb400007ab48176a0, effect = 0xb4000078161e3150, name = DAP
04-11 03:30:36.316  1719  3449 I EffectsFactory: Effect_Command(): self = 0xb40000744cb16640, cmdCode = 4
04-11 03:30:36.316  1719  3449 D DlbDlbEffect: handle_EFFECT_CMD_DISABLE()
04-11 03:30:36.316  1719  3449 D DlbEffectDap: updateProcessEnabled(enabled=0, bypassed=0)
04-11 03:30:36.316  1719  3449 D DlbCrossfadeProcess: setEnabled transitioning from PROCESS_ACTIVE state to FADE_TO_BYPASS
04-11 03:30:36.316  1788  1993 I EffectChain: removeEffect_l() effect 0xb4000078161e3150, removed from chain 0xb4000078261ffcb0 at rank 0
04-11 03:30:36.316  1788  1993 I AudioFlinger_Threads: removeEffectChain_l() 0xb4000078261ffcb0 from thread 0xb400007ab48176a0 for session 0
04-11 03:30:36.316  1788  1993 I EffectChain: EffectChain(): new EffectChain = 0xb4000078261f3230
04-11 03:30:36.319 15791 15791 I eara_io@boost: [eara_io_boost] wl 17 , top 0 , req_r 93 , req_w 0 , top_r_sz_mb 0 , top_w_sz_mb 0 , reqc_rand 0
04-11 03:30:36.319 15791 15791 I eara_io@boost: [eara_io_boost] init_w_threshold_accu_mb 0 , init_w_threshold_accu_mb_prev 0 , perf_rsc_init_w_to_set 0
04-11 03:30:36.319 15791 15791 I eara_io@boost: [eara_io_boost] Light boost=0
04-11 03:30:36.335  1788  1993 I AudioFlinger_Threads: addEffect_ll: 0xb400007ab511b6a0 chain 0xb4000078261f3230 effect 0xb4000078161e3150,name = DAP
