04-11 03:30:41.549  1763  1850 I libPowerHal: [write_cmd_to_file]  set_ls s 30657 1 /sys/kernel/fpsgo/fbt/fbt_attr_by_pid
04-11 03:30:41.549  1763  1850 I libPowerHal: [Game_Mode] update ONESHOT(set) cmd:203de00 param:1
04-11 03:30:41.549  1763  1850 I libPowerHal: [set_ls_groupmask_by_pid] 1
04-11 03:30:41.549  1763  1850 I libPowerHal: [write_cmd_to_file]  ls_groupmask s 30657 1 /sys/kernel/fpsgo/fbt/fbt_attr_by_pid
04-11 03:30:41.549  1763  1850 I libPowerHal: [Game_Mode] update ONESHOT(set) cmd:203e000 param:1
04-11 03:30:41.549  1763  1850 I libPowerHal: [set_vip_mask_by_pid] 4
04-11 03:30:41.549  1763  1850 I libPowerHal: [write_cmd_to_file]  vip_mask s 30657 4 /sys/kernel/fpsgo/fbt/fbt_attr_by_pid
04-11 03:30:41.549  1763  1850 I libPowerHal: [Game_Mode] update ONESHOT(set) cmd:203e200 param:4
04-11 03:30:41.549  1763  1850 I libPowerHal: [set_rescue_second_enable_by_pid] 1
04-11 03:30:41.549  1763  1850 I libPowerHal: [write_cmd_to_file]  rescue_second_enable s 30657 1 /sys/kernel/fpsgo/fbt/fbt_attr_by_pid
04-11 03:30:41.549  1763  1850 I libPowerHal: [Game_Mode] update ONESHOT(set) cmd:203cb00 param:1
04-11 03:30:41.549  1763  1850 I libPowerHal: [set_filter_frame_enable_by_pid] 1
04-11 03:30:41.549  1763  1850 I libPowerHal: [write_cmd_to_file]  filter_frame_enable s 30657 1 /sys/kernel/fpsgo/fbt/fbt_attr_by_pid
04-11 03:30:41.549  1763  1850 I libPowerHal: [Game_Mode] update ONESHOT(set) cmd:2064800 param:1
04-11 03:30:41.549  1763  1850 I libPowerHal: [set_separate_aa_by_pid] 1
04-11 03:30:41.549  1763  1850 I libPowerHal: [write_cmd_to_file]  separate_aa s 30657 1 /sys/kernel/fpsgo/fbt/fbt_attr_by_pid
04-11 03:30:41.549  1763  1850 I libPowerHal: [Game_Mode] update ONESHOT(set) cmd:2045200 param:1
04-11 03:30:41.549  1763  1850 I libPowerHal: [set_boost_affinity_by_pid] 6
04-11 03:30:41.549  1763  1850 I libPowerHal: [write_cmd_to_file]  boost_affinity s 30657 6 /sys/kernel/fpsgo/fbt/fbt_attr_by_pid
04-11 03:30:41.550  1763  1850 I libPowerHal: [Game_Mode] update ONESHOT(set) cmd:205c400 param:6
04-11 03:30:41.551  1763  1850 I libPowerHal: [set_gcc_enable_by_pid] 2
04-11 03:30:41.551  1763  1850 I libPowerHal: [write_cmd_to_file]  gcc_enable s 30657 2 /sys/kernel/fpsgo/fbt/fbt_attr_by_pid
04-11 03:30:41.551  1763  1850 I libPowerHal: [Game_Mode] update ONESHOT(set) cmd:206cf00 param:2
04-11 03:30:41.551  1763  1850 I libPowerHal: [Game_Mode] update ONESHOT(set) cmd:144c000 param:1
04-11 03:30:41.551  1763  1850 I libPowerHal: [set_check_buffer_quota_by_pid] 1
04-11 03:30:41.551  1763  1850 I libPowerHal: [write_cmd_to_file]  check_buffer_quota s 30657 1 /sys/kernel/fpsgo/fbt/fbt_attr_by_pid
04-11 03:30:41.551 30657 30657 D ApplicationLoaders: Returning zygote-cached class loader: /system_ext/framework/androidx.window.extensions.jar
04-11 03:30:41.551  1763  1850 I libPowerHal: [Game_Mode] update ONESHOT(set) cmd:203ce00 param:1
04-11 03:30:41.551 30657 30657 D ApplicationLoaders: Returning zygote-cached class loader: /system_ext/framework/androidx.window.sidecar.jar
04-11 03:30:41.551  1763  1850 I libPowerHal: [set_aa_b_minus_idle_t_by_pid] 1
04-11 03:30:41.551  1763  1850 I libPowerHal: [write_cmd_to_file]  aa_b_minus_idle_t s 30657 1 /sys/kernel/fpsgo/fbt/fbt_attr_by_pid
04-11 03:30:41.551  1763  1850 I libPowerHal: [Game_Mode] update ONESHOT(set) cmd:2040500 param:1
04-11 03:30:41.551  1763  1850 I libPowerHal: [PE] system_server update ONESHOT(set) cmd:3404200 param:1
04-11 03:30:41.552  2387  3051 I mtkpower_client: PowerHal_Wrap_EnableGameMode, [Enable Game Mode SCN hint] hdl: 435005, gameScnHintHandle: 0
04-11 03:30:41.552  1763  1850 I libPowerHal: [perfLockAcq] idx:7 hdl:435005 hint:31 pid:2387 tid:2387 duration:1000 lock_user:system_server => ret_hdl:435005
04-11 03:30:41.552  1763  1850 I libPowerHal: [setClusterFreq] MTKPOWER_HINT_WHITELIST_LAUNCH set cpufreq[0] min:2000000 max:-1 cpufreq[1] min:2500000 max:-1 
04-11 03:30:41.626  1730  1800 I HfLooper: moto_sensor LIGHT_SENSOR_LIGHT_1 lux = 0.000000, timestamp = 870261032180420 
04-11 03:30:41.715  1763  1850 I mtkpower@impl: [powerd_req] TIMER_MSG_PERF_LOCK_TIMEOUT hdl:435001
04-11 03:30:41.716  1763  1850 I libPowerHal: [perfLockRel] hdl:435001, idx:12
04-11 03:30:41.716  1763  1850 I libPowerHal: [unsetGPUFreq] current min:0, max:0; scn_gpu_min:0, scn_gpu_max:-1; scn_gpu_min(HL):-1, scn_gpu_max(HL):-1
04-11 03:30:41.716  1763  1850 I libPowerHal: system_server: set gpu opp level: 35
04-11 03:30:41.716  1763  1850 I libPowerHal: system_server: set gpu opp level max: 0
04-11 03:30:41.717  1763  1850 I libPowerHal: [setGPUFreq] Soft min/max = (35, 0); Hard min/max = (35, 0)
04-11 03:30:41.717  1763  1850 I libPowerHal: [setGPUFreq] final min/max = (35, 0)
04-11 03:30:41.717  1763  1850 I libPowerHal: system_server: set gpu opp level: 35
04-11 03:30:41.717  1763  1850 I libPowerHal: system_server: set gpu opp level max: 0
04-11 03:30:41.717  1763  1850 I libPowerHal: [PD] system_server update cmd:1404300 param:0
04-11 03:30:41.718  1763  1850 I libPowerHal: [PD] system_server update cmd:1000000 param:-1
04-11 03:30:41.736  1730  1800 I HfLooper: moto_sensor LIGHT_SENSOR_LIGHT_1 lux = 0.000000, timestamp = 870261142196362 
04-11 03:30:41.846  1730  1800 I HfLooper: moto_sensor LIGHT_SENSOR_LIGHT_1 lux = 0.000000, timestamp = 870261252181621 
04-11 03:30:41.850  1973  1973 W lbs_dbg_ext: Waited for hwservicemanager.ready for a second, waiting another...
04-11 03:30:41.850  1973  1973 W libc    : Access denied finding property "hwservicemanager.disabled"
04-11 03:30:41.850  1973  1973 W libc    : Access denied finding property "hwservicemanager.ready"
04-11 03:30:41.850  1973  1973 W libc    : Access denied finding property "hwservicemanager.ready"
04-11 03:30:41.887  1726  2229 W hwcomposer: [DRMDEV] paramIsSame(), id 24918, w 1220/1220, h 2712/2712, pitch 1248/1248, format 0x1/0x2, secure 0/0  
04-11 03:30:41.956  1730  1800 I HfLooper: moto_sensor LIGHT_SENSOR_LIGHT_1 lux = 0.000000, timestamp = 870261362197396 
04-11 03:30:41.966  3052  3109 V WindowManagerShell: Transition animation finished (aborted=false), notifying core (#7247) android.os.BinderProxy@7704f0d@0
04-11 03:30:41.967  2387  2447 V WindowManager: Finish Transition (#7247): created at 04-11 03:30:41.422 collect-started=0.075ms request-sent=6.83ms started=7.755ms ready=32.741ms sent=35.426ms commit=6.416ms finished=544.328ms
04-11 03:30:41.967 27769 27769 D VRI[MainActivity]: visibilityChanged oldVisibility=true newVisibility=false
04-11 03:30:41.968  3052  3109 V WindowManagerShell: Track 0 became idle
04-11 03:30:41.968  3052  3109 V WindowManagerShell: All active transition animations finished
04-11 03:30:41.977 27769 27793 D Surface : Surface::disconnect
04-11 03:30:41.978 27769 27793 D HWUI    : endAllActiveAnimators on 0xb4000079ebdd6d80 (UnprojectedRipple) with handle 0xb400007acbe1c4b0
04-11 03:30:41.983 27769 27769 D BLASTBufferQueue: [VRI[MainActivity]#6](f:0,a:3) destructor()
04-11 03:30:41.983 27769 27769 D BufferQueueConsumer: [com.swordfish.lemuroid.debug/com.swordfish.lemuroid.app.mobile.feature.main.MainActivity#94798(BLAST Consumer)pid:27769](id:6c7900000006,api:0,p:-1,c:27769) disconnect
04-11 03:30:41.986  1795  1795 I SurfaceFlinger: onHandleDestroyed: layerId=94806, name=Transition Root: ActivityRecord{164904911 u0 com.swordfish.lemuroid.debug/com.swordfish.lemuroid.app.mobile.feature.game.GameActivity t1501}#94806
04-11 03:30:42.066  1730  1800 I HfLooper: moto_sensor LIGHT_SENSOR_LIGHT_1 lux = 0.000000, timestamp = 870261472183169 
04-11 03:30:42.080 30657 30657 D nativeloader: Configuring clns-9 for other apk /data/app/~~ZNsZgyY2kLNwXMLQoa16Bg==/com.swordfish.lemuroid.debug-8ui2xw7aLaQ44vZvuNr-YQ==/base.apk. target_sdk_version=35, uses_libraries=, library_path=/data/app/~~ZNsZgyY2kLNwXMLQoa16Bg==/com.swordfish.lemuroid.debug-8ui2xw7aLaQ44vZvuNr-YQ==/lib/arm64:/data/app/~~ZNsZgyY2kLNwXMLQoa16Bg==/com.swordfish.lemuroid.debug-8ui2xw7aLaQ44vZvuNr-YQ==/base.apk!/lib/arm64-v8a, permitted_path=/data:/mnt/expand:/data/user/0/com.swordfish.lemuroid.debug
04-11 03:30:42.083 30657 30657 D CompatChangeReporter: Compat change id reported: 202956589; UID 10516; state: ENABLED
04-11 03:30:42.092 30657 30657 V GraphicsEnvironment: Currently set values for:
04-11 03:30:42.092 30657 30657 V GraphicsEnvironment:   angle_gl_driver_selection_pkgs=[]
04-11 03:30:42.092 30657 30657 V GraphicsEnvironment:   angle_gl_driver_selection_values=[]
04-11 03:30:42.092 30657 30657 V GraphicsEnvironment: com.swordfish.lemuroid.debug is not listed in per-application setting
04-11 03:30:42.092 30657 30657 V GraphicsEnvironment: ANGLE allowlist from config: 
04-11 03:30:42.092 30657 30657 V GraphicsEnvironment: com.swordfish.lemuroid.debug is not listed in ANGLE allowlist or settings, returning default
04-11 03:30:42.092 30657 30657 V GraphicsEnvironment: Neither updatable production driver nor prerelease driver is supported.
04-11 03:30:42.128 30657 30657 I GameProcessInitializer: Requested initialization of game process tasks
04-11 03:30:42.130 30657 30657 I Typeface: updateThemeFont new=Rookery-Regular;old=sans-serif;new=Rookery-Stacked;old=
04-11 03:30:42.131  2387  6751 I ActivityManager: Flag disabled. Ignoring finishAttachApplication from uid: 10516. pid: 30657
04-11 03:30:42.133 30657 30684 I DisplayManager: Choreographer implicitly registered for the refresh rate.
04-11 03:30:42.134 30657 30684 D libMEOW : meow new tls: 0xb4000079bbdf40a0
04-11 03:30:42.136 30657 30684 D libMEOW : meow reload base cfg path: na
04-11 03:30:42.136 30657 30684 D libMEOW : meow reload overlay cfg path: na
04-11 03:30:42.136 30657 30684 W QT      : qt_process_init() called
04-11 03:30:42.136 30657 30684 E QT      : [QT]file does not exist
04-11 03:30:42.136 30657 30684 W QT      : Support!!
04-11 03:30:42.138 30657 30684 E QT      : [QT]file does not exist
04-11 03:30:42.138 30657 30684 D libMEOW : applied 1 plugins for [com.swordfish.lemuroid.debug:game]:
04-11 03:30:42.138 30657 30684 D libMEOW :   plugin 1: [libMEOW_gift.so]:
04-11 03:30:42.165 30657 30657 E ashmem  : Pinning is deprecated since Android Q. Please use trim or other methods.
04-11 03:30:42.166 30657 30684 I HWUI    : setGrContext nullptr-->validptr
04-11 03:30:42.179  1730  1800 I HfLooper: moto_sensor LIGHT_SENSOR_LIGHT_1 lux = 0.000000, timestamp = 870261582198949 
04-11 03:30:42.258  2387  6751 I AppsFilter: interaction: PackageSetting{52bfada com.swordfish.lemuroid.debug/10516} -> PackageSetting{cb16d6e com.motorola.motosignature.app/10164} BLOCKED
04-11 03:30:42.261 30657 30657 D TiltSensor: Setting tilt sensitivity max angle: 11.249999459286125
04-11 03:30:42.269 30657 30657 D CompatChangeReporter: Compat change id reported: 279646685; UID 10516; state: ENABLED
04-11 03:30:42.273 30657 30657 D CompatChangeReporter: Compat change id reported: 309578419; UID 10516; state: ENABLED
04-11 03:30:42.275 30657 30657 D DesktopModeFlags: Toggle override initialized to: OVERRIDE_UNSET
04-11 03:30:42.286  1730  1800 I HfLooper: moto_sensor LIGHT_SENSOR_LIGHT_1 lux = 0.000000, timestamp = 870261692184107 
04-11 03:30:42.296 30657 30657 I BaseGameScreenViewModel: Calling load game: Game(id=24195, fileName=3D Tennis (Japan).rom, fileUri=file:///storage/emulated/0/Android/data/com.swordfish.lemuroid.debug/files/roms/msx/3D%20Tennis%20(Japan).rom, title=3D Tennis (Japan), systemId=msx, developer=null, coverFrontUrl=null, lastIndexedAt=1775888500298, lastPlayedAt=1775888494597, isFavorite=false)
04-11 03:30:42.347 30657 30657 W WindowOnBackDispatcher: OnBackInvokedCallback is not enabled for the application.
04-11 03:30:42.347 30657 30657 W WindowOnBackDispatcher: Set 'android:enableOnBackInvokedCallback="true"' in the application manifest.
04-11 03:30:42.355 30657 30657 D CompatChangeReporter: Compat change id reported: 352594277; UID 10516; state: ENABLED
04-11 03:30:42.360 30657 30657 D CompatChangeReporter: Compat change id reported: 349153669; UID 10516; state: ENABLED
04-11 03:30:42.362 30657 30710 W ServiceManagerCppClient: Failed to get isDeclared for mapper/mediatek: Status(-1, EX_SECURITY): 'SELinux denied for service.'
04-11 03:30:42.362 30657 30710 E Gralloc5: Failed to load mapper.mediatek.so
04-11 03:30:42.364  1134  1134 I hwservicemanager: getTransport: Cannot find entry android.hardware.graphics.allocator@4.0::IAllocator/default in either framework or device VINTF manifest.
04-11 03:30:42.374  1726  1754 I hwcomposer: [HWCDisplay] [Display_0 (type:1, mode:2)] fps:50.233349,dur:1114.80,max:376.40,min:9.84  
04-11 03:30:42.375 30657 30657 D StrictMode: StrictMode policy violation; ~duration=213 ms: android.os.strictmode.DiskReadViolation
04-11 03:30:42.375 30657 30657 D StrictMode: 	at android.os.StrictMode$AndroidBlockGuardPolicy.onReadFromDisk(StrictMode.java:1745)
04-11 03:30:42.375 30657 30657 D StrictMode: 	at libcore.io.BlockGuardOs.access(BlockGuardOs.java:74)
04-11 03:30:42.375 30657 30657 D StrictMode: 	at libcore.io.ForwardingOs.access(ForwardingOs.java:129)
04-11 03:30:42.375 30657 30657 D StrictMode: 	at android.app.ActivityThread$AndroidOs.access(ActivityThread.java:9218)
04-11 03:30:42.375 30657 30657 D StrictMode: 	at java.io.UnixFileSystem.checkAccess(UnixFileSystem.java:337)
04-11 03:30:42.375 30657 30657 D StrictMode: 	at java.io.File.exists(File.java:829)
04-11 03:30:42.375 30657 30657 D StrictMode: 	at android.app.ContextImpl.getDataDir(ContextImpl.java:3444)
04-11 03:30:42.375 30657 30657 D StrictMode: 	at android.app.ContextImpl.getPreferencesDir(ContextImpl.java:767)
04-11 03:30:42.375 30657 30657 D StrictMode: 	at android.app.ContextImpl.getSharedPreferencesPath(ContextImpl.java:994)
04-11 03:30:42.375 30657 30657 D StrictMode: 	at android.app.ContextImpl.getSharedPreferences(ContextImpl.java:609)
04-11 03:30:42.375 30657 30657 D StrictMode: 	at com.swordfish.lemuroid.lib.preferences.LocaleHelper.getSharedPreferences(LocaleHelper.kt:18)
04-11 03:30:42.375 30657 30657 D StrictMode: 	at com.swordfish.lemuroid.lib.preferences.LocaleHelper.getLanguage(LocaleHelper.kt:21)
04-11 03:30:42.375 30657 30657 D StrictMode: 	at com.swordfish.lemuroid.lib.preferences.LocaleHelper.wrapContext(LocaleHelper.kt:32)
04-11 03:30:42.375 30657 30657 D StrictMode: 	at com.swordfish.lemuroid.lib.android.RetrogradeActivity.attachBaseContext(RetrogradeActivity.kt:42)
04-11 03:30:42.375 30657 30657 D StrictMode: 	at android.app.Activity.attach(Activity.java:9182)
04-11 03:30:42.375 30657 30657 D StrictMode: 	at android.app.ActivityThread.performLaunchActivity(ActivityThread.java:4395)
04-11 03:30:42.375 30657 30657 D StrictMode: 	at android.app.ActivityThread.handleLaunchActivity(ActivityThread.java:4638)
04-11 03:30:42.375 30657 30657 D StrictMode: 	at android.app.servertransaction.LaunchActivityItem.execute(LaunchActivityItem.java:222)
04-11 03:30:42.375 30657 30657 D StrictMode: 	at android.app.servertransaction.TransactionExecutor.executeNonLifecycleItem(TransactionExecutor.java:133)
04-11 03:30:42.375 30657 30657 D StrictMode: 	at android.app.servertransaction.TransactionExecutor.executeTransactionItems(TransactionExecutor.java:103)
04-11 03:30:42.375 30657 30657 D StrictMode: 	at android.app.servertransaction.TransactionExecutor.execute(TransactionExecutor.java:80)
04-11 03:30:42.375 30657 30657 D StrictMode: 	at android.app.ActivityThread$H.handleMessage(ActivityThread.java:2966)
04-11 03:30:42.375 30657 30657 D StrictMode: 	at android.os.Handler.dispatchMessage(Handler.java:115)
04-11 03:30:42.375 30657 30657 D StrictMode: 	at android.os.Looper.loopOnce(Looper.java:304)
04-11 03:30:42.375 30657 30657 D StrictMode: 	at android.os.Looper.loop(Looper.java:430)
04-11 03:30:42.375 30657 30657 D StrictMode: 	at android.app.ActivityThread.main(ActivityThread.java:9345)
04-11 03:30:42.375 30657 30657 D StrictMode: 	at java.lang.reflect.Method.invoke(Native Method)
04-11 03:30:42.375 30657 30657 D StrictMode: 	at com.android.internal.os.RuntimeInit$MethodAndArgsCaller.run(RuntimeInit.java:593)
04-11 03:30:42.375 30657 30657 D StrictMode: 	at com.android.internal.os.ZygoteInit.main(ZygoteInit.java:953)
04-11 03:30:42.376 30657 30657 D StrictMode: StrictMode policy violation; ~duration=213 ms: android.os.strictmode.DiskReadViolation
04-11 03:30:42.376 30657 30657 D StrictMode: 	at android.os.StrictMode$AndroidBlockGuardPolicy.onReadFromDisk(StrictMode.java:1745)
04-11 03:30:42.376 30657 30657 D StrictMode: 	at libcore.io.BlockGuardOs.access(BlockGuardOs.java:74)
04-11 03:30:42.376 30657 30657 D StrictMode: 	at libcore.io.ForwardingOs.access(ForwardingOs.java:129)
04-11 03:30:42.376 30657 30657 D StrictMode: 	at android.app.ActivityThread$AndroidOs.access(ActivityThread.java:9218)
04-11 03:30:42.376 30657 30657 D StrictMode: 	at java.io.UnixFileSystem.checkAccess(UnixFileSystem.java:337)
04-11 03:30:42.376 30657 30657 D StrictMode: 	at java.io.File.exists(File.java:829)
04-11 03:30:42.376 30657 30657 D StrictMode: 	at android.app.ContextImpl.ensurePrivateDirExists(ContextImpl.java:822)
04-11 03:30:42.376 30657 30657 D StrictMode: 	at android.app.ContextImpl.ensurePrivateDirExists(ContextImpl.java:813)
04-11 03:30:42.376 30657 30657 D StrictMode: 	at android.app.ContextImpl.getPreferencesDir(ContextImpl.java:769)
04-11 03:30:42.376 30657 30657 D StrictMode: 	at android.app.ContextImpl.getSharedPreferencesPath(ContextImpl.java:994)
04-11 03:30:42.376 30657 30657 D StrictMode: 	at android.app.ContextImpl.getSharedPreferences(ContextImpl.java:609)
04-11 03:30:42.376 30657 30657 D StrictMode: 	at com.swordfish.lemuroid.lib.preferences.LocaleHelper.getSharedPreferences(LocaleHelper.kt:18)
04-11 03:30:42.376 30657 30657 D StrictMode: 	at com.swordfish.lemuroid.lib.preferences.LocaleHelper.getLanguage(LocaleHelper.kt:21)
04-11 03:30:42.376 30657 30657 D StrictMode: 	at com.swordfish.lemuroid.lib.preferences.LocaleHelper.wrapContext(LocaleHelper.kt:32)
04-11 03:30:42.376 30657 30657 D StrictMode: 	at com.swordfish.lemuroid.lib.android.RetrogradeActivity.attachBaseContext(RetrogradeActivity.kt:42)
04-11 03:30:42.376 30657 30657 D StrictMode: 	at android.app.Activity.attach(Activity.java:9182)
04-11 03:30:42.376 30657 30657 D StrictMode: 	at android.app.ActivityThread.performLaunchActivity(ActivityThread.java:4395)
04-11 03:30:42.376 30657 30657 D StrictMode: 	at android.app.ActivityThread.handleLaunchActivity(ActivityThread.java:4638)
04-11 03:30:42.376 30657 30657 D StrictMode: 	at android.app.servertransaction.LaunchActivityItem.execute(LaunchActivityItem.java:222)
04-11 03:30:42.376 30657 30657 D StrictMode: 	at android.app.servertransaction.TransactionExecutor.executeNonLifecycleItem(TransactionExecutor.java:133)
04-11 03:30:42.376 30657 30657 D StrictMode: 	at android.app.servertransaction.TransactionExecutor.executeTransactionItems(TransactionExecutor.java:103)
04-11 03:30:42.376 30657 30657 D StrictMode: 	at android.app.servertransaction.TransactionExecutor.execute(TransactionExecutor.java:80)
04-11 03:30:42.376 30657 30657 D StrictMode: 	at android.app.ActivityThread$H.handleMessage(ActivityThread.java:2966)
04-11 03:30:42.376 30657 30657 D StrictMode: 	at android.os.Handler.dispatchMessage(Handler.java:115)
04-11 03:30:42.376 30657 30657 D StrictMode: 	at android.os.Looper.loopOnce(Looper.java:304)
04-11 03:30:42.376 30657 30657 D StrictMode: 	at android.os.Looper.loop(Looper.java:430)
04-11 03:30:42.376 30657 30657 D StrictMode: 	at android.app.ActivityThread.main(ActivityThread.java:9345)
04-11 03:30:42.376 30657 30657 D StrictMode: 	at java.lang.reflect.Method.invoke(Native Method)
04-11 03:30:42.376 30657 30657 D StrictMode: 	at com.android.internal.os.RuntimeInit$MethodAndArgsCaller.run(RuntimeInit.java:593)
04-11 03:30:42.376 30657 30657 D StrictMode: 	at com.android.internal.os.ZygoteInit.main(ZygoteInit.java:953)
04-11 03:30:42.377 30657 30657 D StrictMode: StrictMode policy violation; ~duration=134 ms: android.os.strictmode.DiskReadViolation
04-11 03:30:42.377 30657 30657 D StrictMode: 	at android.os.StrictMode$AndroidBlockGuardPolicy.onReadFromDisk(StrictMode.java:1745)
04-11 03:30:42.377 30657 30657 D StrictMode: 	at libcore.io.BlockGuardOs.access(BlockGuardOs.java:74)
04-11 03:30:42.377 30657 30657 D StrictMode: 	at libcore.io.ForwardingOs.access(ForwardingOs.java:129)
04-11 03:30:42.377 30657 30657 D StrictMode: 	at android.app.ActivityThread$AndroidOs.access(ActivityThread.java:9218)
04-11 03:30:42.377 30657 30657 D StrictMode: 	at java.io.UnixFileSystem.checkAccess(UnixFileSystem.java:337)
04-11 03:30:42.377 30657 30657 D StrictMode: 	at java.io.File.exists(File.java:829)
04-11 03:30:42.377 30657 30657 D StrictMode: 	at android.app.ContextImpl.getDataDir(ContextImpl.java:3444)
04-11 03:30:42.377 30657 30657 D StrictMode: 	at android.app.ContextImpl.getFilesDir(ContextImpl.java:856)
04-11 03:30:42.377 30657 30657 D StrictMode: 	at android.content.ContextWrapper.getFilesDir(ContextWrapper.java:288)
04-11 03:30:42.377 30657 30657 D StrictMode: 	at com.frybits.harmony.Harmony.harmonyPrefsFolder(Harmony.kt:1171)
04-11 03:30:42.377 30657 30657 D StrictMode: 	at com.frybits.harmony.Harmony.access$harmonyPrefsFolder(Harmony.kt:1)
04-11 03:30:42.377 30657 30657 D StrictMode: 	at com.frybits.harmony.HarmonyImpl.<init>(Harmony.kt:84)
04-11 03:30:42.377 30657 30657 D StrictMode: 	at com.frybits.harmony.Harmony.getHarmonySharedPreferences(Harmony.kt:1209)
04-11 03:30:42.377 30657 30657 D StrictMode: 	at com.frybits.harmony.Harmony.getSharedPreferences(Harmony.kt:1229)
04-11 03:30:42.377 30657 30657 D StrictMode: 	at com.swordfish.lemuroid.lib.preferences.SharedPreferencesHelper.getSharedPreferences(SharedPreferencesHelper.kt:12)
04-11 03:30:42.377 30657 30657 D StrictMode: 	at com.swordfish.lemuroid.app.LemuroidApplicationModule$Companion.sharedPreferences(LemuroidApplicationModule.kt:388)
04-11 03:30:42.377 30657 30657 D StrictMode: 	at com.swordfish.lemuroid.app.LemuroidApplicationModule.sharedPreferences(Unknown Source:2)
04-11 03:30:42.377 30657 30657 D StrictMode: 	at com.swordfish.lemuroid.app.LemuroidApplicationModule_SharedPreferencesFactory.proxySharedPreferences(LemuroidApplicationModule_SharedPreferencesFactory.java:38)
04-11 03:30:42.377 30657 30657 D StrictMode: 	at com.swordfish.lemuroid.app.LemuroidApplicationModule_SharedPreferencesFactory.provideInstance(LemuroidApplicationModule_SharedPreferencesFactory.java:28)
04-11 03:30:42.377 30657 30657 D StrictMode: 	at com.swordfish.lemuroid.app.LemuroidApplicationModule_SharedPreferencesFactory.get(LemuroidApplicationModule_SharedPreferencesFactory.java:24)
04-11 03:30:42.377 30657 30657 D StrictMode: 	at com.swordfish.lemuroid.app.LemuroidApplicationModule_SharedPreferencesFactory.get(LemuroidApplicationModule_SharedPreferencesFactory.java:10)
04-11 03:30:42.377 30657 30657 D StrictMode: 	at dagger.internal.DoubleCheck.get(DoubleCheck.java:47)
04-11 03:30:42.377 30657 30657 D StrictMode: 	at com.swordfish.lemuroid.app.shared.game.BaseGameActivity.onCreate$lambda$0(BaseGameActivity.kt:108)
04-11 03:30:42.377 30657 30657 D StrictMode: 	at com.swordfish.lemuroid.app.shared.game.BaseGameActivity.$r8$lambda$Er7iXWniqhnm8uVvI_PaQW0NzQw(Unknown Source:0)
04-11 03:30:42.377 30657 30657 D StrictMode: 	at com.swordfish.lemuroid.app.shared.game.BaseGameActivity$$ExternalSyntheticLambda0.invoke(D8$$SyntheticClass:0)
04-11 03:30:42.377 30657 30657 D StrictMode: 	at androidx.lifecycle.ViewModelLazy.getValue(ViewModelLazy.kt:48)
04-11 03:30:42.377 30657 30657 D StrictMode: 	at androidx.lifecycle.ViewModelLazy.getValue(ViewModelLazy.kt:35)
04-11 03:30:42.377 30657 30657 D StrictMode: 	at com.swordfish.lemuroid.app.shared.game.BaseGameActivity.onCreate$lambda$1(BaseGameActivity.kt:99)
04-11 03:30:42.377 30657 30657 D StrictMode: 	at com.swordfish.lemuroid.app.shared.game.BaseGameActivity.onCreate(BaseGameActivity.kt:117)
04-11 03:30:42.377 30657 30657 D StrictMode: 	at com.swordfish.lemuroid.app.mobile.feature.game.GameActivity.onCreate(GameActivity.kt:13)
04-11 03:30:42.377 30657 30657 D StrictMode: 	at android.app.Activity.performCreate(Activity.java:9295)
04-11 03:30:42.377 30657 30657 D StrictMode: 	at android.app.Activity.performCreate(Activity.java:9273)
04-11 03:30:42.377 30657 30657 D StrictMode: 	at android.app.Instrumentation.callActivityOnCreate(Instrumentation.java:1521)
04-11 03:30:42.377 30657 30657 D StrictMode: 	at android.app.ActivityThread.performLaunchActivity(ActivityThread.java:4426)
04-11 03:30:42.377 30657 30657 D StrictMode: 	at android.app.ActivityThread.handleLaunchActivity(ActivityThread.java:4638)
04-11 03:30:42.377 30657 30657 D StrictMode: 	at android.app.servertransaction.LaunchActivityItem.execute(LaunchActivityItem.java:222)
04-11 03:30:42.377 30657 30657 D StrictMode: 	at android.app.servertransaction.TransactionExecutor.executeNonLifecycleItem(TransactionExecutor.java:133)
04-11 03:30:42.377 30657 30657 D StrictMode: 	at android.app.servertransaction.TransactionExecutor.executeTransactionItems(TransactionExecutor.java:103)
04-11 03:30:42.377 30657 30657 D StrictMode: 	at android.app.servertransaction.TransactionExecutor.execute(TransactionExecutor.java:80)
04-11 03:30:42.377 30657 30657 D StrictMode: 	at android.app.ActivityThread$H.handleMessage(ActivityThread.java:2966)
04-11 03:30:42.377 30657 30657 D StrictMode: 	at android.os.Handler.dispatchMessage(Handler.java:115)
04-11 03:30:42.377 30657 30657 D StrictMode: 	at android.os.Looper.loopOnce(Looper.java:304)
04-11 03:30:42.377 30657 30657 D StrictMode: 	at android.os.Looper.loop(Looper.java:430)
04-11 03:30:42.377 30657 30657 D StrictMode: 	at android.app.ActivityThread.main(ActivityThread.java:9345)
04-11 03:30:42.377 30657 30657 D StrictMode: 	at java.lang.reflect.Method.invoke(Native Method)
04-11 03:30:42.377 30657 30657 D StrictMode: 	at com.android.internal.os.RuntimeInit$MethodAndArgsCaller.run(RuntimeInit.java:593)
04-11 03:30:42.377 30657 30657 D StrictMode: 	at com.android.internal.os.ZygoteInit.main(ZygoteInit.java:953)
04-11 03:30:42.377 30657 30657 D StrictMode: StrictMode policy violation; ~duration=134 ms: android.os.strictmode.DiskReadViolation
04-11 03:30:42.377 30657 30657 D StrictMode: 	at android.os.StrictMode$AndroidBlockGuardPolicy.onReadFromDisk(StrictMode.java:1745)
04-11 03:30:42.377 30657 30657 D StrictMode: 	at libcore.io.BlockGuardOs.access(BlockGuardOs.java:74)
04-11 03:30:42.377 30657 30657 D StrictMode: 	at libcore.io.ForwardingOs.access(ForwardingOs.java:129)
04-11 03:30:42.377 30657 30657 D StrictMode: 	at android.app.ActivityThread$AndroidOs.access(ActivityThread.java:9218)
04-11 03:30:42.377 30657 30657 D StrictMode: 	at java.io.UnixFileSystem.checkAccess(UnixFileSystem.java:337)
04-11 03:30:42.377 30657 30657 D StrictMode: 	at java.io.File.exists(File.java:829)
04-11 03:30:42.377 30657 30657 D StrictMode: 	at android.app.ContextImpl.ensurePrivateDirExists(ContextImpl.java:822)
04-11 03:30:42.377 30657 30657 D StrictMode: 	at android.app.ContextImpl.ensurePrivateDirExists(ContextImpl.java:813)
04-11 03:30:42.377 30657 30657 D StrictMode: 	at android.app.ContextImpl.getFilesDir(ContextImpl.java:858)
04-11 03:30:42.377 30657 30657 D StrictMode: 	at android.content.ContextWrapper.getFilesDir(ContextWrapper.java:288)
04-11 03:30:42.377 30657 30657 D StrictMode: 	at com.frybits.harmony.Harmony.harmonyPrefsFolder(Harmony.kt:1171)
04-11 03:30:42.377 30657 30657 D StrictMode: 	at com.frybits.harmony.Harmony.access$harmonyPrefsFolder(Harmony.kt:1)
04-11 03:30:42.377 30657 30657 D StrictMode: 	at com.frybits.harmony.HarmonyImpl.<init>(Harmony.kt:84)
04-11 03:30:42.377 30657 30657 D StrictMode: 	at com.frybits.harmony.Harmony.getHarmonySharedPreferences(Harmony.kt:1209)
04-11 03:30:42.377 30657 30657 D StrictMode: 	at com.frybits.harmony.Harmony.getSharedPreferences(Harmony.kt:1229)
04-11 03:30:42.377 30657 30657 D StrictMode: 	at com.swordfish.lemuroid.lib.preferences.SharedPreferencesHelper.getSharedPreferences(SharedPreferencesHelper.kt:12)
04-11 03:30:42.377 30657 30657 D StrictMode: 	at com.swordfish.lemuroid.app.LemuroidApplicationModule$Companion.sharedPreferences(LemuroidApplicationModule.kt:388)
04-11 03:30:42.377 30657 30657 D StrictMode: 	at com.swordfish.lemuroid.app.LemuroidApplicationModule.sharedPreferences(Unknown Source:2)
04-11 03:30:42.377 30657 30657 D StrictMode: 	at com.swordfish.lemuroid.app.LemuroidApplicationModule_SharedPreferencesFactory.proxySharedPreferences(LemuroidApplicationModule_SharedPreferencesFactory.java:38)
04-11 03:30:42.377 30657 30657 D StrictMode: 	at com.swordfish.lemuroid.app.LemuroidApplicationModule_SharedPreferencesFactory.provideInstance(LemuroidApplicationModule_SharedPreferencesFactory.java:28)
04-11 03:30:42.377 30657 30657 D StrictMode: 	at com.swordfish.lemuroid.app.LemuroidApplicationModule_SharedPreferencesFactory.get(LemuroidApplicationModule_SharedPreferencesFactory.java:24)
04-11 03:30:42.377 30657 30657 D StrictMode: 	at com.swordfish.lemuroid.app.LemuroidApplicationModule_SharedPreferencesFactory.get(LemuroidApplicationModule_SharedPreferencesFactory.java:10)
04-11 03:30:42.377 30657 30657 D StrictMode: 	at dagger.internal.DoubleCheck.get(DoubleCheck.java:47)
04-11 03:30:42.377 30657 30657 D StrictMode: 	at com.swordfish.lemuroid.app.shared.game.BaseGameActivity.onCreate$lambda$0(BaseGameActivity.kt:108)
04-11 03:30:42.377 30657 30657 D StrictMode: 	at com.swordfish.lemuroid.app.shared.game.BaseGameActivity.$r8$lambda$Er7iXWniqhnm8uVvI_PaQW0NzQw(Unknown Source:0)
04-11 03:30:42.377 30657 30657 D StrictMode: 	at com.swordfish.lemuroid.app.shared.game.BaseGameActivity$$ExternalSyntheticLambda0.invoke(D8$$SyntheticClass:0)
04-11 03:30:42.377 30657 30657 D StrictMode: 	at androidx.lifecycle.ViewModelLazy.getValue(ViewModelLazy.kt:48)
04-11 03:30:42.377 30657 30657 D StrictMode: 	at androidx.lifecycle.ViewModelLazy.getValue(ViewModelLazy.kt:35)
04-11 03:30:42.377 30657 30657 D StrictMode: 	at com.swordfish.lemuroid.app.shared.game.BaseGameActivity.onCreate$lambda$1(BaseGameActivity.kt:99)
04-11 03:30:42.377 30657 30657 D StrictMode: 	at com.swordfish.lemuroid.app.shared.game.BaseGameActivity.onCreate(BaseGameActivity.kt:117)
04-11 03:30:42.377 30657 30657 D StrictMode: 	at com.swordfish.lemuroid.app.mobile.feature.game.GameActivity.onCreate(GameActivity.kt:13)
04-11 03:30:42.377 30657 30657 D StrictMode: 	at android.app.Activity.performCreate(Activity.java:9295)
04-11 03:30:42.377 30657 30657 D StrictMode: 	at android.app.Activity.performCreate(Activity.java:9273)
04-11 03:30:42.377 30657 30657 D StrictMode: 	at android.app.Instrumentation.callActivityOnCreate(Instrumentation.java:1521)
04-11 03:30:42.377 30657 30657 D StrictMode: 	at android.app.ActivityThread.performLaunchActivity(ActivityThread.java:4426)
04-11 03:30:42.377 30657 30657 D StrictMode: 	at android.app.ActivityThread.handleLaunchActivity(ActivityThread.java:4638)
04-11 03:30:42.377 30657 30657 D StrictMode: 	at android.app.servertransaction.LaunchActivityItem.execute(LaunchActivityItem.java:222)
04-11 03:30:42.377 30657 30657 D StrictMode: 	at android.app.servertransaction.TransactionExecutor.executeNonLifecycleItem(TransactionExecutor.java:133)
04-11 03:30:42.377 30657 30657 D StrictMode: 	at android.app.servertransaction.TransactionExecutor.executeTransactionItems(TransactionExecutor.java:103)
04-11 03:30:42.377 30657 30657 D StrictMode: 	at android.app.servertransaction.TransactionExecutor.execute(TransactionExecutor.java:80)
04-11 03:30:42.377 30657 30657 D StrictMode: 	at android.app.ActivityThread$H.handleMessage(ActivityThread.java:2966)
04-11 03:30:42.377 30657 30657 D StrictMode: 	at android.os.Handler.dispatchMessage(Handler.java:115)
04-11 03:30:42.377 30657 30657 D StrictMode: 	at android.os.Looper.loopOnce(Looper.java:304)
04-11 03:30:42.377 30657 30657 D StrictMode: 	at android.os.Looper.loop(Looper.java:430)
04-11 03:30:42.377 30657 30657 D StrictMode: 	at android.app.ActivityThread.main(ActivityThread.java:9345)
04-11 03:30:42.377 30657 30657 D StrictMode: 	at java.lang.reflect.Method.invoke(Native Method)
04-11 03:30:42.377 30657 30657 D StrictMode: 	at com.android.internal.os.RuntimeInit$MethodAndArgsCaller.run(RuntimeInit.java:593)
04-11 03:30:42.377 30657 30657 D StrictMode: 	at com.android.internal.os.ZygoteInit.main(ZygoteInit.java:953)
04-11 03:30:42.378 30657 30657 D StrictMode: StrictMode policy violation; ~duration=133 ms: android.os.strictmode.DiskReadViolation
04-11 03:30:42.378 30657 30657 D StrictMode: 	at android.os.StrictMode$AndroidBlockGuardPolicy.onReadFromDisk(StrictMode.java:1745)
04-11 03:30:42.378 30657 30657 D StrictMode: 	at libcore.io.BlockGuardOs.access(BlockGuardOs.java:74)
04-11 03:30:42.378 30657 30657 D StrictMode: 	at libcore.io.ForwardingOs.access(ForwardingOs.java:129)
04-11 03:30:42.378 30657 30657 D StrictMode: 	at android.app.ActivityThread$AndroidOs.access(ActivityThread.java:9218)
04-11 03:30:42.378 30657 30657 D StrictMode: 	at java.io.UnixFileSystem.checkAccess(UnixFileSystem.java:337)
04-11 03:30:42.378 30657 30657 D StrictMode: 	at java.io.File.exists(File.java:829)
04-11 03:30:42.378 30657 30657 D StrictMode: 	at com.frybits.harmony.Harmony.harmonyPrefsFolder(Harmony.kt:1171)
04-11 03:30:42.378 30657 30657 D StrictMode: 	at com.frybits.harmony.Harmony.access$harmonyPrefsFolder(Harmony.kt:1)
04-11 03:30:42.378 30657 30657 D StrictMode: 	at com.frybits.harmony.HarmonyImpl.<init>(Harmony.kt:84)
04-11 03:30:42.378 30657 30657 D StrictMode: 	at com.frybits.harmony.Harmony.getHarmonySharedPreferences(Harmony.kt:1209)
04-11 03:30:42.378 30657 30657 D StrictMode: 	at com.frybits.harmony.Harmony.getSharedPreferences(Harmony.kt:1229)
04-11 03:30:42.378 30657 30657 D StrictMode: 	at com.swordfish.lemuroid.lib.preferences.SharedPreferencesHelper.getSharedPreferences(SharedPreferencesHelper.kt:12)
04-11 03:30:42.378 30657 30657 D StrictMode: 	at com.swordfish.lemuroid.app.LemuroidApplicationModule$Companion.sharedPreferences(LemuroidApplicationModule.kt:388)
04-11 03:30:42.378 30657 30657 D StrictMode: 	at com.swordfish.lemuroid.app.LemuroidApplicationModule.sharedPreferences(Unknown Source:2)
04-11 03:30:42.378 30657 30657 D StrictMode: 	at com.swordfish.lemuroid.app.LemuroidApplicationModule_SharedPreferencesFactory.proxySharedPreferences(LemuroidApplicationModule_SharedPreferencesFactory.java:38)
04-11 03:30:42.378 30657 30657 D StrictMode: 	at com.swordfish.lemuroid.app.LemuroidApplicationModule_SharedPreferencesFactory.provideInstance(LemuroidApplicationModule_SharedPreferencesFactory.java:28)
04-11 03:30:42.378 30657 30657 D StrictMode: 	at com.swordfish.lemuroid.app.LemuroidApplicationModule_SharedPreferencesFactory.get(LemuroidApplicationModule_SharedPreferencesFactory.java:24)
04-11 03:30:42.378 30657 30657 D StrictMode: 	at com.swordfish.lemuroid.app.LemuroidApplicationModule_SharedPreferencesFactory.get(LemuroidApplicationModule_SharedPreferencesFactory.java:10)
04-11 03:30:42.378 30657 30657 D StrictMode: 	at dagger.internal.DoubleCheck.get(DoubleCheck.java:47)
04-11 03:30:42.378 30657 30657 D StrictMode: 	at com.swordfish.lemuroid.app.shared.game.BaseGameActivity.onCreate$lambda$0(BaseGameActivity.kt:108)
04-11 03:30:42.378 30657 30657 D StrictMode: 	at com.swordfish.lemuroid.app.shared.game.BaseGameActivity.$r8$lambda$Er7iXWniqhnm8uVvI_PaQW0NzQw(Unknown Source:0)
04-11 03:30:42.378 30657 30657 D StrictMode: 	at com.swordfish.lemuroid.app.shared.game.BaseGameActivity$$ExternalSyntheticLambda0.invoke(D8$$SyntheticClass:0)
04-11 03:30:42.378 30657 30657 D StrictMode: 	at androidx.lifecycle.ViewModelLazy.getValue(ViewModelLazy.kt:48)
04-11 03:30:42.378 30657 30657 D StrictMode: 	at androidx.lifecycle.ViewModelLazy.getValue(ViewModelLazy.kt:35)
04-11 03:30:42.378 30657 30657 D StrictMode: 	at com.swordfish.lemuroid.app.shared.game.BaseGameActivity.onCreate$lambda$1(BaseGameActivity.kt:99)
04-11 03:30:42.378 30657 30657 D StrictMode: 	at com.swordfish.lemuroid.app.shared.game.BaseGameActivity.onCreate(BaseGameActivity.kt:117)
04-11 03:30:42.378 30657 30657 D StrictMode: 	at com.swordfish.lemuroid.app.mobile.feature.game.GameActivity.onCreate(GameActivity.kt:13)
04-11 03:30:42.378 30657 30657 D StrictMode: 	at android.app.Activity.performCreate(Activity.java:9295)
04-11 03:30:42.378 30657 30657 D StrictMode: 	at android.app.Activity.performCreate(Activity.java:9273)
04-11 03:30:42.378 30657 30657 D StrictMode: 	at android.app.Instrumentation.callActivityOnCreate(Instrumentation.java:1521)
04-11 03:30:42.378 30657 30657 D StrictMode: 	at android.app.ActivityThread.performLaunchActivity(ActivityThread.java:4426)
04-11 03:30:42.378 30657 30657 D StrictMode: 	at android.app.ActivityThread.handleLaunchActivity(ActivityThread.java:4638)
04-11 03:30:42.378 30657 30657 D StrictMode: 	at android.app.servertransaction.LaunchActivityItem.execute(LaunchActivityItem.java:222)
04-11 03:30:42.378 30657 30657 D StrictMode: 	at android.app.servertransaction.TransactionExecutor.executeNonLifecycleItem(TransactionExecutor.java:133)
04-11 03:30:42.378 30657 30657 D StrictMode: 	at android.app.servertransaction.TransactionExecutor.executeTransactionItems(TransactionExecutor.java:103)
04-11 03:30:42.378 30657 30657 D StrictMode: 	at android.app.servertransaction.TransactionExecutor.execute(TransactionExecutor.java:80)
04-11 03:30:42.378 30657 30657 D StrictMode: 	at android.app.ActivityThread$H.handleMessage(ActivityThread.java:2966)
04-11 03:30:42.378 30657 30657 D StrictMode: 	at android.os.Handler.dispatchMessage(Handler.java:115)
04-11 03:30:42.378 30657 30657 D StrictMode: 	at android.os.Looper.loopOnce(Looper.java:304)
04-11 03:30:42.378 30657 30657 D StrictMode: 	at android.os.Looper.loop(Looper.java:430)
04-11 03:30:42.378 30657 30657 D StrictMode: 	at android.app.ActivityThread.main(ActivityThread.java:9345)
04-11 03:30:42.378 30657 30657 D StrictMode: 	at java.lang.reflect.Method.invoke(Native Method)
04-11 03:30:42.378 30657 30657 D StrictMode: 	at com.android.internal.os.RuntimeInit$MethodAndArgsCaller.run(RuntimeInit.java:593)
04-11 03:30:42.378 30657 30657 D StrictMode: 	at com.android.internal.os.ZygoteInit.main(ZygoteInit.java:953)
04-11 03:30:42.378 30657 30657 D StrictMode: StrictMode policy violation; ~duration=133 ms: android.os.strictmode.DiskReadViolation
04-11 03:30:42.378 30657 30657 D StrictMode: 	at android.os.StrictMode$AndroidBlockGuardPolicy.onReadFromDisk(StrictMode.java:1745)
04-11 03:30:42.378 30657 30657 D StrictMode: 	at libcore.io.BlockGuardOs.access(BlockGuardOs.java:74)
04-11 03:30:42.378 30657 30657 D StrictMode: 	at libcore.io.ForwardingOs.access(ForwardingOs.java:129)
04-11 03:30:42.378 30657 30657 D StrictMode: 	at android.app.ActivityThread$AndroidOs.access(ActivityThread.java:9218)
04-11 03:30:42.378 30657 30657 D StrictMode: 	at java.io.UnixFileSystem.checkAccess(UnixFileSystem.java:337)
04-11 03:30:42.378 30657 30657 D StrictMode: 	at java.io.File.exists(File.java:829)
04-11 03:30:42.378 30657 30657 D StrictMode: 	at com.frybits.harmony.HarmonyImpl.<init>(Harmony.kt:84)
04-11 03:30:42.378 30657 30657 D StrictMode: 	at com.frybits.harmony.Harmony.getHarmonySharedPreferences(Harmony.kt:1209)
04-11 03:30:42.378 30657 30657 D StrictMode: 	at com.frybits.harmony.Harmony.getSharedPreferences(Harmony.kt:1229)
04-11 03:30:42.378 30657 30657 D StrictMode: 	at com.swordfish.lemuroid.lib.preferences.SharedPreferencesHelper.getSharedPreferences(SharedPreferencesHelper.kt:12)
04-11 03:30:42.378 30657 30657 D StrictMode: 	at com.swordfish.lemuroid.app.LemuroidApplicationModule$Companion.sharedPreferences(LemuroidApplicationModule.kt:388)
04-11 03:30:42.378 30657 30657 D StrictMode: 	at com.swordfish.lemuroid.app.LemuroidApplicationModule.sharedPreferences(Unknown Source:2)
04-11 03:30:42.378 30657 30657 D StrictMode: 	at com.swordfish.lemuroid.app.LemuroidApplicationModule_SharedPreferencesFactory.proxySharedPreferences(LemuroidApplicationModule_SharedPreferencesFactory.java:38)
04-11 03:30:42.378 30657 30657 D StrictMode: 	at com.swordfish.lemuroid.app.LemuroidApplicationModule_SharedPreferencesFactory.provideInstance(LemuroidApplicationModule_SharedPreferencesFactory.java:28)
04-11 03:30:42.378 30657 30657 D StrictMode: 	at com.swordfish.lemuroid.app.LemuroidApplicationModule_SharedPreferencesFactory.get(LemuroidApplicationModule_SharedPreferencesFactory.java:24)
04-11 03:30:42.378 30657 30657 D StrictMode: 	at com.swordfish.lemuroid.app.LemuroidApplicationModule_SharedPreferencesFactory.get(LemuroidApplicationModule_SharedPreferencesFactory.java:10)
04-11 03:30:42.378 30657 30657 D StrictMode: 	at dagger.internal.DoubleCheck.get(DoubleCheck.java:47)
04-11 03:30:42.378 30657 30657 D StrictMode: 	at com.swordfish.lemuroid.app.shared.game.BaseGameActivity.onCreate$lambda$0(BaseGameActivity.kt:108)
04-11 03:30:42.378 30657 30657 D StrictMode: 	at com.swordfish.lemuroid.app.shared.game.BaseGameActivity.$r8$lambda$Er7iXWniqhnm8uVvI_PaQW0NzQw(Unknown Source:0)
04-11 03:30:42.378 30657 30657 D StrictMode: 	at com.swordfish.lemuroid.app.shared.game.BaseGameActivity$$ExternalSyntheticLambda0.invoke(D8$$SyntheticClass:0)
04-11 03:30:42.378 30657 30657 D StrictMode: 	at androidx.lifecycle.ViewModelLazy.getValue(ViewModelLazy.kt:48)
04-11 03:30:42.378 30657 30657 D StrictMode: 	at androidx.lifecycle.ViewModelLazy.getValue(ViewModelLazy.kt:35)
04-11 03:30:42.378 30657 30657 D StrictMode: 	at com.swordfish.lemuroid.app.shared.game.BaseGameActivity.onCreate$lambda$1(BaseGameActivity.kt:99)
04-11 03:30:42.378 30657 30657 D StrictMode: 	at com.swordfish.lemuroid.app.shared.game.BaseGameActivity.onCreate(BaseGameActivity.kt:117)
04-11 03:30:42.378 30657 30657 D StrictMode: 	at com.swordfish.lemuroid.app.mobile.feature.game.GameActivity.onCreate(GameActivity.kt:13)
04-11 03:30:42.378 30657 30657 D StrictMode: 	at android.app.Activity.performCreate(Activity.java:9295)
04-11 03:30:42.378 30657 30657 D StrictMode: 	at android.app.Activity.performCreate(Activity.java:9273)
04-11 03:30:42.378 30657 30657 D StrictMode: 	at android.app.Instrumentation.callActivityOnCreate(Instrumentation.java:1521)
04-11 03:30:42.378 30657 30657 D StrictMode: 	at android.app.ActivityThread.performLaunchActivity(ActivityThread.java:4426)
04-11 03:30:42.378 30657 30657 D StrictMode: 	at android.app.ActivityThread.handleLaunchActivity(ActivityThread.java:4638)
04-11 03:30:42.378 30657 30657 D StrictMode: 	at android.app.servertransaction.LaunchActivityItem.execute(LaunchActivityItem.java:222)
04-11 03:30:42.378 30657 30657 D StrictMode: 	at android.app.servertransaction.TransactionExecutor.executeNonLifecycleItem(TransactionExecutor.java:133)
04-11 03:30:42.378 30657 30657 D StrictMode: 	at android.app.servertransaction.TransactionExecutor.executeTransactionItems(TransactionExecutor.java:103)
04-11 03:30:42.378 30657 30657 D StrictMode: 	at android.app.servertransaction.TransactionExecutor.execute(TransactionExecutor.java:80)
04-11 03:30:42.378 30657 30657 D StrictMode: 	at android.app.ActivityThread$H.handleMessage(ActivityThread.java:2966)
04-11 03:30:42.378 30657 30657 D StrictMode: 	at android.os.Handler.dispatchMessage(Handler.java:115)
04-11 03:30:42.378 30657 30657 D StrictMode: 	at android.os.Looper.loopOnce(Looper.java:304)
04-11 03:30:42.378 30657 30657 D StrictMode: 	at android.os.Looper.loop(Looper.java:430)
04-11 03:30:42.378 30657 30657 D StrictMode: 	at android.app.ActivityThread.main(ActivityThread.java:9345)
04-11 03:30:42.378 30657 30657 D StrictMode: 	at java.lang.reflect.Method.invoke(Native Method)
04-11 03:30:42.378 30657 30657 D StrictMode: 	at com.android.internal.os.RuntimeInit$MethodAndArgsCaller.run(RuntimeInit.java:593)
04-11 03:30:42.378 30657 30657 D StrictMode: 	at com.android.internal.os.ZygoteInit.main(ZygoteInit.java:953)
04-11 03:30:42.389 30657 30657 D CompatChangeReporter: Compat change id reported: 270674727; UID 10516; state: ENABLED
04-11 03:30:42.393  2387  6751 D CompatChangeReporter: Compat change id reported: 311208749; UID 10516; state: ENABLED
04-11 03:30:42.393  2387  6751 D CompatChangeReporter: Compat change id reported: 296558535; UID 10516; state: ENABLED
04-11 03:30:42.393  2387  6751 D CompatChangeReporter: Compat change id reported: 317799821; UID 10516; state: ENABLED
04-11 03:30:42.393  2387  6751 D CompatChangeReporter: Compat change id reported: 313677553; UID 10516; state: ENABLED
04-11 03:30:42.393  2387  6751 I ActivityManager: Background started FGS: Allowed [callingPackage: com.swordfish.lemuroid.debug; callingUid: 10516; uidState: TOP ; uidBFSL: [BFSL]; intent: Intent { cmp=com.swordfish.lemuroid.debug/com.swordfish.lemuroid.app.mobile.feature.game.GameService }; code:PROC_STATE_TOP; tempAllowListReason:<,reasonCode:SYSTEM_ALLOW_LISTED,duration:9223372036854775807,callingUid:-1>; allowWiu:12; targetSdkVersion:35; callerTargetSdkVersion:35; startForegroundCount:0; bindFromPackage:null: isBindService:false]
04-11 03:30:42.393  2387  6751 W ForegroundServiceTypeLoggerModule: Foreground service start for UID: 10516 does not have any types
04-11 03:30:42.394  2387  2997 D BackgroundInstallControlService: Package event received: 0
04-11 03:30:42.396  1730  1800 I HfLooper: moto_sensor LIGHT_SENSOR_LIGHT_1 lux = 0.000000, timestamp = 870261802199558 
04-11 03:30:42.421  3196 32277 D IpClient/wlan0: interfaceLinkStateChanged: ifindex 36 up
04-11 03:30:42.506  1730  1800 I HfLooper: moto_sensor LIGHT_SENSOR_LIGHT_1 lux = 0.000000, timestamp = 870261912185343 
04-11 03:30:42.541  1759  1823 I libPerfCtl: xgfGetFPS pid:3052 fps:-1
04-11 03:30:42.541  1759  1823 I libPerfCtl: xgfGetFPS pid:27769 fps:-1
04-11 03:30:42.541  1759  1823 I libPerfCtl: xgfGetFPS pid:28658 fps:90
04-11 03:30:42.553  1763  1850 I mtkpower@impl: [powerd_req] TIMER_MSG_PERF_LOCK_TIMEOUT hdl:435005
04-11 03:30:42.553  1763  1850 I libPowerHal: [perfLockRel] hdl:435005, idx:7
04-11 03:30:42.573  2387  8192 D CoreBackPreview: Window{1146897 u0 com.swordfish.lemuroid.debug/com.swordfish.lemuroid.app.mobile.feature.game.GameActivity}: Setting back callback OnBackInvokedCallbackInfo{mCallback=android.window.IOnBackInvokedCallback$Stub$Proxy@cb1e225, mPriority=0, mIsAnimationCallback=false, mOverrideBehavior=0}
04-11 03:30:42.585  2387  2453 D SurfaceComposerClient: Transaction::apply InputWindowCommands.focusRequests timestamp=452489599361431, windowName=1146897 com.swordfish.lemuroid.debug/com.swordfish.lemuroid.app.mobile.feature.game.GameActivity
04-11 03:30:42.586 30657 30657 E roid.debug:game: [perfctl] 30657 30657 FPSGO ver:7
04-11 03:30:42.586 30657 30657 E roid.debug:game: [perfctl] 1 1 1 0
04-11 03:30:42.587 30657 30657 D BufferQueueConsumer: [](id:77c100000000,api:0,p:-1,c:30657) connect: controlledByApp=false
04-11 03:30:42.588 30657 30657 D BLASTBufferQueue: [VRI[GameActivity]#0](f:0,a:0) constructor()
04-11 03:30:42.588 30657 30657 D BLASTBufferQueue: [VRI[GameActivity]#0](f:0,a:0) update width=1220 height=2712 format=-1 mTransformHint=0
04-11 03:30:42.592  1795  1888 I SurfaceFlinger: getDynamicDisplayInfoInternal: active display mode is [1 90 0x0]
04-11 03:30:42.595  1733  1733 I mali_platform_hal: useCompressionGles pid=30657, procName=com.swordfish.lemuroid.debug:game, 0
04-11 03:30:42.598  1795  1888 I SurfaceFlinger: onHandleDestroyed: layerId=94807, name=Surface(name=77d02f2 StatusBar)/@0xf7a5a9f - animation-leash of insets_animation#94807
04-11 03:30:42.598  1795  1886 I SurfaceFlinger: onHandleDestroyed: layerId=94808, name=Surface(name=a51c6ed NavigationBar0)/@0xd0b3fb3 - animation-leash of insets_animation#94808
04-11 03:30:42.598  1795  2280 D SurfaceFlinger: updateWinowInfo=1, setFocusedWindow timestamp=452489599361431, windowName=1146897 com.swordfish.lemuroid.debug/com.swordfish.lemuroid.app.mobile.feature.game.GameActivity
04-11 03:30:42.602 30657 30684 D roid.debug:game: Can't load libmbrainSDK
04-11 03:30:42.602 30657 30684 D roid.debug:game: initMbrain failed
04-11 03:30:42.616  1730  1800 I HfLooper: moto_sensor LIGHT_SENSOR_LIGHT_1 lux = 0.000000, timestamp = 870262022200762 
04-11 03:30:42.624 30657 30684 E HWUI    : fbcNotifySbeRescue error: undefined symbol: fbcNotifySbeRescue
04-11 03:30:42.624 30657 30684 E HWUI    : fbcNotifyHintFrame error: undefined symbol: fbcNotifyHintFrame
04-11 03:30:42.624 30657 30684 E HWUI    : updateSbeFeatureOption error: undefined symbol: updateSbeFeatureOption
04-11 03:30:42.625 30657 30684 I GrallocExtra: gralloc_extra_query:is_SW3D 0
04-11 03:30:42.626 30657 30684 D BLASTBufferQueue: [VRI[GameActivity]#0](f:0,a:1) acquireNextBufferLocked size=1220x2712 mFrameNumber=1 applyTransaction=true mTimestamp=452489643104892(auto) mPendingTransactions.size=0 graphicBufferId=131670812393476 transform=0
04-11 03:30:42.626 30657 30684 D roid.debug:game: Can't load libmbrainSDK
04-11 03:30:42.626 30657 30684 D roid.debug:game: initMbrain failed
04-11 03:30:42.633  2387  2447 I ActivityTaskManager: Displayed com.swordfish.lemuroid.debug/com.swordfish.lemuroid.app.mobile.feature.game.GameActivity for user 0: +1s215ms
04-11 03:30:42.642  2387  8192 D PowerManagerService: nativeSetPowerMode ret:true mode:5 enabled:false duration ms: 0
04-11 03:30:42.642  1763  1814 I mtkpower@impl: [setMode] type:5, enabled:0
04-11 03:30:42.642  2387  2462 W MotoBatteryCareService: uid: 10516 pkgName:com.swordfish.lemuroid.debug come to foreground
04-11 03:30:42.642  1763  1850 I libPowerHal: [perfLockRel] hdl:435002, idx:13
04-11 03:30:42.642  1763  1850 I libPowerHal: [setClusterFreq]  set cpu_ctrl cpufreq: 2000000 -1 2500000 -1 
04-11 03:30:42.643  2387  8192 D PowerManagerService: nativeReleaseSuspendBlocker name:PowerManagerService.WakeLocks duration ms: 0
04-11 03:30:42.643  1763  1850 I libPowerHal: [PD] LAUNCH update cmd:1404100 param:0
04-11 03:30:42.643  1763  1850 I libPowerHal: [PD] LAUNCH update cmd:1404300 param:0
04-11 03:30:42.643  1763  1850 I libPowerHal: set_data_partition_boost: value:0, scn:0xb40000710ab1fac8
04-11 03:30:42.643  1763  1850 I libPowerHal: set_f2fs_current_flush_merge:0
04-11 03:30:42.643  1763  1850 I libPowerHal: [PD] LAUNCH update cmd:2c14000 param:0
