04-11 03:30:36.335  1788  1993 I EffectChain: addEffect_l() effect 0xb4000078161e3150, added in chain 0xb4000078261f3230 at rank 0
04-11 03:30:36.341  1719  3449 I EffectsFactory: Effect_Command(): self = 0xb40000744cb16640, cmdCode = 1
04-11 03:30:36.341  1719  3449 D DlbDlbEffect: handle_EFFECT_CMD_SET_CONFIG()
04-11 03:30:36.341  1719  3449 D DlbDapEffectContext: updateInputFormat() mIsDmsContentProcEnabled: 1, channels: 0x3, mCurrentDevice: 0x2, mAudioFlags: 0x0
04-11 03:30:36.341  1719  3449 D DlbDap2Process: setHTParam: mIsBinauralInput: 0
04-11 03:30:36.341  1719  3449 D DlbDap2Process: DAP input format is 0x22 with input channel mask 0x3
04-11 03:30:36.341  1719  3449 I EffectsFactory: Effect_Command(): self = 0xb40000744cb16640, cmdCode = 1
04-11 03:30:36.341  1719  3449 D DlbDlbEffect: handle_EFFECT_CMD_SET_CONFIG()
04-11 03:30:36.341  1719  3449 D DlbDapEffectContext: updateInputFormat() mIsDmsContentProcEnabled: 1, channels: 0x3, mCurrentDevice: 0x2, mAudioFlags: 0x0
04-11 03:30:36.341  1719  3449 D DlbDap2Process: setHTParam: mIsBinauralInput: 0
04-11 03:30:36.341  1719  3449 D DlbDap2Process: DAP input format is 0x22 with input channel mask 0x3
04-11 03:30:36.341  1719  3449 I EffectsFactory: Effect_Command(): self = 0xb40000744cb16640, cmdCode = 9
04-11 03:30:36.341  1719  3449 D DlbDlbEffect: handle_EFFECT_CMD_SET_DEVICE(device=0x00000001)
04-11 03:30:36.341  1719  3449 D DlbDapCrossfadeProcess: deviceChanged()
04-11 03:30:36.341  1719  3449 D DlbDapEndpointParamCache: setDevice(device=0x00000001)
04-11 03:30:36.341  1719  3449 D DlbDapEndpointParamCache: setDevice() Applying parameters for new device 0x00000001
04-11 03:30:36.342  1719  3449 D DlbDap2Process: setParam(dea = #1[2])
04-11 03:30:36.342  1719  3449 D DlbDap2Process: setParam(iea = #1[4])
04-11 03:30:36.342  1719  3449 D DlbDap2Process: setParam(dsa = #1[10])
04-11 03:30:36.342  1719  3449 D DlbDap2Process: setParam(beb = #1[16])
04-11 03:30:36.342  1719  3449 D DlbDap2Process: setParam(plb = #1[0])
04-11 03:30:36.342  1719  3449 D DlbDap2Process: setParam(vmb = #1[84])
04-11 03:30:36.342  1719  3449 D DlbDap2Process: setParam(dsb = #1[16])
04-11 03:30:36.342  1719  3449 D DlbDap2Process: setParam(ded = #1[0])
04-11 03:30:36.342  1719  3449 D DlbDap2Process: setParam(vbm = #1[3])
04-11 03:30:36.342  1719  3449 D DlbDap2Process: Got DAP mix matrix (length=2) for processing mode 0
04-11 03:30:36.342  1719  3449 D DlbDap2Process: Got DAP mix matrix (length=4) for processing mode 1
04-11 03:30:36.342  1719  3449 D DlbDap2Process: Got DAP mix matrix (length=12) for processing mode 3
04-11 03:30:36.342  1719  3449 D DlbDap2Process: Got DAP mix matrix (length=16) for processing mode 5
04-11 03:30:36.342  1719  3449 D DlbDap2Process: Got DAP mix matrix (length=12) for processing mode 10
04-11 03:30:36.342  1719  3449 D DlbDap2Process: Got DAP mix matrix (length=16) for processing mode 11
04-11 03:30:36.342  1719  3449 D DlbDap2Process: Got DAP mix matrix (length=16) for processing mode 6
04-11 03:30:36.342  1719  3449 D DlbDap2Process: setParam(dom = #95[1, 0, 1, 0, 2, 16384, 16384, 1, 4, 16384, 0, 0, 16384, 3, 12, 16384, 0, 0, 16384, 11583, 11583, 8192, 8192, 16384, 0, 0, 16384, 5, 16, 16384, 0, 0, 16384, 11583, 11583, 8192, 8192, 16384, 0, 0, 16384, 16384, 0, 0, 16384, 10, 12, 16384, 0, 0, 16384, 11583, 11583, 8192, 8192, 16384, 0, 0, 16384, 11, 16, 16384, 0, 0, 16384, 11583, 11583, 8192, 8192, 16384, 0, 0, 16384, 16384, 0, 0, 16384, 6, 16, 16384, 0, 0, 16384, 11583, 11583, 8192, 8192, 16384, 0, 0, 16384, 16384, 0, 0, 16384])
04-11 03:30:36.342  1719  3449 D DlbDap2Process: setParam(svm = #1[2])
04-11 03:30:36.342  1719  3449 D DlbDap2Process: setParam(bew = #1[8])
04-11 03:30:36.342  1719  3449 D DlbDap2Process: setParam(hpaa = #1[900])
04-11 03:30:36.342  1719  3449 D DlbDap2Process: setParam(dvla = #1[0])
04-11 03:30:36.342  1719  3449 D DlbDap2Process: setParam(dfsa = #1[10])
04-11 03:30:36.342  1719  3449 D DlbDap2Process: setParam(dhsa = #1[10])
04-11 03:30:36.342  1719  3449 D DlbDap2Process: setParam(arsa = #5[2, 161, 119, 96, 96])
04-11 03:30:36.342  1719  3449 D DlbDap2Process: setParam(rssa = #14[2, 6, -128, -144, -96, -160, -128, -144, -160, -144, -128, -144, -144, -160])
04-11 03:30:36.342  1719  3449 D DlbDap2Process: setParam(vbhb = #6[32, -64, -32, -32, 0, 0])
04-11 03:30:36.342  1719  3449 D DlbDap2Process: setParam(avsb = #1[14])
04-11 03:30:36.342  1719  3449 D DlbDap2Process: setParam(svsb = #1[0])
04-11 03:30:36.342  1719  3449 D DlbDap2Process: setParam(dvlc = #1[0])
04-11 03:30:36.342  1719  3449 D DlbDap2Process: setParam(dvmc = #1[0])
04-11 03:30:36.342  1719  3449 D DlbDap2Process: setParam(svrc = #8[103, 32568, 6698, 5090, 0, 3, 3, 3])
04-11 03:30:36.342  1719  3449 D DlbDap2Process: setParam(arod = #1[0])
04-11 03:30:36.342  1719  3449 D DlbDap2Process: setParam(vssd = #1[4])
04-11 03:30:36.342  1719  3449 D DlbDap2Process: setParam(mvbe = #1[0])
04-11 03:30:36.342  1719  3449 D DlbDap2Process: setParam(bmde = #1[1])
04-11 03:30:36.342  1719  3449 D DlbDap2Process: setParam(arde = #1[1])
04-11 03:30:36.342  1719  3449 D DlbDap2Process: setParam(mdee = #1[0])
04-11 03:30:36.342  1719  3449 D DlbDap2Process: setParam(dvle = #1[1])
04-11 03:30:36.342  1719  3449 D DlbDap2Process: setParam(rsse = #1[1])
04-11 03:30:36.342  1719  3449 D DlbDap2Process: setParam(becf = #1[277])
04-11 03:30:36.342  1719  3449 D DlbDap2Process: setParam(vbmf = #2[202, 319])
04-11 03:30:36.342  1719  3449 D DlbDap2Process: setParam(vbsf = #2[30, 270])
04-11 03:30:36.342  1719  3449 D DlbDap2Process: setParam(vbbg = #1[-16])
04-11 03:30:36.342  1719  3449 D DlbDap2Process: setParam(vbhg = #3[8, 96, 20])
04-11 03:30:36.342  1719  3449 D DlbDap2Process: setParam(vbog = #1[-187])
04-11 03:30:36.342  1719  3449 D DlbDap2Process: setParam(vbrg = #1[-8])
04-11 03:30:36.342  1719  3449 D DlbDap2Process: setParam(vbsg = #1[-2])
04-11 03:30:36.342  1719  3449 D DlbDap2Process: setParam(dvli = #1[-256])
04-11 03:30:36.342  1719  3449 D DlbDap2Process: setParam(dhfm = #1[1])
04-11 03:30:36.342  1719  3449 D DlbDap2Process: setParam(vbhm = #4[-96, 32, 48, 32])
04-11 03:30:36.342  1719  3449 D DlbDap2Process: setParam(beon = #1[0])
04-11 03:30:36.342  1719  3449 D DlbDap2Process: setParam(ceon = #1[0])
04-11 03:30:36.342  1719  3449 D DlbDap2Process: setParam(deon = #1[1])
04-11 03:30:36.342  1719  3449 D DlbDap2Process: setParam(geon = #1[1])
04-11 03:30:36.342  1719  3449 D DlbDap2Process: setParam(ieon = #1[0])
04-11 03:30:36.342  1719  3449 D DlbDap2Process: setParam(ngon = #1[1])
04-11 03:30:36.342  1719  3449 D DlbDap2Process: setParam(aoon = #1[1])
04-11 03:30:36.342  1719  3449 D DlbDap2Process: setParam(hpon = #1[0])
04-11 03:30:36.342  1719  3449 D DlbDap2Process: setParam(aron = #1[1])
04-11 03:30:36.342  1719  3449 D DlbDap2Process: setParam(dvlo = #1[-256])
04-11 03:30:36.342  1719  3449 D DlbDap2Process: setParam(dplp = #1[256])
04-11 03:30:36.342  1719  3449 D DlbDap2Process: setParam(artp = #1[12])
04-11 03:30:36.342  1719  3449 D DlbDap2Process: setParam(hpar = #1[1600])
04-11 03:30:36.342  1719  3449 D DlbDap2Process: setParam(iebs = #41[20, 47, 141, 234, 328, 469, 656, 844, 1031, 1313, 1688, 2250, 3000, 3750, 4688, 5813, 7125, 9000, 11250, 13875, 19688, 157, 167, 218, 218, 203, 188, 192, 192, 205, 213, 218, 209, 193, 159, 134, 97, 71, 22, -90, -283])
04-11 03:30:36.343  1719  3449 D DlbDap2Process: setParam(aobs = #62[20, 2, 47, 141, 234, 328, 469, 656, 844, 1031, 1313, 1688, 2250, 3000, 3750, 4688, 5813, 7125, 9000, 11250, 13875, 19688, -480, -62, -44, -44, -68, -95, -62, -30, -14, 0, 0, 0, -70, -111, -40, 4, 8, 6, -6, -467, -476, -40, -28, -34, -46, -91, -121, -69, -33, -12, -8, -18, -76, -131, -76, -22, -2, 0, -2, -80])
04-11 03:30:36.343  1719  3449 D DlbDap2Process: setParam(arbs = #81[20, 47, 141, 234, 328, 469, 656, 844, 1031, 1313, 1688, 2250, 3000, 3750, 4688, 5813, 7125, 9000, 11250, 13875, 19688, -192, -192, -192, -192, -192, -192, -192, -192, -192, -192, -192, -192, -192, -192, -192, -192, -192, -192, -192, -192, 0, 0, 0, 0, 0, 0, 0, 0, 0, 0, 0, 0, 0, 0, 0, 0, 0, 0, 0, 0, 1, 1, 1, 1, 1, 1, 1, 1, 1, 1, 0, 0, 1, 1, 1, 1, 0, 0, 0, 0])
04-11 03:30:36.343  1719  3449 D DlbDap2Process: setParam(ards = #1[16])
04-11 03:30:36.343  1719  3449 D DlbDap2Process: setParam(hpat = #1[-256])
04-11 03:30:36.343  1719  3449 D DlbDap2Process: setParam(vbct = #7[1, 96, -108, 57, 32, 40, 50])
04-11 03:30:36.343  1719  3449 D DlbDap2Process: setParam(bmdt = #80[1, -1600, 0, -1120, -400, -240, 0, 5, 10, 0, 1, -1600, 0, -1120, -112, 0, -48, 20, 70, 48, 1, -1600, 0, -1120, -160, 0, -64, 15, 60, 64, 1, -1600, 0, -1120, -160, 0, -64, 10, 50, 64, 1, -1600, 0, -1120, -160, 0, -64, 8, 30, 64, 1, -1600, 0, -1120, -160, 0, 0, 7, 20, 0, 1, -1600, 0, -1120, -160, 0, 0, 7, 10, 0, 1, -1600, 0, -1120, -192, 0, -32, 7, 10, 32])
04-11 03:30:36.343  1719  3449 D DlbDap2Process: setParam(hptw = #1[6])
04-11 03:30:36.343  1719  3449 D DlbDap2Process: setParam(vbmx = #2[10, 600])
04-11 03:30:36.343  1719  3449 D DlbDapEndpointParamCache: doCommit() Committed 66 parameters out of 66.
04-11 03:30:36.343  1719  3449 I EffectsFactory: Effect_Command(): self = 0xb40000744cb16640, cmdCode = 11
04-11 03:30:36.343  1719  3449 D DlbEffectDap: setAudioMode(mode = 0)
04-11 03:30:36.343  1719  3449 I EffectsFactory: Effect_Command(): self = 0xb40000744cb16640, cmdCode = 5
04-11 03:30:36.343  1719  3449 D DlbEffectContext: addPregainObserver(): Pregain observer added for audio io 13 and Dolby effect type 0
04-11 03:30:36.343  1719  3449 D DlbDapCrossfadeProcess: clear()
04-11 03:30:36.344  3249  9745 I AudioEffect: commandExecuted(): 0xb400007b6bd66730, cmdCode = 5
04-11 03:30:36.344  1719  3449 I EffectsFactory: Effect_Command(): self = 0xb40000744cb16640, cmdCode = 3
04-11 03:30:36.344  1719  3449 D DlbDlbEffect: handle_EFFECT_CMD_ENABLE()
04-11 03:30:36.344  1719  3449 D DlbEffectDap: updateProcessEnabled(enabled=1, bypassed=0)
04-11 03:30:36.344  1719  3449 D DlbCrossfadeProcess: setEnabled transitioning from PROCESS_BYPASSED state to PREROLL_ACTIVE
04-11 03:30:36.344  1788  1993 D AudioFlinger: moveEffectChain_ll: successful move of session 0 from srcThread 0xb400007ab485bff0 to dstThread 0xb400007ab515fff0 (1 effects moved, 1 effects started)
04-11 03:30:36.344  1788  2244 I EffectChain: ~EffectChain(): delete EffectChain = 0xb4000078261ffcb0
04-11 03:30:36.344  1737  1778 D DolbyManagerService: setActiveDevice called with device = 0x2 (original 0x2)
04-11 03:30:36.345  1730  1800 I HfLooper: moto_sensor LIGHT_SENSOR_LIGHT_1 lux = 0.000000, timestamp = 870255752178978 
04-11 03:30:36.387  1795  2902 D SurfaceFlinger: [SF client] REMOVE (0xb400007d5fab7e20) for (28658:com.swordfish.lemuroid.debug:game)
04-11 03:30:36.387  1795  2313 I SurfaceFlinger: onHandleDestroyed: layerId=94795, name=Background for c17f5f1 SurfaceView[com.swordfish.lemuroid.debug/com.swordfish.lemuroid.app.mobile.feature.game.GameActivity]#94795
04-11 03:30:36.387  2387  3197 I WindowManager: WIN DEATH: Window{a4259ee u0 com.swordfish.lemuroid.debug/com.swordfish.lemuroid.app.mobile.feature.game.GameActivity}
04-11 03:30:36.387  1897  1897 I adbd    : Remote process closed the socket (on MSG_PEEK)
04-11 03:30:36.388  1795  2902 I SurfaceFlinger: onHandleDestroyed: layerId=94792, name=Bounds for - com.swordfish.lemuroid.debug/com.swordfish.lemuroid.app.mobile.feature.game.GameActivity#94792
04-11 03:30:36.388  1795  2902 I SurfaceFlinger: onHandleDestroyed: layerId=94793, name=c17f5f1 SurfaceView[com.swordfish.lemuroid.debug/com.swordfish.lemuroid.app.mobile.feature.game.GameActivity]#94793
04-11 03:30:36.388  1795  2902 I SurfaceFlinger: onHandleDestroyed: layerId=94794, name=c17f5f1 SurfaceView[com.swordfish.lemuroid.debug/com.swordfish.lemuroid.app.mobile.feature.game.GameActivity](BLAST)#94794
04-11 03:30:36.387  1788 22051 D AudioFlinger: AudioFlinger::TrackClient::binderDied pid: 28658, clientId: 4492
04-11 03:30:36.388  2387 20500 I ActivityManager: appDiedLocked: app=ProcessRecord{612cf2e 28658:com.swordfish.lemuroid.debug:game/u0a516} thread=android.os.BinderProxy@887cd78 fromBinderDied=true isKilledByAm=false reason=null
04-11 03:30:36.388  2387 20500 I ActivityManager: Process com.swordfish.lemuroid.debug:game (pid 28658) has died: prcp CEM 
04-11 03:30:36.389  2387 20500 D RestartModeController: markWaitRestartAppIsSuicided null processName=com.swordfish.lemuroid.debug:game
04-11 03:30:36.389  2387 20500 D CompatChangeReporter: Compat change id reported: 151861875; UID 10516; state: ENABLED
04-11 03:30:36.390  2387 20500 D ActivityTaskManager: handleAppDied: uid=10516,diedCount=1,lastDiedTime=451942043,forceStopUids=false
04-11 03:30:36.390  2387  3051 I ScnModule: [GameDetection] requestedPermissions1/1:: com.swordfish.lemuroid.debug:: [android.permission.INTERNET, android.permission.READ_EXTERNAL_STORAGE, android.permission.READ_MEDIA_AUDIO, android.permission.VIBRATE, android.permission.MANAGE_EXTERNAL_STORAGE, com.android.providers.tv.permission.WRITE_EPG_DATA, android.permission.POST_NOTIFICATIONS, android.permission.ACCESS_NETWORK_STATE, android.permission.FOREGROUND_SERVICE_DATA_SYNC, android.permission.RECORD_AUDIO, android.permission.WAKE_LOCK, android.permission.REQUEST_IGNORE_BATTERY_OPTIMIZATIONS, android.permission.RECEIVE_BOOT_COMPLETED, android.permission.FOREGROUND_SERVICE, com.android.providers.tv.permission.READ_EPG_DATA, com.swordfish.lemuroid.debug.DYNAMIC_RECEIVER_NOT_EXPORTED_PERMISSION] 
04-11 03:30:36.391  2387  3051 I ScnModule: [GameDetection] numOfPermissiom:: com.swordfish.lemuroid.debug:: 16 
04-11 03:30:36.391  2387  3051 I ScnModule: [GameDetection] nativeLibs1/1:: com.swordfish.lemuroid.debug:: [libprosystem_libretro_android.so, libmednafen_pce_fast_libretro_android.so, libfbneo_libretro_android.so, libsnes9x_libretro_android.so, libmgba_libretro_android.so, libstella_libretro_android.so, libmupen64plus_next_gles3_libretro_android.so, libpcsx_rearmed_libretro_android.so, liblibretrodroid.so, libmednafen_ngp_libretro_android.so, libgambatte_libretro_android.so, libfceumm_libretro_android.so, libdesmume_libretro_android.so, libmelonds_libretro_android.so, libgenesis_plus_gx_libretro_android.so, libppsspp_libretro_android.so, libfmsx_libretro_android.so, libmednafen_wswan_libretro_android.so, libandroidx.graphics.path.so, libmame2003_plus_libretro_android.so, libcitra_libretro_android.so, libdosbox_pure_libretro_android.so, libhandy_libretro_android.so] 
04-11 03:30:36.391  2387  3051 I ScnModule: [GameDetection] inputPermissions:: com.swordfish.lemuroid.debug:: [0.0, 0.0, 0.0, 1.0, 0.0, 1.0, 0.0, 0.0, 0.0, 0.0, 0.0, 0.0, 1.0, 0.0, 1.0, 0.0, 0.0, 0.0, 0.0, 0.0, 0.0, 0.0, 0.0, 0.0, 0.0, 0.0, 1.0, 1.0, 0.0, 0.0, 0.0, 0.0, 0.0, 0.0, 1.0, 0.0, 0.0, 0.0, 0.0, 0.0, 0.0, 1.0, 1.0, 0.0, 0.0, 0.0, 0.0, 0.0, 0.0, 0.0, 0.0, 0.0, 0.0, 0.0, 0.0, 0.0, 0.0, 0.0, 0.0, 0.0, 1.0, 0.0, 0.0, 0.0, 1.0, 0.0, 0.0, 0.0, 0.0, 0.0, 0.0, 0.0, 0.0, 0.0, 0.0, 0.0, 0.0, 0.0, 0.0, 0.0, 0.0, 0.0, 0.0, 0.0, 0.0, 1.0, 0.0, 0.0, 0.0, 0.0, 0.0, 0.0, 0.0, 0.0, 0.0, 0.0, 0.0, 0.0, 0.0, 0.0, 0.0, 0.0, 0.0, 0.0, 0.0, 0.0, 0.0, 0.0, 0.0, 0.0, 0.0, 0.0, 0.0, 0.0, 0.0, 0.0, 0.0, 0.0, 0.0, 0.0, 0.0, 0.0, 0.0, 0.0, 0.0, 0.0, 0.0, 0.0, 0.0, 0.0, 0.0, 0.0, 0.0, 0.0, 0.0, 0.0, 0.0, 0.0, 0.0, 0.0, 0.0, 0.0, 0.0, 0.0, 0.0, 0.0, 0.0, 0.0, 0.0, 0.0, 0.0, 0.0, 0.0, 0.0, 0.0, 0.0, 0.0, 0.0, 0.0, 0.0, 0.0, 0.0, 0.0, 0.0, 0.0, 0.0, 0.0, 0.0, 0.0, 1.0, 0.0, 0.0, 0.0, 0.0, 0.0, 0.0, 0.0, 0.0, 0.0, 0.0, 0.0, 0.0, 0.0, 0.0, 0.0, 0.0, 0.0, 0.0, 0.0, 0.0, 0.0, 0.0, 0.0, 0.0, 0.0, 0.0, 0.0, 1.0, 0.0, 0.0] 
04-11 03:30:36.391  2387  3051 I ScnModule: [GameDetection] inputGameFeature:: com.swordfish.lemuroid.debug:: [-1.1426246, 0.0, 0.0, 0.0] 
04-11 03:30:36.391  2387  3051 I ScnModule: [GameDetection] GamePredictor:: com.swordfish.lemuroid.debug:: nonGame:27,6224,isGame:-28,2922 
04-11 03:30:36.391  2387  3051 I mtkpower_client: [PowerHal_Wrap_notifyAppState] com.swordfish.lemuroid.debug/com.swordfish.lemuroid.debug pid=28658 activityId:28658 state:3
04-11 03:30:36.392  1759  1759 I IPCThreadState: oneway function results for code 2 on binder at 0xb4000078984174a0 will be dropped but finished with status UNKNOWN_TRANSACTION
04-11 03:30:36.392  1759  1759 I vendor.mediatek.hardware.mtkpower_applist-service.mediatek: packName: com.swordfish.lemuroid.debug actName: com.swordfish.lemuroid.debug pid: 28658 uid: 10516 state: 3
04-11 03:30:36.392  1759  1759 I MTK_APPList: [notifyAPPstate] com.swordfish.lemuroid.debug/com.swordfish.lemuroid.debug, pid=28658, uid=10516, state:DEAD, fps:60, win:1
04-11 03:30:36.392  1759  1759 I MTK_APPList: [notifyAPPstate] multi_resumed_app_count: 2
04-11 03:30:36.392  1759  1759 I MTK_APPList: [notifyAPPstate] multi_resumed_app_info[0] com.google.android.permissioncontroller/com.android.permissioncontroller.permission.ui.GrantPermissionsActivity, pid:14031, fps:-1, isMultiWindow:0
04-11 03:30:36.392  1759  1759 I MTK_APPList: [notifyAPPstate] multi_resumed_app_info[1] com.swordfish.lemuroid.debug/com.swordfish.lemuroid.app.mobile.feature.main.MainActivity, pid:27769, fps:60, isMultiWindow:1
04-11 03:30:36.392  1759  1759 I MTK_APPList: [getForegroundAPPCount] 2
04-11 03:30:36.392  1759  1759 I MTK_APPList: [notifyAPPstate] pack:com.swordfish.lemuroid.debug, pid:28658, STATE_DEAD
04-11 03:30:36.392  1759  1759 I MTK_APPList: [notifyNetdUID] 10516
04-11 03:30:36.393  2387  2997 D BackgroundInstallControlService: Package event received: 0
04-11 03:30:36.393  1759  1759 I MTK_APPList: [notifyPID] 27769
04-11 03:30:36.393  1788  1993 D APM_AudioPolicyManager: [MTK_APM_Output]releaseOutput() 21 portId 5538
04-11 03:30:36.393  1763  1850 I libPowerHal: [perfSetSysInfo] pid type:24, 27769
04-11 03:30:36.394  2387  3051 W Looper  : Drained
04-11 03:30:36.394  1698  1698 I Zygote  : Process 28658 exited cleanly (0)
04-11 03:30:36.394  2387  2466 I libprocessgroup: Removed cgroup /sys/fs/cgroup/apps/uid_10516/pid_28658
04-11 03:30:36.395  2387  2466 W libprocessgroup: RemoveCgroup: /dev/memcg/apps/uid_10516/pid_28658 does not exist.
04-11 03:30:36.419 15791 15791 I eara_io@boost: [eara_io_boost] wl 9 , top 0 , req_r 44 , req_w 0 , top_r_sz_mb 0 , top_w_sz_mb 0 , reqc_rand 0
04-11 03:30:36.419 15791 15791 I eara_io@boost: [eara_io_boost] init_w_threshold_accu_mb 0 , init_w_threshold_accu_mb_prev 0 , perf_rsc_init_w_to_set 0
04-11 03:30:36.419 15791 15791 I eara_io@boost: [eara_io_boost] Light boost=0
04-11 03:30:36.454  1730  1800 I HfLooper: moto_sensor LIGHT_SENSOR_LIGHT_1 lux = 0.000000, timestamp = 870255861615617 
04-11 03:30:36.519 15791 15791 I eara_io@boost: [eara_io_boost] wl 0 , top 0 , req_r 0 , req_w 0 , top_r_sz_mb 0 , top_w_sz_mb 0 , reqc_rand 0
04-11 03:30:36.519 15791 15791 I eara_io@boost: [eara_io_boost] init_w_threshold_accu_mb 0 , init_w_threshold_accu_mb_prev 0 , perf_rsc_init_w_to_set 0
04-11 03:30:36.519 15791 15791 I eara_io@boost: [eara_io_boost] Light boost=0
04-11 03:30:36.538  1759  1823 I libPerfCtl: xgfGetFPS pid:3052 fps:-1
04-11 03:30:36.539  1759  1823 I libPerfCtl: xgfGetFPS pid:27769 fps:-1
04-11 03:30:36.539  1759  1823 I MTK_APPList: [updateFPS] pid(27769) : 60 => -1
04-11 03:30:36.539  1759  1823 I MTK_APPList: [notifyAPPstate] com.swordfish.lemuroid.debug/com.swordfish.lemuroid.app.mobile.feature.main.MainActivity, pid=27769, uid=10516, state:FPS_UPDATED, fps:-1, win:1
04-11 03:30:36.539  1759  1823 I MTK_APPList: [notifyAPPstate] multi_resumed_app_count: 2
04-11 03:30:36.539  1759  1823 I MTK_APPList: [notifyAPPstate] multi_resumed_app_info[0] com.google.android.permissioncontroller/com.android.permissioncontroller.permission.ui.GrantPermissionsActivity, pid:14031, fps:-1, isMultiWindow:0
04-11 03:30:36.539  1759  1823 I MTK_APPList: [notifyAPPstate] multi_resumed_app_info[1] com.swordfish.lemuroid.debug/com.swordfish.lemuroid.app.mobile.feature.main.MainActivity, pid:27769, fps:-1, isMultiWindow:1
04-11 03:30:36.539  1759  1823 I MTK_APPList: [getForegroundAPPCount] 2
04-11 03:30:36.539  1759  1823 I MTK_APPList: [notifyNetdUID] 10516
04-11 03:30:36.539  1759  1823 I MTK_APPList: [notifyPID] 27769
04-11 03:30:36.539  1763  1850 I libPowerHal: [perfSetSysInfo] pid type:24, 27769
04-11 03:30:36.540  1759  1823 I libPerfCtl: xgfGetFPS pid:28658 fps:90
04-11 03:30:36.549  3052  3109 V WindowManagerShell: Transition animation finished (aborted=false), notifying core (#7246) android.os.BinderProxy@80f43f@0
04-11 03:30:36.550  2387  2447 V WindowManager: Finish Transition (#7246): created at 04-11 03:30:35.850 collect-started=0.047ms request-sent=0.068ms started=4.955ms ready=79.378ms sent=125.337ms commit=71.686ms finished=699.838ms
04-11 03:30:36.551  2387  6751 E IPCThreadState: Binder transaction failure. id: 212820818, BR_*: 29189, error: -22 (Invalid argument)
04-11 03:30:36.551  2387  6751 W ActivityManager: pid 2387 system sent binder code 7 with flags 1 to frozen apps and got error -32
04-11 03:30:36.551  2387  6751 W WindowManager: Exception thrown during dispatchAppVisibility Window{a4259ee u0 com.swordfish.lemuroid.debug/com.swordfish.lemuroid.app.mobile.feature.game.GameActivity EXITING}
04-11 03:30:36.551  2387  6751 W WindowManager: android.os.DeadObjectException
04-11 03:30:36.551  2387  6751 W WindowManager: 	at android.os.BinderProxy.transactNative(Native Method)
04-11 03:30:36.551  2387  6751 W WindowManager: 	at android.os.BinderProxy.transact(BinderProxy.java:595)
04-11 03:30:36.551  2387  6751 W WindowManager: 	at android.view.IWindow$Stub$Proxy.dispatchAppVisibility(IWindow.java:573)
04-11 03:30:36.551  2387  6751 W WindowManager: 	at com.android.server.wm.WindowState.sendAppVisibilityToClients(WindowState.java:3348)
04-11 03:30:36.551  2387  6751 W WindowManager: 	at com.android.server.wm.WindowContainer.sendAppVisibilityToClients(WindowContainer.java:1344)
04-11 03:30:36.551  2387  6751 W WindowManager: 	at com.android.server.wm.WindowToken.setClientVisible(WindowToken.java:432)
04-11 03:30:36.551  2387  6751 W WindowManager: 	at com.android.server.wm.ActivityRecord.setClientVisible(ActivityRecord.java:7155)
04-11 03:30:36.551  2387  6751 W WindowManager: 	at com.android.server.wm.ActivityRecord.commitVisibility(ActivityRecord.java:5931)
04-11 03:30:36.551  2387  6751 W WindowManager: 	at com.android.server.wm.Transition.finishTransition(Transition.java:1424)
04-11 03:30:36.551  2387  6751 W WindowManager: 	at com.android.server.wm.TransitionController.finishTransition(TransitionController.java:1046)
04-11 03:30:36.551  2387  6751 W WindowManager: 	at com.android.server.wm.WindowOrganizerController.finishTransition(WindowOrganizerController.java:517)
04-11 03:30:36.551  2387  6751 W WindowManager: 	at android.window.IWindowOrganizerController$Stub.onTransact(IWindowOrganizerController.java:261)
04-11 03:30:36.551  2387  6751 W WindowManager: 	at com.android.server.wm.WindowOrganizerController.onTransact(WindowOrganizerController.java:244)
04-11 03:30:36.551  2387  6751 W WindowManager: 	at android.os.Binder.execTransactInternal(Binder.java:1447)
04-11 03:30:36.551  2387  6751 W WindowManager: 	at android.os.Binder.execTransact(Binder.java:1376)
04-11 03:30:36.551  2387  6751 W Process : Unable to open /proc/28658/status
04-11 03:30:36.553  2387  6751 E MTKBoostFramework: zengzm sAcquireFunc public int com.mediatek.powerhalwrapper.PowerHalWrapper.perfLockAcquire(int,int,int[])
04-11 03:30:36.553 24083 24290 D LooperExecutor: main execute: com.android.quickstep.TouchInteractionService$TISBinder$$ExternalSyntheticLambda2@291b00c
04-11 03:30:36.553  2387  6751 I mtkpower_client: perf_lock_acq, hdl:0, dur:100, num:12, pid:2387, tid:6751
04-11 03:30:36.553  2387  6751 I mtkpower_client: ret_hdl:434995
04-11 03:30:36.554  1763  1850 I libPowerHal: [perfLockAcq] idx:0 hdl:434995 hint:-1 pid:2387 tid:6751 duration:100 lock_user:system_server => ret_hdl:434995
04-11 03:30:36.554  1763  1850 I libPowerHal: [setClusterFreq] system_server set cpufreq[0] min:1000000 max:2000000 cpufreq[1] min:900000 max:2500000 
04-11 03:30:36.554  1763  1850 I libPowerHal: [setClusterFreq]  set cpu_ctrl cpufreq: 2000000 -1 2500000 -1 
04-11 03:30:36.554  1763  1850 I libPowerHal: [PE] system_server update cmd:1404300, param:1
04-11 03:30:36.555  1795  1888 I SurfaceFlinger: onHandleDestroyed: layerId=94782, name=fc526e2 ActivityRecordInputSink com.swordfish.lemuroid.debug/com.swordfish.lemuroid.app.mobile.feature.game.GameActivity#94782
04-11 03:30:36.557  3052  3109 V WindowManagerShell: Track 0 became idle
04-11 03:30:36.557  3052  3109 V WindowManagerShell: All active transition animations finished
04-11 03:30:36.564  1730  1800 I HfLooper: moto_sensor LIGHT_SENSOR_LIGHT_1 lux = 0.000000, timestamp = 870255972180554 
04-11 03:30:36.569  1795  1795 I SurfaceFlinger: onHandleDestroyed: layerId=94785, name=a4259ee com.swordfish.lemuroid.debug/com.swordfish.lemuroid.app.mobile.feature.game.GameActivity#94785
04-11 03:30:36.569  1795  1795 I SurfaceFlinger: onHandleDestroyed: layerId=94786, name=com.swordfish.lemuroid.debug/com.swordfish.lemuroid.app.mobile.feature.game.GameActivity#94786
04-11 03:30:36.569  1795  1795 I SurfaceFlinger: onHandleDestroyed: layerId=94801, name=Transition Root: ActivityRecord{88306605 u0 com.swordfish.lemuroid.debug/com.swordfish.lemuroid.app.mobile.feature.game.GameActivity t1501 f}}#94801
04-11 03:30:36.580  1795  1795 E BpTransactionCompletedListener: Failed to transact (-32)
04-11 03:30:36.580  1795  1795 E BpTransactionCompletedListener: Failed to transact (-32)
04-11 03:30:36.619 15791 15791 I eara_io@boost: [eara_io_boost] wl 0 , top 0 , req_r 0 , req_w 0 , top_r_sz_mb 0 , top_w_sz_mb 0 , reqc_rand 0
04-11 03:30:36.619 15791 15791 I eara_io@boost: [eara_io_boost] init_w_threshold_accu_mb 0 , init_w_threshold_accu_mb_prev 0 , perf_rsc_init_w_to_set 0
04-11 03:30:36.619 15791 15791 I eara_io@boost: [eara_io_boost] Light boost=0
04-11 03:30:36.647  1763  1850 I mtkpower@impl: [powerd_req] TIMER_MSG_PERF_LOCK_TIMEOUT hdl:434994
04-11 03:30:36.647  1763  1850 I libPowerHal: [perfLockRel] hdl:434994, idx:13
04-11 03:30:36.648  1763  1850 I libPowerHal: [PD] MTKPOWER_HINT_EXT_LAUNCH update cmd:1000000 param:-1
04-11 03:30:36.653  1763  1850 I mtkpower@impl: [powerd_req] TIMER_MSG_PERF_LOCK_TIMEOUT hdl:434995
04-11 03:30:36.653  1763  1850 I libPowerHal: [perfLockRel] hdl:434995, idx:0
04-11 03:30:36.653  1763  1850 I libPowerHal: [setClusterFreq]  set cpu_ctrl cpufreq: 2000000 -1 2500000 -1 
04-11 03:30:36.653  1763  1850 I libPowerHal: [PD] system_server update cmd:1404300 param:0
04-11 03:30:36.678  1730  1800 I HfLooper: moto_sensor LIGHT_SENSOR_LIGHT_1 lux = 0.000000, timestamp = 870256082165587 
04-11 03:30:36.719 15791 15791 I eara_io@boost: [eara_io_boost] wl 2 , top 0 , req_r 1 , req_w 0 , top_r_sz_mb 0 , top_w_sz_mb 0 , reqc_rand 0
04-11 03:30:36.719 15791 15791 I eara_io@boost: [eara_io_boost] init_w_threshold_accu_mb 0 , init_w_threshold_accu_mb_prev 0 , perf_rsc_init_w_to_set 0
04-11 03:30:36.719 15791 15791 I eara_io@boost: [eara_io_boost] Light boost=0
04-11 03:30:36.784  1730  1800 I HfLooper: moto_sensor LIGHT_SENSOR_LIGHT_1 lux = 0.000000, timestamp = 870256191632623 
04-11 03:30:36.840  1973  1973 W lbs_dbg_ext: Waited for hwservicemanager.ready for a second, waiting another...
04-11 03:30:36.840  1973  1973 W libc    : Access denied finding property "hwservicemanager.disabled"
04-11 03:30:36.840  1973  1973 W libc    : Access denied finding property "hwservicemanager.ready"
04-11 03:30:36.841  1973  1973 W libc    : Access denied finding property "hwservicemanager.ready"
04-11 03:30:36.895  1730  1800 I HfLooper: moto_sensor LIGHT_SENSOR_LIGHT_1 lux = 0.000000, timestamp = 870256302167319 
04-11 03:30:36.946  2387  2497 I AppsFilter: interaction: PackageSetting{a6a9b12 come.nanodata.armsx2.debug/10494} -> PackageSetting{52bfada com.swordfish.lemuroid.debug/10516} BLOCKED
04-11 03:30:36.946  2387  2497 I AppsFilter: interaction: PackageSetting{4284e0 com.oem.euiccpartnerapp/10250} -> PackageSetting{52bfada com.swordfish.lemuroid.debug/10516} BLOCKED
04-11 03:30:36.952  2387  2996 D ShortcutService: received package broadcast intent: Intent { act=android.intent.action.PACKAGE_CHANGED dat=package: flg=0x45000010 pkg=android (has extras) }
04-11 03:30:36.952  2387  2996 D ShortcutService: changing package: com.swordfish.lemuroid.debug userId=0
04-11 03:30:36.952  2387  2750 I RoleService: Granting default roles...
04-11 03:30:36.956  2387  2387 I TrafficStatsCollector: Receive intent: android.intent.action.PACKAGE_CHANGED
04-11 03:30:36.956  2387  2387 I TrafficStatsCollector: Not com.tmobile.echolocate.system, pkgName=com.swordfish.lemuroid.debug
04-11 03:30:36.958 14031 12133 I PermissionControllerServiceImpl: Updating user sensitive for uid 10516
04-11 03:30:36.959  2387  3201 E RoleControllerServiceImpl: Default/fallback role holder package doesn't qualify for the role, package: com.google.android.gms.supervision, role: android.app.role.SYSTEM_SUPERVISION, user: 0
04-11 03:30:36.962  2387  3201 W SignedPackage: Package doesn't have required signing certificate: com.google.android.apps.work.clouddpc
04-11 03:30:36.973  2387  3201 I Role    : com.google.android.gms not qualified for android.app.role.SYSTEM_DEPENDENCY_INSTALLER due to missing RequiredComponent{mIntentFilterData=IntentFilterData{mAction='android.content.pm.action.INSTALL_DEPENDENCY', mCategories='[]', mDataScheme='null', mDataType='null'}, mMinTargetSdkVersion=1, mFlags='0', mPermission='android.permission.BIND_DEPENDENCY_INSTALLER', mQueryFlags=0, mMetaData=[]}
04-11 03:30:36.973  2387  3201 E RoleControllerServiceImpl: Default/fallback role holder package doesn't qualify for the role, package: com.google.android.gms, role: android.app.role.SYSTEM_DEPENDENCY_INSTALLER, user: 0
04-11 03:30:36.976  2387  3201 W AppOpService: Ignored setUidMode call for runtime permission app op: uid = 10179, code = FINE_LOCATION, mode = allow, callingUid = 1000, oldMode = allow
04-11 03:30:36.987  2387  3201 W AppOpService: Ignored setUidMode call for runtime permission app op: uid = 10179, code = FINE_LOCATION, mode = allow, callingUid = 1000, oldMode = allow
04-11 03:30:37.004  1730  1800 I HfLooper: moto_sensor LIGHT_SENSOR_LIGHT_1 lux = 0.000000, timestamp = 870256411603396 
04-11 03:30:37.023  2387  2771 V AccessibilityManagerService: onUserStateChangedLocked for userId: 0, forceUpdate: false
04-11 03:30:37.024  2387  2771 W MagnificationConnectionManager: requestConnection duplicated request: connect=false, mConnectionState=DISCONNECTED
04-11 03:30:37.030  1719  3449 D AudioALSAStreamOut: standby(), flag 8
04-11 03:30:37.030  1719  3449 D AudioALSAStreamOut: standbyStreamOut(), halRequest 0, mDestroy 0, flag 8
04-11 03:30:37.030  1719  3449 D AudioALSAStreamOut: close_l(), flags 8
04-11 03:30:37.030  1719  3449 D AudioALSAStreamOut: closeWavDump(), flag 8, mBytesWavDumpWritten = 0, format = 3, channels = 2, sample_rate = 48000
04-11 03:30:37.032  1719  3449 D AudioALSAHardwareResourceManager: +stopOutputDeviceWithoutNotify(), mOutputDevices = 0x2, mStartOutputDevicesCount = 1
04-11 03:30:37.034  1719  3449 D AudioALSADeviceConfigManager: ApplyDeviceTurnoffSequenceByName(), DeviceName = ext_speaker_output descriptor->DeviceStatusCounter = 1, Ctlsize=2
04-11 03:30:37.035  1719  3449 D AudioALSADeviceConfigManager: ApplyDeviceTurnoffSequenceByName(), DeviceName = dual_speaker_output descriptor->DeviceStatusCounter = 1, Ctlsize=8
04-11 03:30:37.081  1719  3449 D AudioALSAHardwareResourceManager: motsp:speaker off,CloseSpeakerPath
04-11 03:30:37.081  1719  3449 D MotSpeakerHelper: Speaker OFF
04-11 03:30:37.081  1719  3449 E MotSpeakerHelper: Hardware speaker trim not supported
04-11 03:30:37.082  1719  3449 D AudioDspStreamManager: +stopDevice() Devices 0x2 mOutputDeviceCount 0x1
04-11 03:30:37.084  1719  3449 D WCNChipController: IsBTI2SSupport(), BTChipHWInterface() = 3, ret = 0
04-11 03:30:37.085  1719  3449 D AudioDspStreamManager: dataPassToCodec output_devices = 0x2 mAudioOutputFlags = 8 devicecount = 1 ret = 1
04-11 03:30:37.085  1719  3449 D AudioDspStreamManager: dataPasstoDspAfe output_devices = 0x2 Flags = 8 isUseAdspPlaybackTask = 1 ret = 1
04-11 03:30:37.085  1719  3449 D audio_messenger_ipi: hal send, task: 9, msg_id: 0x10, ack_type: 0, p1: 0x0, p2: 0x0
04-11 03:30:37.086  1719  3449 D AudioDspStreamManager: -triggerDsp task_scene = 9 data_type = 16
04-11 03:30:37.086  1719  3449 D AudioDspStreamManager: stopTasks_l() mDspStreamState = DSP_STREAM_STOP
04-11 03:30:37.086  1719  3449 D AudioDspStreamManager: -stopDevice() Devices 0x2
04-11 03:30:37.114  1719  3449 D AudioALSAPlaybackHandlerDsp: -closePcmDriver(), mPcm = 0x0
04-11 03:30:37.114  1719  3449 D audio_messenger_ipi: hal send, task: 13, msg_id: 0x16, ack_type: 1, p1: 0x0, p2: 0x0
04-11 03:30:37.114  1730  1800 I HfLooper: moto_sensor LIGHT_SENSOR_LIGHT_1 lux = 0.000000, timestamp = 870256522110179 
04-11 03:30:37.115  1719  3449 D aurisys_lib_manager: delete_aurisys_lib_manager(), manager 0xb4000074acaa4e90
04-11 03:30:37.116  1719  3449 D AudioALSAPlaybackHandlerBase: audiodumphal, CloseWAVDumpDSP() flag 8, task_scene = 13
04-11 03:30:37.116  1719  3449 D audio_messenger_ipi: audio_ipi_dma_cbk_deregister(), task 13
04-11 03:30:37.117  1719  3449 D AudioDspStreamManager: setDspRuntimeEn(), task_scene = 13, condition = 0
04-11 03:30:37.117  1719  3449 D AudioDspStreamManager: removePlaybackHandler() mDspMusicStreamState = DSP_STREAM_STOP
04-11 03:30:37.117  1719  3449 D AudioDspStreamManager: removePlaybackHandler() mOutputDeviceCount 0x0
04-11 03:30:37.122  1719  3449 D AudioALSADeviceConfigManager: ApplyDeviceTurnoffSequenceByName(), DeviceName = PLAYBACK11_TO_ADDA_DL descriptor->DeviceStatusCounter = 1, Ctlsize=4
04-11 03:30:37.122  1719  3449 D audio_messenger_ipi: hal send, task: 9, msg_id: 0x16, ack_type: 1, p1: 0x0, p2: 0x0
04-11 03:30:37.124  1719  3449 D aurisys_lib_manager: delete_aurisys_lib_manager(), manager 0xb4000074acaa2810
04-11 03:30:37.124  1719  3449 D audio_messenger_ipi: audio_ipi_dma_cbk_deregister(), task 9
04-11 03:30:37.125  1719  3449 D AudioALSAPlaybackHandlerBase: ClosePCMDumpDSP() flag 8, task_scene = 9
04-11 03:30:37.125  1719  3449 D AudioDspStreamManager: -closePlaybackTask(), mDspTaskPlaybackActive = 0, mPlaybackUlPcm = 0x0 mPlaybackDlPcm = 0x0, mDspPcm = 0x0
04-11 03:30:37.125  1719  3449 D AudioALSAHardwareResourceManager: notifyOutputDeviceStatusChange(), device = 2, status = 1, sampleRate = 0, mOpenSpeakerPathCount = 0
04-11 03:30:37.126  1719  3449 D AudioALSAStreamManager: speakerStatusChangeCb(), status = 1, sampleRate = 0
04-11 03:30:37.126  1719  3449 D AudioALSAVoiceWakeUpController: updateSpeakerPlaybackStatus(), isSpeakerPlaying = 0
04-11 03:30:37.126  1719  3449 D audio_messenger_ipi: audio_ipi_dma_cbk_deregister(), task 8
04-11 03:30:37.127  1719  3449 D AudioALSAPlaybackHandlerBase: closeWavDump()
04-11 03:30:37.127  1719  3449 D AudioALSAPlaybackHandlerBase: closeWavDump(), flag 8, mBytesWavDumpWritten = 0, format = 3, channels = 2, sample_rate = 48000
04-11 03:30:37.127  1719  3449 D AudioALSAPlaybackHandlerBase: ClosePCMDumpDSP() flag 8, task_scene = 8
04-11 03:30:37.127  1719  3449 D AudioUtility: ~AudioThrottleTimeControl()
04-11 03:30:37.128  1719  3449 D AudioALSAPlaybackHandlerDsp: -close(), flag 0x8, mDevice = 0x2
04-11 03:30:37.128  1719  3449 D AudioUtility: power_hal_hint - custPowerHint 38, data 0
04-11 03:30:37.129  1719  3449 D AudioALSAPlaybackHandlerDsp: ~AudioALSAPlaybackHandlerDsp()
04-11 03:30:37.129  1719  3449 D AudioALSAStreamManager: routingOutputDeviceForIEMs()
04-11 03:30:37.130  1719  3449 D AudioIEMsController: routing(+), cur out 0x0 in 0x0, hs 0, bt 0, usb 0, device 0x2, mask 0x1, on 0
04-11 03:30:37.130  1719  3449 D AudioIEMsController: routing(-), cur out 0x0 in 0x0
04-11 03:30:37.131  2387 20500 D PowerManagerService: nativeReleaseSuspendBlocker name:PowerManagerService.WakeLocks duration ms: 1
04-11 03:30:37.140  1763  1850 I mtkpower@impl: [powerd_req] TIMER_MSG_PERF_LOCK_TIMEOUT hdl:434993
04-11 03:30:37.140  1763  1850 I libPowerHal: [perfLockRel] hdl:434993, idx:12
04-11 03:30:37.140  1763  1850 I libPowerHal: [setClusterFreq]  set cpu_ctrl cpufreq: -1 -1 -1 -1 
04-11 03:30:37.140  1763  1850 I libPowerHal: [PD] MTKPOWER_HINT_WHITELIST_LAUNCH update cmd:1404300 param:0
04-11 03:30:37.140  1763  1850 I libPowerHal: [PD] MTKPOWER_HINT_WHITELIST_LAUNCH update cmd:1408300 param:0
04-11 03:30:37.147 24083 24083 D LooperExecutor: launcher-loader execute: com.android.launcher3.LauncherModel$$ExternalSyntheticLambda8@f3cd55
04-11 03:30:37.148 24152 24152 W MotoFreeForm: [PackageMonitor] onPackageChangedcom.swordfish.lemuroid.debug
04-11 03:30:37.148 24083 24120 I PackageUpdatedTask: Packages updated: [com.swordfish.lemuroid.debug], mOp: 2, mUser: UserHandle{0}
04-11 03:30:37.148 24083 24120 D PackageUpdatedTask: Package updated: mOp=UPDATE packages=[com.swordfish.lemuroid.debug]
04-11 03:30:37.149 17951 18027 D e       : update package info UserHandle{0} com.swordfish.lemuroid.debug
04-11 03:30:37.149 24083 24120 I SQLiteCacheHelper: SqliteCacheHelper---->delete whereClause = componentName LIKE ? AND profileId = ?, whereArgs = com.swordfish.lemuroid.debug/%;0;
04-11 03:30:37.157 17951 18027 D e       : update package for search results 1
04-11 03:30:37.158 17951 18027 D g       : post data
04-11 03:30:37.191 24083 24120 W HWUI    : Image decoding logging dropped!
04-11 03:30:37.191 24083 24120 I IconProvider: getIcon color: 0, componentName: ComponentInfo{com.swordfish.lemuroid.debug/com.swordfish.lemuroid.app.mobile.feature.main.MainActivity}
04-11 03:30:37.209 24083 24120 D LooperExecutor: launcher-loader execute: com.android.launcher3.LauncherModel$$ExternalSyntheticLambda8@ae3cc0e
04-11 03:30:37.218  1795  1886 I SurfaceFlinger: setDesiredDisplayModeSpecs: calling_process=system_server
04-11 03:30:37.218  1795  1795 I SurfaceFlinger: setDesiredDisplayModeSpecs: policy={defaultModeId=0, allowGroupSwitching=false, primaryRanges={physical=[60.00 Hz, 120.00 Hz], render=[60.00 Hz, 60.00 Hz]}, appRequestRanges={physical=[0.00 Hz, 120.00 Hz], render=[0.00 Hz, 120.00 Hz]} idleScreenConfig=nullptr}
04-11 03:30:37.219  1795  1795 D SurfaceFlinger: setDesiredDisplayModeSpecs[{0, false, PR={p[60.00-120.00]Hz, r[60.00-60.00]Hz}, AR={p[0.00-120.00]Hz, r[0.00-120.00]Hz}}]: by process 2387 uid 1000 for display 4627039422300187648
04-11 03:30:37.219  1795  1795 I SurfaceFlinger: doPolicyValidationAndCorrection for Prim to {0, false, PR={p[60.00-120.00]Hz, r[60.00-60.00]Hz}, AR={p[0.00-120.00]Hz, r[0.00-120.00]Hz}} 
04-11 03:30:37.219  1795  1795 D RefreshRateSelector: constructAvailableRefreshRates: {defaultModeId=0, allowGroupSwitching=false, primaryRanges={physical=[60.00 Hz, 120.00 Hz], render=[60.00 Hz, 60.00 Hz]}, appRequestRanges={physical=[0.00 Hz, 120.00 Hz], render=[0.00 Hz, 120.00 Hz]} idleScreenConfig=nullptr} 
04-11 03:30:37.219  1795  1795 D RefreshRateSelector: primary render rates: {fps=60.00 Hz, modePtr={id=2, vsyncRate=60.00 Hz, peakRefreshRate=60.00 Hz}} , isVrrDevice? 0
04-11 03:30:37.219  1795  1795 D RefreshRateSelector: app request render rates: {fps=20.00 Hz, modePtr={id=2, vsyncRate=60.00 Hz, peakRefreshRate=60.00 Hz}} {fps=22.50 Hz, modePtr={id=1, vsyncRate=90.00 Hz, peakRefreshRate=90.00 Hz}} {fps=24.00 Hz, modePtr={id=0, vsyncRate=120.00 Hz, peakRefreshRate=120.00 Hz}} {fps=30.00 Hz, modePtr={id=2, vsyncRate=60.00 Hz, peakRefreshRate=60.00 Hz}} {fps=40.00 Hz, modePtr={id=0, vsyncRate=120.00 Hz, peakRefreshRate=120.00 Hz}} {fps=45.00 Hz, modePtr={id=1, vsyncRate=90.00 Hz, peakRefreshRate=90.00 Hz}} {fps=60.00 Hz, modePtr={id=2, vsyncRate=60.00 Hz, peakRefreshRate=60.00 Hz}} {fps=90.00 Hz, modePtr={id=1, vsyncRate=90.00 Hz, peakRefreshRate=90.00 Hz}} {fps=120.00 Hz, modePtr={id=0, vsyncRate=120.00 Hz, peakRefreshRate=120.00 Hz}} , isVrrDevice? 0
04-11 03:30:37.219  1795  1795 D RefreshRateSelector: full frame rates render rates: {fps=20.00 Hz, modePtr={id=2, vsyncRate=60.00 Hz, peakRefreshRate=60.00 Hz}} {fps=22.50 Hz, modePtr={id=1, vsyncRate=90.00 Hz, peakRefreshRate=90.00 Hz}} {fps=24.00 Hz, modePtr={id=0, vsyncRate=120.00 Hz, peakRefreshRate=120.00 Hz}} {fps=30.00 Hz, modePtr={id=2, vsyncRate=60.00 Hz, peakRefreshRate=60.00 Hz}} {fps=40.00 Hz, modePtr={id=0, vsyncRate=120.00 Hz, peakRefreshRate=120.00 Hz}} {fps=45.00 Hz, modePtr={id=1, vsyncRate=90.00 Hz, peakRefreshRate=90.00 Hz}} {fps=60.00 Hz, modePtr={id=2, vsyncRate=60.00 Hz, peakRefreshRate=60.00 Hz}} {fps=90.00 Hz, modePtr={id=1, vsyncRate=90.00 Hz, peakRefreshRate=90.00 Hz}} {fps=120.00 Hz, modePtr={id=0, vsyncRate=120.00 Hz, peakRefreshRate=120.00 Hz}} , isVrrDevice? 0
04-11 03:30:37.219  1795  1795 D RefreshRateSelector: Special render rates: 
04-11 03:30:37.219  1795  1795 D RefreshRateSelector: [0:0:0]: mTouchBoostRefreshRateAvailable=0, mScrollBoostRefreshRateAvailable=0, mTouchOnBlankNotBoostRefreshRateAvailable=0
04-11 03:30:37.219  1795  1795 I RefreshRateSelector: Display 4627039422300187648 policy changed
04-11 03:30:37.219  1795  1795 I RefreshRateSelector: Previous: {defaultModeId=0, allowGroupSwitching=false, primaryRanges={physical=[60.00 Hz, 120.00 Hz], render=[60.00 Hz, 90.00 Hz]}, appRequestRanges={physical=[0.00 Hz, 120.00 Hz], render=[0.00 Hz, 120.00 Hz]} idleScreenConfig=nullptr}
04-11 03:30:37.219  1795  1795 I RefreshRateSelector: Current:  DisplayManagerPolicy{defaultModeId=0, allowGroupSwitching=false, primaryRanges={physical=[60.00 Hz, 120.00 Hz], render=[60.00 Hz, 60.00 Hz]}, appRequestRanges={physical=[0.00 Hz, 120.00 Hz], render=[0.00 Hz, 120.00 Hz]} idleScreenConfig=nullptr}
04-11 03:30:37.219  1795  1795 I RefreshRateSelector: 1 mode changes were performed under the previous policy
04-11 03:30:37.220  1795  1795 D SurfaceFlinger: Setting desired display mode specs: {0, false, PR={p[60.00-120.00]Hz, r[60.00-60.00]Hz}, AR={p[0.00-120.00]Hz, r[0.00-120.00]Hz}} for display 4627039422300187648
04-11 03:30:37.220  1795  1795 I Scheduler: getPreferredDisplayMode: UpdateRefreshRate 90 to 60 of group 0: [touch=1 scroll=0 idle=1 prr=0 brightnessDiming=0] for display 4627039422300187648
04-11 03:30:37.220  1795  1795 I SurfaceFlinger: Switching to Scheduler preferred mode 2 (60.00 Hz) for display 4627039422300187648
04-11 03:30:37.220  1795  1795 D DisplayModeController: setDesiredMode 4627039422300187648 {mode={fps=60.00 Hz, modePtr={id=2, vsyncRate=60.00 Hz, peakRefreshRate=60.00 Hz}}, emitEvent=true, force=false}
04-11 03:30:37.220  1795  1795 D Scheduler: MtkOverrideDuration: update vsync 60
04-11 03:30:37.220  1795  1795 D Scheduler: MtkOverrideDuration: reset override duration
04-11 03:30:37.220  1795  1795 I PowerHalWrapper: updateFps(): 60
04-11 03:30:37.222  1795  1795 I SurfaceFlinger: initiateDisplayModeChanges changing active mode from 1(90.00 Hz:0) to 2(60.00 Hz:0) for display 4627039422300187648
04-11 03:30:37.222  1726  1754 I hwcomposer: [HWCDisplay] (0) setActiveConfigWithConstraints config:2  
04-11 03:30:37.222  1726  1754 I hwcomposer: [HWCDisplay] setActiveConfigWithConstraints(), now 452484240110430, diff 277615, estimated_applied_time 11111111 queued_size:0  
04-11 03:30:37.222  1795  1795 I SurfaceFlinger: initiateDisplayModeChanges active mode changed to 2(60.00 Hz) for display 4627039422300187648. mBrightnessDimingCnt=0
04-11 03:30:37.223  1795  1886 D VSyncReactor: 4627039422300187648: confirming period 11->16(cnt1)
04-11 03:30:37.226  1730  1800 I HfLooper: moto_sensor LIGHT_SENSOR_LIGHT_1 lux = 0.000000, timestamp = 870256632183986 
04-11 03:30:37.228  1795  1886 I SurfaceFlinger: onHandleDestroyed: layerId=94735, name=Transition Root: Task=1#94735
04-11 03:30:37.229 24083 24120 D LooperExecutor: main execute: com.android.launcher3.model.ModelTaskController$scheduleCallbackTask$1@92ee941
04-11 03:30:37.230 24083 24120 D LooperExecutor: main execute: java.util.concurrent.FutureTask@d514ee6[Not completed]
04-11 03:30:37.231 24083 24120 D LooperExecutor: main execute: com.android.launcher3.model.ModelTaskController$scheduleCallbackTask$1@d8cdc27
04-11 03:30:37.231 24083 24120 D LooperExecutor: main execute: com.android.launcher3.model.ModelTaskController$scheduleCallbackTask$1@d37ced4
04-11 03:30:37.231 24083 24120 D LooperExecutor: main execute: com.android.launcher3.model.ModelTaskController$scheduleCallbackTask$1@dbfd87d
04-11 03:30:37.232 24083 24083 W CastSearchBar: Created new packageContext: java.lang.ref.WeakReference@b013d96 for package: com.motorola.smartfeed
04-11 03:30:37.232 24083 24083 W CastSearchBar: Package resources not found: com.motorola.smartfeed, or bgRes is empty
04-11 03:30:37.232  1795  1795 I PowerHalWrapper: updateFps(): 60
04-11 03:30:37.232  1795  1795 D SurfaceFlinger: finalizeDisplayModeChange: display size = 1
04-11 03:30:37.232  1795  1795 I PowerHalWrapper: mEnableMultiDisplayMode enable=0 fps=60
04-11 03:30:37.232  1795  1795 I mtkpower_client: PowerHal_Wrap_EnableMultiDisplayMode, enable:0 fps:60 CurMultiDisplayMode:-1
04-11 03:30:37.232 24083 24083 W CastSearchBar: Package resources not found: com.motorola.smartfeed, or bgColorRes is empty
04-11 03:30:37.233  2387  2451 I DisplayDeviceRepository: Display device changed render timings: "Tela integrada", renderFrameRate=60.000004, presentationDeadlineNanos=24000000, appVsyncOffsetNanos=9777779, frameRateOverrides=[]
04-11 03:30:37.234  1726  3780 I hwcomposer: [HWCDisplay] updateAppliedConfigState: applied config complete[idx:23486, config:2]  
04-11 03:30:37.234  1795  1795 I SurfaceFlinger: initiateDisplayModeChanges changing active mode from 2(60.00 Hz:0) to 2(60.00 Hz:0) for display 4627039422300187648
04-11 03:30:37.234  1795  1795 I PowerHalWrapper: updateFps(): 60
04-11 03:30:37.234  2387  2448 D WindowManager: DeferredDisplayUpdater: partially applying DisplayInfo(1220 x 2712) immediately
04-11 03:30:37.239  4650  4650 I MotoDesktopLog: [ R4DisplayService ] - getFoldType, mFoldType0
04-11 03:30:37.239  4650  4650 I MotoDesktopLog: [ FS_ScreenSizeManager ] - [Display] Changed display: 0
04-11 03:30:37.239  4650  4650 I MotoDesktopLog: [ FS_ScreenSizeManager ] - [Display] Current activity display id: null
04-11 03:30:37.240  4650  4650 I MotoDesktopLog: [ FS_ScreenSizeManager ] - [Logic] Retrieved display info: LogicDisplayInfo(width=1220, height=2712, orientation=1, rotation=0, displayId=0)
04-11 03:30:37.240  4650  4650 I MotoDesktopLog: [ FS_ScreenSizeManager ] - [Display] New logical size: 1220x2712
04-11 03:30:37.240  4650  4650 I MotoDesktopLog: [ FS_ScreenSizeManager ] - [Display] Screen width unchanged: 1220
04-11 03:30:37.241 24083 24083 W CastSearchBar: Package resources not found: com.motorola.smartfeed, or hintColorRes is empty
04-11 03:30:37.243 24083 24083 D StatsLog: LAUNCHER_ALLAPPS_COUNT
04-11 03:30:37.243 24083 24083 D LooperExecutor: launcher-loader execute: com.android.quickstep.logging.StatsLogCompatManager$StatsCompatLogger$$ExternalSyntheticLambda5@a5cdaed
04-11 03:30:37.244  1795  1886 D VSyncReactor: 4627039422300187648: period 16 confirmed(cnt2)
04-11 03:30:37.249 24083 24083 D LooperExecutor: main execute: com.android.launcher3.util.CancellableTask$cancel$1@39e73b3
04-11 03:30:37.263 24083 24232 D LooperExecutor: main execute: com.android.launcher3.util.CancellableTask$run$1@d407294
04-11 03:30:37.336  1730  1800 I HfLooper: moto_sensor LIGHT_SENSOR_LIGHT_1 lux = 0.000000, timestamp = 870256742169549 
04-11 03:30:37.447  1730  1800 I HfLooper: moto_sensor LIGHT_SENSOR_LIGHT_1 lux = 0.000000, timestamp = 870256852154790 
04-11 03:30:37.453 30475 22630 E MFL     : PlayStoreAppInfo - Exception HTTP error fetching URL. Status=404, URL=[https://play.google.com/store/apps/details?id=com.swordfish.lemuroid.debug] for com.swordfish.lemuroid.debug
04-11 03:30:37.539  1759  1823 I libPerfCtl: xgfGetFPS pid:3052 fps:-1
04-11 03:30:37.539  1759  1823 I libPerfCtl: xgfGetFPS pid:27769 fps:-1
04-11 03:30:37.539  1759  1823 I libPerfCtl: xgfGetFPS pid:28658 fps:90
04-11 03:30:37.556  1730  1800 I HfLooper: moto_sensor LIGHT_SENSOR_LIGHT_1 lux = 0.000000, timestamp = 870256962170579 
04-11 03:30:37.638  3858  4022 I frs     : read temp 28766 from BACK_TEMP
04-11 03:30:37.639  3858  4022 I mtkpower_client: perf_lock_rel, hdl:434977, tid:4022
04-11 03:30:37.642  1763  1850 I mtkpower@impl: [powerd_req] TIMER_MSG_PERF_LOCK_TIMEOUT hdl:434979
04-11 03:30:37.642  3858  4022 I mtkpower_client: perf_lock_acq, hdl:0, dur:0, num:2, pid:3858, tid:4022
04-11 03:30:37.642  1763  1850 I libPowerHal: [perfLockRel] hdl:434979, idx:11
04-11 03:30:37.642  1763  1850 I libPowerHal: [PD] touch_boost update cmd:3409100, param:0
04-11 03:30:37.643  1763  1850 I libPowerHal: [PD] touch_boost update cmd:3409200, param:-1
04-11 03:30:37.646  1763  1850 I libPowerHal: [perfLockRel] hdl:434977, idx:3
04-11 03:30:37.647  1763  1850 I libPowerHal: [PD] frs update cmd:3018400, param:-1
04-11 03:30:37.652  3858  4022 I mtkpower_client: ret_hdl:434996
04-11 03:30:37.653  1763  1850 I libPowerHal: [perfLockAcq] idx:0 hdl:434996 hint:-1 pid:3858 tid:4022 duration:0 lock_user:frs => ret_hdl:434996
04-11 03:30:37.653  1763  1850 I libPowerHal: [PE] frs update cmd:3018400, param:54100
04-11 03:30:37.661  2014  2371 D ULogGuard: Monitoring: 16 threads, 0 requests, 0 time-bombs; 2 guards. ResetFlags = 0x7
04-11 03:30:37.666  1730  1800 I HfLooper: moto_sensor LIGHT_SENSOR_LIGHT_1 lux = 0.000000, timestamp = 870257072155834 
04-11 03:30:37.780  1730  1800 I HfLooper: moto_sensor LIGHT_SENSOR_LIGHT_1 lux = 0.000000, timestamp = 870257182171871 
04-11 03:30:37.841  1973  1973 W lbs_dbg_ext: Waited for hwservicemanager.ready for a second, waiting another...
04-11 03:30:37.842  1973  1973 W libc    : Access denied finding property "hwservicemanager.disabled"
04-11 03:30:37.842  1973  1973 W libc    : Access denied finding property "hwservicemanager.ready"
